Cold Call deals missing a +91 mobile (excl. Indonesia): 98 | credits=327
  OK   Shobit Gupta The Modern Data Company    -> +919893343089
  --   Ishpreet Soo Startup                    no number found
  --   Shobit Gupta Rippling                   no number found
  OK   Shobit Gupta Paytm                      -> +919874983980
  OK   Ishpreet Soo Sarvam                     -> +917927560447
  OK   Ishpreet Soo HighLevel                  -> +919509509750
  OK   Shobit Gupta Headout                    -> +919916685393
  --   Yash Wani    Poojitha Rachuri           no number found
  --   Yash Wani    Nisarg Pandya              no number found
  OK   Yash Wani    Nitesh Sethi               -> +919899972292
  --   Yash Wani    Sumaer Jolly               no number found
  OK   Yash Wani    Manoj Mohan                -> +918527645858
  OK   Yash Wani    Sathish KS                 -> +919886168166
  --   Yash Wani    Shaurya Negi               no number found
  --   Yash Wani    Amitha Gopidi              no number found
  --   Yash Wani    Vamsi Bandaru              no number found
  --   Yash Wani    Suresh Pattar              no number found
  OK   Yash Wani    Harsha P.                  -> +919901233733
  --   Yash Wani    Garvitraj Pandey           no number found
  --   Yash Wani    Kamal Nayan                no number found
  --   Yash Wani    Taresh Batra               no number found
  --   Yash Wani    Aman Agarwal               no number found
  --   Yash Wani    Nikita Shah                no number found
  OK   Yash Wani    Ajay Raj Singh S.          -> +916350128728
  --   Yash Wani    Mohit Singh                no number found
  --   Yash Wani    Sejal Khanna               no number found
  --   Yash Wani    Yashwant Raju              no number found
  OK   Yash Wani    Asif Mohamed               -> +918041135460
  --   Yash Wani    Bharathraj R               no number found
  --   Yash Wani    Mohit Uniyal               no number found
  --   Yash Wani    Rohith S                   no number found
  --   Yash Wani    Dr. Aajiinkya Pawar        no number found
  --   Yash Wani    Melvin George              no number found
  --   Yash Wani    Shoaib Shama               no number found
  --   Yash Wani    Sudhanshu Pandey           no number found
  OK   Yash Wani    Ramesh C                   -> +919677264603
  OK   Yash Wani    Pankaj Garg                -> +915122036598
  --   Yash Wani    Venkatesh Babu Dargah      no number found
  --   Yash Wani    Vijaya Sagar Vinnakota     no number found
  --   Yash Wani    Suraj R                    no number found
  --   Yash Wani    Dikshita Basu              no number found
  OK   Yash Wani    Sunny Shah                 -> +917927560447
  OK   Yash Wani    Sunil P.                   -> +919849024161
  --   Yash Wani    Nikita .                   no number found
  OK   Yash Wani    Som Dutta                  -> +918451845292
  --   Yash Wani    NIKHIL MEGHANI             no number found
  --   Yash Wani    Yuvraj Adhikari            no number found
  --   Yash Wani    Raghu A.                   no number found
  OK   Yash Wani    Nagendra Subramanya        -> +919448044220
  --   Yash Wani    Prashanth Gopalabhatla     no number found
  --   Yash Wani    Zonunfeli Ralte            no number found
  OK   Yash Wani    Dr. Vinayaka Jyothi        -> +916364153652
  --   Yash Wani    Dyutima Anand              no number found
  --   Yash Wani    Ujjwal Kumar Sittu         no number found
  --   Yash Wani    Abhinav Chaudhary          no number found
  OK   Yash Wani    Manish Sharma              -> +919099964028
  --   Yash Wani    Gouresh Ramrakhyani        no number found
  --   Yash Wani    Gurumallesha K.            no number found
  --   Yash Wani    Swadesh Kumar              no number found
  --   Yash Wani    Chetanya Rastogi           no number found
  --   Ishpreet Soo Giftiicon                  no number found
  --   Shobit Gupta SoleSearch                 no number found
  --   Ishpreet Soo TagHive                    no number found
  --   Ishpreet Soo Telematica                 no number found
  OK   Ishpreet Soo Sorted AI                  -> +919599838299
  --   Ishpreet Soo Cinqo                      no number found
  --   Ishpreet Soo Zeda                       no number found
  --   Shobit Gupta Coupl                      no number found
  --   Shobit Gupta Kisanwala                  no number found
  OK   Ashish Ranja EsportsXO                  -> +919873060792
  --   Ashish Ranja Davos                      no number found
  --   Ashish Ranja IKIGAI                     no number found
  OK   Shobit Gupta AlgoBulls                  -> +918291474939
  --   Shobit Gupta Gobasco                    no number found
  --   Ishpreet Soo Stealth FinTech Startup    no number found
  --   Ishpreet Soo Keus Smart Home            no number found
  --   Ishpreet Soo Samdoo                     no number found
  --   Ishpreet Soo Siemens Digital Industries no number found
  --   Ishpreet Soo Rechitta                   no number found
  --   Ishpreet Soo Uber                       no number found
  --   Ishpreet Soo Stymin-Department of Merge no number found
  --   Ishpreet Soo Bask Health                no number found
  --   Ishpreet Soo Shell                      no number found
  --   Ishpreet Soo Accenture                  no number found
  --   Ishpreet Soo Wheebox ETS                no number found
  --   Ishpreet Soo Graviton Research Capital  no number found
  --   Ishpreet Soo Anand Rathi Share and Stoc no number found
  --   Ishpreet Soo Primus Partners Pvt Ltd    no number found
  --   Ishpreet Soo Advith Sharma              no number found
  --   Ishpreet Soo AMAN Consultancy and Techn no number found
  --   Ishpreet Soo Electric Sheep             no number found
  --   Ishpreet Soo Lanesurf                   no number found
  --   Ishpreet Soo WinZO                      no number found
  --   Ishpreet Soo No|Code Enthusiast | Softw no number found
  --   Ishpreet Soo Pi42                       no number found
  --   Ishpreet Soo IBM                        no number found
  --   Ishpreet Soo Amazon                     no number found
  --   Ishpreet Soo JPMorganChase              no number found

fixed 22 | still missing 76 | credits 327 -> 319 (used 8)
