### ISHPREET -> 70 (46 more)
pool: 300 net-new clean codebase targets | pushing 46 to Ishpreet Sood | dry=False
  PUSHED Synapsica              cb= 88 deal=339366654651 owner=Ishpreet Sood | Cherian Dr         +919013234161   info@synapsica.com
  PUSHED Ci4                    cb= 88 deal=339325556466 owner=Ishpreet Sood | Sanketh Huddar     +918951061399   ad@ci4.com
  PUSHED ENSUREDIT              cb= 88 deal=339341459175 owner=Ishpreet Sood | Rohit Sadhu        +917799004320   amit@ensuredit.com
  skip (not ready): Koinex                     dom=True founder=False trusted_contact=False (raw ph=[] em=[])
  skip (not ready): IndyFint                   dom=True founder=False trusted_contact=False (raw ph=[] em=[])
  skip (not ready): SuperBeings                dom=True founder=False trusted_contact=False (raw ph=[] em=[])
  skip (not ready): CogniSaaS                  dom=True founder=True trusted_contact=False (raw ph=[] em=['shravin10@gmail.com'])
  PUSHED Telyport               cb= 82 deal=339274910397 owner=Ishpreet Sood | Manoj Raju         +912813098162   manoj@telyport.com
  PUSHED Chqbook                cb= 82 deal=339348439751 owner=Ishpreet Sood | Vipul Sharma       +919953909980   care@chqbook.com
  PUSHED Hypto                  cb= 82 deal=339318247146 owner=Ishpreet Sood | Tholkappiyan Velav +916383940192   jobs@hypto.in
  PUSHED LikeMinds              cb= 82 deal=339253000928 owner=Ishpreet Sood | Natesh Relhan      +919953979702   nipun.goyal@likeminds.community
  PUSHED Crib                   cb= 82 deal=339221921507 owner=Ishpreet Sood | Sunny Garg         +919942000500   sunny@crib.in
  PUSHED CashBook               cb= 82 deal=339227368122 owner=Ishpreet Sood | Ashutosh Pathak    +919315105033   ashutosh@cashbookapp.in
  PUSHED Ingenium               cb= 82 deal=339274910408 owner=Ishpreet Sood | Mohit Patel        +917060334625   mohit@ingeniumedu.com
  PUSHED NWORX                  cb= 82 deal=339318247147 owner=Ishpreet Sood | Hariraj Vijayakuma +918971433559   reuben@nworx.ai
  PUSHED Dhiway                 cb= 82 deal=339276635847 owner=Ishpreet Sood | Sreevidya Satish   +919535454321   sreevidya@dhiway.com
  PUSHED Refrens                cb= 82 deal=339322029767 owner=Ishpreet Sood | Mohit Jain         +918793331684   mohit@refrens.com
  PUSHED Zappyhire              cb= 82 deal=339390784240 owner=Ishpreet Sood | Deepu Xavier       +919901276899   jyothis@zappyhire.com
  PUSHED Totality Corp          cb= 82 deal=339288971984 owner=Ishpreet Sood | Anshul Rustaggi    +919899367337   ar@totalitycorp.com
  PUSHED PayKun                 cb= 82 deal=339278357218 owner=Ishpreet Sood | Nirav Solanki      +919824011885   nirav@paykun.com
  PUSHED TagHive                cb= 82 deal=339202217666 owner=Ishpreet Sood | Pankaj Agarwal     -               pankaj@tag-hive.com
  PUSHED Craze                  cb= 82 deal=339381778155 owner=Ishpreet Sood | Kabir Nagral       +919833015059   kabir@crazehq.com
  PUSHED Questt                 cb= 82 deal=339370140403 owner=Ishpreet Sood | Mohsin M           +919654296394   mohsin@questt.com
  PUSHED Telematica             cb= 80 deal=339378386646 owner=Ishpreet Sood | Gene Smith         -               founders@telematica.so
  PUSHED Rizort                 cb= 76 deal=339281906393 owner=Ishpreet Sood | Puneet Mahindroo   +916591070450   puneet.mahindroo@gmail.com
  skip (not ready): Banyan                     dom=True founder=True trusted_contact=False (raw ph=[] em=['rahul@slickbit.com'])
  PUSHED DcodeAI                cb= 76 deal=339258838739 owner=Ishpreet Sood | Ashish Aggarwal    +918527483230   ashish.aggarwal@dcodeai.com
  PUSHED Cosmic Payments        cb= 76 deal=339253001935 owner=Ishpreet Sood | Aditya Agarwal     +919987519721   aditya2302@gmail.com
  PUSHED Retail Pulse           cb= 76 deal=339262339772 owner=Ishpreet Sood | Kiran Babu Akurath +919848002448   info@retailpulse.ai
  PUSHED Sorted AI              cb= 76 deal=339274910419 owner=Ishpreet Sood | Tamanjit Bindra    -               gandhi@sortedai.com
  PUSHED CREDmitra              cb= 76 deal=339325557456 owner=Ishpreet Sood | Samved Bharadwaj   +918080338810   samved@credmitra.com
  PUSHED SiCureMi               cb= 76 deal=339341460168 owner=Ishpreet Sood | Know Your Prescrip +918527462391   care@sicuremi.com
  PUSHED Jumbaya                cb= 76 deal=339360610037 owner=Ishpreet Sood | Shreya Sarda       +919920337899   ss@jumbaya.com
  PUSHED Fix Health             cb= 76 deal=339221921526 owner=Ishpreet Sood | Sheetal Mundhada   +917737485915   people@fixhealth.com
  PUSHED LightSpeedAI Labs      cb= 76 deal=339191434981 owner=Ishpreet Sood | Ramana V Pamidigha +919912712179   contact@lightspeedai.com
  PUSHED StepSetGo              cb= 76 deal=339322029793 owner=Ishpreet Sood | Zaheer Khan        +918793639828   shivjeet@stepsetgo.com
  PUSHED Geekster               cb= 76 deal=339322029794 owner=Ishpreet Sood | Ankit Maggu        +919310142517   ankit@geekster.in
  PUSHED Cinqo                  cb= 76 deal=339220147933 owner=Ishpreet Sood | Mehdi Ben Abroug   -               info@cinqo.in
  skip (not ready): Rupee Circle               dom=True founder=False trusted_contact=False (raw ph=[] em=[])
  PUSHED Pepul                  cb= 76 deal=339220147934 owner=Ishpreet Sood | Suresh Kumar Gunas +918826030620   suresh@pepul.com
  PUSHED FrontPage              cb= 76 deal=339191434983 owner=Ishpreet Sood | Dinesh Reddy       +919900059697   avijit@front.page
  PUSHED EdgeGrid               cb= 76 deal=339352185547 owner=Ishpreet Sood | Vamsi T P          +914066933497   vamsi@edgegrid.com
  PUSHED OpeninApp              cb= 76 deal=339370141381 owner=Ishpreet Sood | Rahul Bhayana      +919654182422   support@openinapp.com
  PUSHED Converj                cb= 76 deal=339265955540 owner=Ishpreet Sood | Varghese Abraham   +919866994111   vabraham@converj.com
  skip (not ready): Oyeloans                   dom=True founder=False trusted_contact=False (raw ph=[] em=[])
  PUSHED TrashCon               cb= 76 deal=339366654705 owner=Ishpreet Sood | Saurabh Jain       +917676202606   saurabh.j@trashcon.in
  PUSHED Indium Finance         cb= 76 deal=339227368145 owner=Ishpreet Sood | Usha Balaraman     +918657963810   contactus@indiumfinance.com
  PUSHED ClanConnect            cb= 76 deal=339202217687 owner=Ishpreet Sood | Sagar Pushp        +919324118999   anshai@clanconnect.ai
  PUSHED Zeda                   cb= 74 deal=339310173885 owner=Ishpreet Sood | Quinn Zeda         -               support@zeda.io
  skip (not ready): Slang Labs                 dom=True founder=False trusted_contact=False (raw ph=[] em=[])
  PUSHED Rooba Finance          cb= 74 deal=339390786286 owner=Ishpreet Sood | Arjun Khazanchi    +918130310333   hello@rooba.finance
  PUSHED Xuriti                 cb= 74 deal=339390786287 owner=Ishpreet Sood | Vikas Shah         +917676030620   anand@xuriti.com
  PUSHED AltWorld               cb= 74 deal=339366655675 owner=Ishpreet Sood | Subham Kumar Bound +918172954440   subham@altworld.in
  skip (not ready): Cuecent RETINA             dom=True founder=True trusted_contact=False (raw ph=[] em=[])
  skip (not ready): Fyp Money                  dom=True founder=True trusted_contact=False (raw ph=[] em=['kapilbanwari14@gmail.com'])
  PUSHED Convosight             cb= 74 deal=339276635868 owner=Ishpreet Sood | Tarun Dhamija      +919560812292   tarun@convosight.com

PUSHED: 46 to Ishpreet Sood
### SHOBIT -> 20 (13 more)
pool: 267 net-new clean codebase targets | pushing 13 to Shobit Gupta | dry=False
  skip (not ready): Koinex                     dom=True founder=False trusted_contact=False (raw ph=[] em=[])
  skip (not ready): IndyFint                   dom=True founder=False trusted_contact=False (raw ph=[] em=[])
  skip (not ready): SuperBeings                dom=True founder=False trusted_contact=False (raw ph=[] em=[])
  skip (not ready): CogniSaaS                  dom=True founder=True trusted_contact=False (raw ph=[] em=['shravin10@gmail.com'])
  PUSHED Savart                 cb= 82 deal=339350244038 owner=Shobit Gupta | Sankarsh Chanda    +919052012250   sankarsh@savart.com
  skip (not ready): Banyan                     dom=True founder=True trusted_contact=False (raw ph=[] em=['rahul@slickbit.com'])
  skip (not ready): Rupee Circle               dom=True founder=False trusted_contact=False (raw ph=[] em=[])
  skip (not ready): Oyeloans                   dom=True founder=False trusted_contact=False (raw ph=[] em=[])
  PUSHED Galaxycard             cb= 76 deal=339379982070 owner=Shobit Gupta | Gunjeet Singh      +918266005310   gunjeet.singh@galaxycard.in
  skip (not ready): Slang Labs                 dom=True founder=False trusted_contact=False (raw ph=[] em=[])
  skip (not ready): Cuecent RETINA             dom=True founder=True trusted_contact=False (raw ph=[] em=[])
  skip (not ready): Fyp Money                  dom=True founder=True trusted_contact=False (raw ph=[] em=['kapilbanwari14@gmail.com'])
  PUSHED BillMart               cb= 74 deal=339350244043 owner=Shobit Gupta | Jigish Sonagara    +919867018368   team@billmart.com
  skip (not ready): Egregore Labs              dom=True founder=True trusted_contact=False (raw ph=[] em=[])
  PUSHED Finbingo               cb= 74 deal=339360611032 owner=Shobit Gupta | Samir Jayaswal     +912230981020   samir@finbingo.com
  PUSHED Baselit                cb= 74 deal=339258840794 owner=Shobit Gupta | Sahil Singla       +918920121441   sahil@baselit.ai
  PUSHED Humalect               cb= 74 deal=339357003453 owner=Shobit Gupta | Vishal Saugat      +919920735117   vishal@humalect.com
  PUSHED FifthTry               cb= 74 deal=339350244049 owner=Shobit Gupta | Amit Upadhyay      +919820295512   amitu@fifthtry.com
  PUSHED Theremin               cb= 74 deal=339202217695 owner=Shobit Gupta | Partha Sarathi Pah +919739483467   hemant.kothavade@theremin.ai
  skip (not ready): IntelCues                  dom=True founder=False trusted_contact=False (raw ph=[] em=[])
  PUSHED Coupl                  cb= 74 deal=339288972022 owner=Shobit Gupta | Kushagra Manglik   -               kushagra@coupl.money
  PUSHED Kisanwala              cb= 74 deal=339253002938 owner=Shobit Gupta | Suresh Alturi      -               suresh@kisanwala.com
  PUSHED Stupa Sports Analytics cb= 74 deal=339202217696 owner=Shobit Gupta | Megha Gambhir      +919711013993   meghagambhir@stupaanalytics.com
  PUSHED Saarthi Pedagogy       cb= 74 deal=339343161077 owner=Shobit Gupta | Vikram Singh       +918140031131   info@saarthipedagogy.com
  PUSHED Cosmofeed              cb= 74 deal=339341460203 owner=Shobit Gupta | Vivek Yadav        +918747968582   vivek@cosmofeed.com

PUSHED: 13 to Shobit Gupta
### ASHISH -> 10 (7 more)
pool: 261 net-new clean codebase targets | pushing 7 to Ashish Ranjan | dry=False
  skip (not ready): Koinex                     dom=True founder=False trusted_contact=False (raw ph=[] em=[])
  skip (not ready): IndyFint                   dom=True founder=False trusted_contact=False (raw ph=[] em=[])
  skip (not ready): SuperBeings                dom=True founder=False trusted_contact=False (raw ph=[] em=[])
  skip (not ready): CogniSaaS                  dom=True founder=True trusted_contact=False (raw ph=[] em=['shravin10@gmail.com'])
  skip (not ready): Banyan                     dom=True founder=True trusted_contact=False (raw ph=[] em=['rahul@slickbit.com'])
  skip (not ready): Rupee Circle               dom=True founder=False trusted_contact=False (raw ph=[] em=[])
  skip (not ready): Oyeloans                   dom=True founder=False trusted_contact=False (raw ph=[] em=[])
  skip (not ready): Slang Labs                 dom=True founder=False trusted_contact=False (raw ph=[] em=[])
  skip (not ready): Cuecent RETINA             dom=True founder=True trusted_contact=False (raw ph=[] em=[])
  skip (not ready): Fyp Money                  dom=True founder=True trusted_contact=False (raw ph=[] em=['kapilbanwari14@gmail.com'])
  skip (not ready): Egregore Labs              dom=True founder=True trusted_contact=False (raw ph=[] em=[])
  skip (not ready): IntelCues                  dom=True founder=False trusted_contact=False (raw ph=[] em=[])
  PUSHED EsportsXO              cb= 74 deal=339265955560 owner=Ashish Ranjan | Utsav Umang        -               vikas@esportsxo.gg
  PUSHED Luru                   cb= 74 deal=339341460211 owner=Ashish Ranjan | Karthik K          +914426225211   sanjeeth@luru.app
  PUSHED Mooving                cb= 74 deal=339281907395 owner=Ashish Ranjan | Vedant Khanna      +919839076888   khannavedant89@gmail.com
  PUSHED Breathe ESG            cb= 74 deal=339220149971 owner=Ashish Ranjan | Shaayak Chatterjee +918879291098   shaayak@breatheesg.com
  PUSHED Preimage               cb= 74 deal=339341460215 owner=Ashish Ranjan | Siddharth Jha      +917699087792   hello@preimage.ai
  PUSHED Davos                  cb= 74 deal=339281907400 owner=Ashish Ranjan | Julian Hayward     -               varun@davos.xyz
  PUSHED IKIGAI                 cb= 74 deal=339191435976 owner=Ashish Ranjan | Nyambura Gichohi   -               admin@ikigai.in

PUSHED: 7 to Ashish Ranjan
### BHANU -> 10
Traceback (most recent call last):
  File "C:\Users\naani\OneDrive\Desktop\hubspot\crm_mirror\enrich\push_distressed.py", line 249, in <module>
    main()
    ~~~~^^
  File "C:\Users\naani\OneDrive\Desktop\hubspot\crm_mirror\enrich\push_distressed.py", line 168, in main
    assert owner in OWNERS, f"owner must be one of {OWNERS}"
           ^^^^^^^^^^^^^^^
AssertionError: owner must be one of {'166322228': 'Ishpreet Sood', '166262056': 'Shobit Gupta', '166322218': 'Ashish Ranjan'}
### PRIORITY SEQUENCE COMPLETE
