  NEW Indo Aston Nugroho        -> Shobit G high   ph=-              deal=339202252503
  NEW Indo Sansan Fajrian       -> Shobit G high   ph=-              deal=339370180313
  NEW Indo David Susanto        -> Shobit G high   ph=-              deal=339341496036
  NEW Indi Ankit Goyal          -> Ishpreet medium ph=+917019922994  deal=339325593294
  NEW Indi Gowtham Lingadurai   -> Ishpreet medium ph=+919655549940  deal=339366691561
  NEW Indi Rohit Duseja         -> Ishpreet medium ph=-              deal=339318283979
  NEW Indi Pratyush Singh       -> Ishpreet medium ph=+919415126997  deal=339289010917
  NEW Indi Ankit Gupta          -> Ishpreet medium ph=+918886733776  deal=339350282958
  NEW Indi Arjun Sarath         -> Ishpreet medium ph=+918893895489  deal=339350282959
  NEW Indi Puneet Tiwari        -> Ishpreet medium ph=+919900589711  deal=339278403260
  NEW Indi Ayush Shivani        -> Ishpreet medium ph=-              deal=339191475904
  NEW Indi Jinu Thankachan   🇮🇳 -> Ishpreet medium ph=+917012379441  deal=339370180322
  NEW Indi Pritesh Bhole        -> Ishpreet medium ph=-              deal=339278403266
  NEW Indi Paresh Goyal         -> Ishpreet medium ph=+918765230104  deal=339289010931
  NEW Indi Muraleedharan Arjun  -> Ishpreet medium ph=+919400514487  deal=339227409128
  NEW Indi Deepak Mishra        -> Ishpreet medium ph=+919582197295  deal=339253043947
  NEW Indi Srikanth V.          -> Ishpreet medium ph=-              deal=339253043950
  NEW Indi Kuldeep Singh Chauha -> Ishpreet medium ph=+919775552375  deal=339348472546
  NEW Indi Advith Sharma        -> Ishpreet medium ph=-              deal=339283543789
  NEW Indi Fakabbir Amin        -> Ishpreet medium ph=-              deal=339289011958
  NEW Indi Sheena Dawar         -> Ishpreet medium ph=-              deal=339380023022
  NEW Indi Arvind Singh         -> Ishpreet medium ph=-              deal=339370180330
  NEW Indi Nishant Narvekar     -> Ishpreet medium ph=+916353544465  deal=339262376661
  NEW Indi Parag Shetgaonkar    -> Ishpreet medium ph=+919731755862  deal=339283543797
  NEW Indi Girish Krishnaiah    -> Ishpreet medium ph=+919886194120  deal=339202252536
  NEW Indi mohd waseem          -> Ishpreet medium ph=-              deal=339380023025
  NEW Indi Hrishikesh Kumar     -> Ishpreet medium ph=+917896172276  deal=339322072766
  NEW Indi Gaurav Goel          -> Ishpreet medium ph=+918527666017  deal=339278403283
  NEW Indi Anubhav Garg         -> Ishpreet medium ph=+919958125716  deal=339366692555
  NEW Indi ASUTOSH SAHOO        -> Ishpreet medium ph=+917894882763  deal=339348472553
  NEW Indi Kalahan Guntakala    -> Ishpreet medium ph=+917286072459  deal=339310206671
  NEW Indi Raj Jain             -> Ishpreet medium ph=+919818756923  deal=339220185819
  NEW Indi Singh K.             -> Ishpreet medium ph=+919329883200  deal=339289012929
  NEW Indi PAWAN KSHETRI        -> Ishpreet medium ph=-              deal=339276671730
  NEW Indi Keval Morabia        -> Ishpreet medium ph=+918485923995  deal=339348472556
  NEW Indi Ashish Ghai          -> Ishpreet medium ph=+919354568668  deal=339274946289
  NEW Indi Siddhartha Chatterje -> Ishpreet medium ph=-              deal=339191477982
  NEW Indi Anurag Maherchandani -> Ishpreet medium ph=+917829497087  deal=339380024001
  NEW Indi Praveen Kumar        -> Ishpreet medium ph=+919900580472  deal=339370182363
  NEW Indi Dr. Drijesh P.       -> Ishpreet medium ph=-              deal=339352221433
  NEW Indi Akshay Vohra         -> Ishpreet medium ph=+919620577736  deal=339366692572
  NEW Indi Shahid Rabbani       -> Ishpreet medium ph=+917490990585  deal=339366692573
  NEW Indi Sagar Anand          -> Ishpreet medium ph=-              deal=339191477988
  NEW Indi Sanket S. Shah       -> Ishpreet medium ph=-              deal=339283544770
  NEW Indi Sumit Agarwal        -> Ishpreet medium ph=+919717515805  deal=339276672702
  NEW Indi SAAGAR TELI          -> Ishpreet medium ph=+919136173939  deal=339253044935
  NEW Indi Kaustubh Dasgupta    -> Ishpreet medium ph=+918509425941  deal=339221959401
  NEW Indi Badal Singh          -> Ishpreet medium ph=+912066015559  deal=339341498050
  NEW Indi Amol Bhure           -> Ishpreet medium ph=+919740787525  deal=339323705075
  NEW Indi Mithun S             -> Ishpreet medium ph=+916366256689  deal=339318284986
  NEW Indi Krishna Swamy Jalla  -> Ishpreet medium ph=+919167797971  deal=339310206711
  NEW Indo Naufal Falah Abdurra -> Shobit G medium ph=-              deal=339352223471
  NEW Indo Krisna Satria Wijaya -> Shobit G medium ph=-              deal=339202253527
  NEW Indo M. Wahyu Indriyanto  -> Shobit G medium ph=-              deal=339258886883
  NEW Indo Agung Gunawan        -> Shobit G medium ph=-              deal=339341498063
  NEW Indo Anan Alfred  Carlos  -> Shobit G medium ph=-              deal=339281951455
  NEW Indo Muhammad Syafiq Izza -> Shobit G medium ph=-              deal=339370184408
  NEW Indo Medina Nurul Zahra   -> Shobit G medium ph=-              deal=339221959417
  NEW Indo Yusdi Saliman        -> Shobit G medium ph=-              deal=339318285006
  NEW Indo Mardeni Mihardi      -> Shobit G medium ph=-              deal=339380024040
  NEW Indo Mukhammad Fahlevi  A -> Shobit G medium ph=-              deal=339191478007

DONE engaged=209 | by bucket: {'Indonesia': 13, 'India': 48} | created=61 updated=0
