queue=725 | already pushed=0 | credits=318 | target={'Yuktha': 100, 'Lamiya': 100}
  --- Yuktha batch 1 ---
  [Yuktha 1] cb= 88 BridgeUp                   +919819660196 deal=340168680123
  --- Lamiya batch 1 ---
  [Lamiya 1] cb= 82 Rulezero                   +919845070241 deal=340136734432
  [Lamiya 2] cb= 82 MEDdelivery                +919772599597 deal=340168563414
  [Yuktha 2] cb= 82 Satyukt                    +918970699954 deal=340122885864
  [Yuktha 3] cb= 82 Gamitronics                +914067451515 deal=340168665828
  [Lamiya 3] cb= 82 YNOS                       +917358431740 deal=340168680141
  [Yuktha 4] cb= 82 Explorex                   +918123735334 deal=340080250607
  [Lamiya 4] cb= 82 Voxelgrids                 +918029517405 deal=339991874277
  [Yuktha 5] cb= 82 TraceX                     +919972524231 deal=340136734440
  [Lamiya 5] cb= 82 Skilancer Solar            +917683052185 deal=340168595155
  [Yuktha 6] cb= 82 AbleCredit                 +919036034519 deal=340104715998
  [Lamiya 6] cb= 82 Tranzmeo                   +914844033653 deal=340112224983
  [Yuktha 7] cb= 82 MarketWolf                 +917827646391 deal=340136734445
  [Lamiya 7] cb= 82 ORAI                       +919008001049 deal=339984642760
  [Yuktha 8] cb= 82 Clik                       +916464800503 deal=340168680150
  [Lamiya 8] cb= 82 BlockSurvey                +916032621359 deal=340188280506
  [Yuktha 9] cb= 82 Kredily                    +918047092620 deal=340122887899
  [Lamiya 9] cb= 82 PDRL                       +917770013231 deal=339991874296
  [Yuktha 10] cb= 82 Heliware                   +918860276349 deal=340168680155
  --- Yuktha batch 2 ---
  [Yuktha 11] cb= 80 Zocket                     +919962082121 deal=340117861059
  [Lamiya 10] cb= 80 Arficus                    +916377094144 deal=340104716014
  [Yuktha 12] cb= 80 factors.ai                 +912016693497 deal=340134940356
  --- Lamiya batch 2 ---
  [Lamiya 11] cb= 80 5C Network                 +919587274767 deal=340168666811
  [Yuktha 13] cb= 80 Xeeed IO                   +919985551216 deal=340168595170
  [Lamiya 12] cb= 80 NoPaperForms               +917303393119 deal=340186445509
  [Yuktha 14] cb= 80 Zeliot                     +918043720987 deal=340116063974
  [Lamiya 13] cb= 80 Fleetx                     +919266683222 deal=340188280523
  [Yuktha 15] cb= 80 Map My Crop                +919174143908 deal=340168628953
  [Lamiya 14] cb= 80 CredAble                   +912263256709 deal=340168563443
  [Yuktha 16] cb= 80 Enlite Research            +919967386353 deal=340188274387
  [Lamiya 15] cb= 80 Castler                    +919818918827 deal=340168628963
  [Yuktha 17] cb= 76 Shubu.ai                   +919830134316 deal=340116063988
  [Lamiya 16] cb= 76 Mojocare                   +917827206409 deal=340186445521
  [Yuktha 18] cb= 76 Logibricks                 +917888117803 deal=340095196861
  [Yuktha 19] cb= 76 LoanSimple                 +919871713175 deal=340112225984
  [Lamiya 17] cb= 76 Intoglo                    +919125926655 deal=340188274392
  [Yuktha 20] cb= 76 BLADE India                +918001025232 deal=339984642789
  [Lamiya 18] cb= 76 Intents Mobi               +919990011872 deal=340188280533
  --- Yuktha batch 3 ---
  [Yuktha 21] cb= 76 Switch Mobility            +919731194466 deal=340122888911
  [Lamiya 19] cb= 76 Coreyo                     +918069098909 deal=340136735427
  [Yuktha 22] cb= 76 Udbhata                    +919121004468 deal=340168656603
  [Lamiya 20] cb= 76 Localwell                  +917927702023 deal=340188274397
  [Yuktha 23] cb= 76 90+ My Tuition App         +917558899131 deal=340168644314
  --- Lamiya batch 3 ---
  [Lamiya 21] cb= 76 Alphaniti                  +919156393858 deal=340168682174
  [Yuktha 24] cb= 76 Health Basix               +917718108017 deal=340119839426
  [Lamiya 22] cb= 76 MicroGO                    +919445980651 deal=340188274405
  [Yuktha 25] cb= 76 LoanFront                  +918048126260 deal=340119839428
  [Lamiya 23] cb= 76 Artfine                    +919653179825 deal=340068413171
  [Yuktha 26] cb= 76 NeoDocs                    +916382002381 deal=339991875287
  [Lamiya 24] cb= 76 Kiko Live                  +912249648291 deal=340168667893
  [Yuktha 27] cb= 76 Terra.do                   +916503537777 deal=340168682181
  [Lamiya 25] cb= 76 AggrePay                   +919819202390 deal=340134942414
  [Yuktha 28] cb= 76 Focus Prism                +914224271008 deal=340116064970
  [Lamiya 26] cb= 76 White Oak                  +912262308009 deal=340166750937
  [Yuktha 29] cb= 76 Spare8                     +919920066129 deal=340122888943
  [Lamiya 27] cb= 76 FanPlay IoT                +918073933691 deal=340166750941
  [Yuktha 30] cb= 76 ShowroomB2B                +918318850684 deal=340116064979
  [Lamiya 28] cb= 74 82VOLT                     +919884813292 deal=340188274413
  --- Yuktha batch 4 ---
  [Yuktha 31] cb= 74 Density                    +919741067009 deal=340188282580
  [Lamiya 29] cb= 74 WhizHack                   +919899277762 deal=340168668863
  [Yuktha 32] cb= 74 Flux Auto                  +917372327181 deal=340188274419
  [Lamiya 30] cb= 74 Zorp                       +918088409089 deal=340104717014
  [Yuktha 33] cb= 74 NAKAD                      +919899259588 deal=340134942427
  --- Lamiya batch 4 ---
  [Lamiya 31] cb= 74 Instasell                  +919326901218 deal=340168668866
  [Yuktha 34] cb= 74 Hubble Money               +919500675201 deal=340117862130
  [Lamiya 32] cb= 74 Davinta                    +919972624909 deal=340168682200
  [Yuktha 35] cb= 74 TaxBuddy                   +912249711078 deal=339984643776
  [Lamiya 33] cb= 74 Zimyo                      +919311776272 deal=340080251631
  [Yuktha 36] cb= 74 Karbon                     +918003098379 deal=340188274422
  [Yuktha 37] cb= 74 Biva                       +919657520111 deal=340104717019
  [Lamiya 34] cb= 74 Algorithmic Biologics      +916366323051 deal=340168657599
  [Yuktha 38] cb= 74 MatchLog                   +918003099886 deal=340119839470
  [Lamiya 35] cb= 74 Rupyz                      +917024643953 deal=340122889926
  [Yuktha 39] cb= 74 IppoPay                    +917301003913 deal=340122889928
  [Lamiya 36] cb= 74 Optimized Electrotech      +917929796917 deal=340186390218
  [Yuktha 40] cb= 74 YantraLive                 +917676244353 deal=340188292824
  [Lamiya 37] cb= 74 SimpliContract             +919880377264 deal=340166751979
  --- Yuktha batch 5 ---
  [Yuktha 41] cb= 74 Aeroarc                    +918826295908 deal=340168623816
  [Lamiya 38] cb= 74 EaseMyAI                   +919619272946 deal=340080252625
  [Yuktha 42] cb= 74 Finarkein Analytics        +919834488571 deal=340168629970
  [Lamiya 39] cb= 74 HaystackAnalytics          +912249395161 deal=340136736443
  [Yuktha 43] cb= 74 Probus                     +919990465974 deal=339984644832
  [Lamiya 40] cb= 74 Decentro                   +919513030008 deal=340188308195
  [Yuktha 44] cb= 74 GrowthPal                  +918956729667 deal=340188283609
  --- Lamiya batch 5 ---
  [Lamiya 41] cb= 74 ShopDeck                   +919869156273 deal=340188308198
  [Yuktha 45] cb= 74 StepChange                 +918025043086 deal=340134943451
  [Lamiya 42] cb= 74 Amperehour Solar Technolog +919480317925 deal=340166752967
  [Yuktha 46] cb= 74 Human Edge                 +919004985952 deal=340168623827
  [Lamiya 43] cb= 74 Big Bang Boom Solutions    +919625912254 deal=340136736455
  [Yuktha 47] cb= 74 Traqo                      +917380713394 deal=340188283619
  [Lamiya 44] cb= 74 Neural City                +919559107498 deal=340119840454
  [Yuktha 48] cb= 74 Mockey                     +917016696526 deal=340119840455
  [Lamiya 45] cb= 74 Jananom                    +919894093025 deal=340080252644
  [Yuktha 49] cb= 74 Machint                    +914029557787 deal=340188283624
  [Lamiya 46] cb= 72 Gigin                      +918025043033 deal=340168683207
  [Lamiya 47] cb= 70 Phocket                    +917518701159 deal=340166752976
  [Yuktha 50] cb= 70 WealthBucket               +918750005564 deal=340068416226
  [Lamiya 48] cb= 70 Findeed                    +919916242276 deal=340095199933
  --- Yuktha batch 6 ---
  [Yuktha 51] cb= 70 KHEL GULLY                 +917795840289 deal=340116068052
  [Lamiya 49] cb= 70 TimelyAI                   +917379307353 deal=340166752978
  [Yuktha 52] cb= 70 Streak Card                +919585770616 deal=340188276433
  [Lamiya 50] cb= 70 InsurePays                 +919555655418 deal=340116068053
  [Yuktha 53] cb= 70 FreshUp                    +919885584484 deal=340119840462
  --- Lamiya batch 6 ---
  [Lamiya 51] cb= 70 Homversity                 +916352896050 deal=340116068054
  [Yuktha 54] cb= 68 Hirect                     +918446164829 deal=340116068056
  [Yuktha 55] cb= 68 Bima Garage                +919824111875 deal=340095199939
  [Lamiya 52] cb= 68 Language Curry             +919810055815 deal=340188276435
  [Yuktha 56] cb= 68 56 Secure                  +912266376721 deal=340117863125
  [Lamiya 53] cb= 68 SuperShare                 +919820733779 deal=340095199953
  [Yuktha 57] cb= 68 Digital Aristotle          +918040579809 deal=340168657628
  [Lamiya 54] cb= 68 AntWalk                    +918582804665 deal=340168694501
  [Yuktha 58] cb= 68 Pep live                   +917417279731 deal=340168694502
  [Lamiya 55] cb= 68 Paavan                     +919871629491 deal=340168657635
  [Yuktha 59] cb= 68 Rage Fan                   +919340150000 deal=340166752987
  [Lamiya 56] cb= 68 Soptle                     +917751081477 deal=340168670914
  [Yuktha 60] cb= 68 GenWise                    +919319192169 deal=340104720058
  --- Yuktha batch 7 ---
  [Yuktha 61] cb= 68 Foodtech Ventures          +919971922908 deal=340186391227
  [Lamiya 57] cb= 68 Pepper Farms               +919899702010 deal=340112228041
  [Yuktha 62] cb= 68 Working Naari              +918041664331 deal=339991878337
  [Lamiya 58] cb= 68 MiClient                   +919717484440 deal=340068417228
  [Yuktha 63] cb= 68 Bullieverse                +919886039385 deal=340168657644
  [Yuktha 64] cb= 68 Ajna                       +919818729970 deal=340117863140
  [Lamiya 59] cb= 68 Bold Finance               +918169674355 deal=340168657646
  [Yuktha 65] cb= 68 Samhitha Crop Care Clinics +916281064405 deal=340168683250
  [Lamiya 60] cb= 68 Innvent Labs               +919871448741 deal=340168670928
  [Yuktha 66] cb= 68 Aspire                     +919341893983 deal=340136738508
  [Yuktha 67] cb= 68 Hapramp Studio             +919415126997 deal=340134945517
  [Yuktha 68] cb= 68 Arthan Finance             +919820544040 deal=340117863152
  --- Lamiya batch 7 ---
  [Lamiya 61] cb= 68 Checko                     +917607429780 deal=340119844583
  [Yuktha 69] cb= 68 Neufin                     +918552860248 deal=340186391273
  [Lamiya 62] cb= 68 INDRA                      +919004357646 deal=339991878347
  [Lamiya 63] cb= 68 Integrow Asset Ma gement   +912240886365 deal=340116069058
  [Yuktha 70] cb= 68 Nova Benefits              +914049174116 deal=339984645852
  [Lamiya 64] cb= 68 Masai                      +917014157244 deal=340116069083
  --- Yuktha batch 8 ---
  [Yuktha 71] cb= 68 DocTutorials               +917097434476 deal=340117864141
  [Lamiya 65] cb= 68 Smiles.ai                  +917618792349 deal=340188309232
  [Yuktha 72] cb= 68 FALCA                      +918042131032 deal=340116069106
  [Lamiya 66] cb= 68 Mahagram                   +912412424405 deal=340134946511
  [Yuktha 73] cb= 68 SpareIt                    +919663371703 deal=340168684241
  [Lamiya 67] cb= 68 The Homework Ap            +917506659274 deal=340188285632
  [Yuktha 74] cb= 68 Finsire                    +919962491523 deal=340188294842
  [Lamiya 68] cb= 68 BLACKBUCK                  +919696343445 deal=340188326625
  [Yuktha 75] cb= 68 FloBiz                     +917400417309 deal=340168695525
  [Lamiya 69] cb= 68 Aksum Trademart            +918826933075 deal=340068420286
  [Yuktha 76] cb= 68 MedCords                   +917816811020 deal=340080254669
  [Lamiya 70] cb= 68 Fello                      +917503670267 deal=340168695528
  [Yuktha 77] cb= 68 22 KYMCO                   +917042673035 deal=340166756049
  --- Lamiya batch 8 ---
  [Lamiya 71] cb= 68 Vahak                      +917022279909 deal=340188310213
  [Lamiya 72] cb= 68 WheelsEye                  +919370093609 deal=339984646844
  [Yuktha 78] cb= 68 Ohm Mobility               +918867037721 deal=339991879364
  [Lamiya 73] cb= 68 indiagold                  +918068495787 deal=340168634050
  [Lamiya 74] cb= 68 HRInnova                   +917967123909 deal=340119845612
  [Yuktha 79] cb= 68 Eyva                       +914041893848 deal=340168695539
  [Lamiya 75] cb= 68 myPaisaa                   +917795665063 deal=340134946545
