re-verifying 154 pushed leads | credits=278
  [5] UPGRADED Gamitronics              +914067451515    -> +919885783474 (mobile)
  [6] UPGRADED YNOS                     +917358431740    -> +919444926442 (mobile)
  [10] UPGRADED Skilancer Solar          +917683052185    -> +919971045274 (mobile)
  [11] UPGRADED AbleCredit               +919036034519    -> +919970528346 (mobile)
  [12] UPGRADED Tranzmeo                 +914844033653    -> +919995553744 (mobile)
  [13] UPGRADED MarketWolf               +917827646391    -> +916590283343 (mobile)
  [14] UPGRADED ORAI                     +919008001049    -> +919739011262 (mobile)
  [15] UPGRADED Clik                     +916464800503    -> +919663333112 (mobile)
  [16] UPGRADED BlockSurvey              +916032621359    -> +919620146201 (mobile)
  [17] UPGRADED Kredily                  +918047092620    -> +919033917272 (mobile)
  [18] UPGRADED PDRL                     +917770013231    -> +918129861885 (mobile)
  [19] UPGRADED Heliware                 +918860276349    -> +919554109472 (mobile)
  [20] UPGRADED Zocket                   +919962082121    -> +919840368588 (mobile)
  [21] UPGRADED Arficus                  +916377094144    -> +917828168199 (mobile)
  [22] UPGRADED factors.ai               +912016693497    -> +919886614462 (mobile)
  [23] UPGRADED 5C Network               +919587274767    -> +919739911733 (mobile)
  [24] UPGRADED Xeeed IO                 +919985551216    -> +919008269028 (mobile)
  [25] UPGRADED NoPaperForms             +917303393119    -> +918717941534 (mobile)
  [26] UPGRADED Zeliot                   +918043720987    -> +919738415706 (mobile)
  [28] UPGRADED Map My Crop              +919174143908    -> +918308842933 (mobile)
  [29] UPGRADED CredAble                 +912263256709    -> +917930082529 (mobile)
  [30] UPGRADED Enlite Research          +919967386353    -> +919176621886 (mobile)
  [31] UPGRADED Castler                  +919818918827    -> +919167969755 (mobile)
  [33] UPGRADED Mojocare                 +917827206409    -> +918765846877 (mobile)
  [36] UPGRADED Intoglo                  +919125926655    -> +919868738804 (mobile)
  [38] UPGRADED Intents Mobi             +919990011872    -> +919990011963 (mobile)
  [41] UPGRADED Udbhata                  +919121004468    -> +919741552552 (mobile)
  [42] UPGRADED Localwell                +917927702023    -> +918806213966 (mobile)
  [43] UPGRADED 90+ My Tuition App       +917558899131    -> +918157856138 (mobile)
  [44] UPGRADED Alphaniti                +919156393858    -> +919156634508 (mobile)
  [45] UPGRADED Health Basix             +917718108017    -> +919245115339 (mobile)
  [46] UPGRADED MicroGO                  +919445980651    -> +917010053867 (mobile)
  [47] UPGRADED LoanFront                +918048126260    -> +919886675097 (mobile)
  [48] UPGRADED Artfine                  +919653179825    -> +919833773976 (mobile)
  [49] UPGRADED NeoDocs                  +916382002381    -> +919619369767 (mobile)
  [50] GATE-FAIL Kiko Live                had +912249648291 (landline), SignalHire has no +91
  [51] UPGRADED Terra.do                 +916503537777    -> +919925037646 (mobile)
  [53] UPGRADED Focus Prism              +914224271008    -> +917798980924 (mobile)
  [54] UPGRADED White Oak                +912262308009    -> +916591704773 (mobile)
  [55] UPGRADED Spare8                   +919920066129    -> +912226006622 (landline)
  [56] UPGRADED FanPlay IoT              +918073933691    -> +919916480232 (mobile)
  [57] UPGRADED ShowroomB2B              +918318850684    -> +919140474624 (mobile)
  [61] UPGRADED Flux Auto                +917372327181    -> +914157070123 (landline)
  [62] UPGRADED Zorp                     +918088409089    -> +919845125026 (mobile)
  [63] UPGRADED NAKAD                    +919899259588    -> +919980411516 (mobile)
  [64] UPGRADED Instasell                +919326901218    -> +918369730293 (mobile)
  [65] UPGRADED Hubble Money             +919500675201    -> +919167762759 (mobile)
  [67] UPGRADED TaxBuddy                 +912249711078    -> +918879882025 (mobile)
  [68] UPGRADED Zimyo                    +919311776272    -> +919005656220 (mobile)
  [70] UPGRADED Biva                     +919657520111    -> +919538245166 (mobile)
  [71] UPGRADED Algorithmic Biologics    +916366323051    -> +919004085075 (mobile)
  [72] UPGRADED MatchLog                 +918003099886    -> +919212039040 (mobile)
  [73] UPGRADED Rupyz                    +917024643953    -> +919555334105 (mobile)
  [74] UPGRADED IppoPay                  +917301003913    -> +919500045007 (mobile)
  [75] UPGRADED Optimized Electrotech    +917929796917    -> +917929797008 (mobile)
  [76] UPGRADED YantraLive               +917676244353    -> +919880646660 (mobile)
  [77] UPGRADED SimpliContract           +919880377264    -> +919342241605 (mobile)
  [78] UPGRADED Aeroarc                  +918826295908    -> +919810001346 (mobile)
  [79] UPGRADED EaseMyAI                 +919619272946    -> +919560583262 (mobile)
  [80] UPGRADED Finarkein Analytics      +919834488571    -> +919049487053 (mobile)
  [81] UPGRADED HaystackAnalytics        +912249395161    -> +919619739630 (mobile)
  [83] UPGRADED Decentro                 +919513030008    -> +919969634150 (mobile)
  [84] UPGRADED GrowthPal                +918956729667    -> +918447826281 (mobile)
  [86] UPGRADED StepChange               +918025043086    -> +919830414255 (mobile)
  [88] UPGRADED Human Edge               +919004985952    -> +919820416787 (mobile)
  [89] UPGRADED Big Bang Boom Solutions  +919625912254    -> +919573674668 (mobile)
  [90] UPGRADED Traqo                    +917380713394    -> +919322215480 (mobile)
  [91] UPGRADED Neural City              +919559107498    -> +919559107589 (mobile)
  [92] UPGRADED Mockey                   +917016696526    -> +917248131247 (mobile)
  [94] UPGRADED Machint                  +914029557787    -> +919573155313 (mobile)
  [95] UPGRADED Gigin                    +918025043033    -> +919811205119 (mobile)
  [96] UPGRADED Phocket                  +917518701159    -> +917760411621 (mobile)
  [97] UPGRADED WealthBucket             +918750005564    -> +919196192000 (mobile)
  [99] UPGRADED KHEL GULLY               +917795840289    -> +917503291508 (mobile)
  [101] UPGRADED Streak Card              +919585770616    -> +917708150636 (mobile)
  [102] UPGRADED InsurePays               +919555655418    -> +917207867645 (mobile)
  [108] UPGRADED 56 Secure                +912266376721    -> +919900749600 (mobile)
  [116] UPGRADED GenWise                  +919319192169    -> +918373915078 (mobile)
  [123] UPGRADED Bold Finance             +918169674355    -> +917417514276 (mobile)
  [124] UPGRADED Samhitha Crop Care Clini +916281064405    -> +919908224649 (mobile)
  [132] UPGRADED Integrow Asset Ma gement +912240886365    -> +919867171633 (mobile)
  [133] UPGRADED Nova Benefits            +914049174116    -> +918588824291 (mobile)
  [138] UPGRADED Mahagram                 +912412424405    -> +918888621515 (mobile)
  [144] UPGRADED Aksum Trademart          +918826933075    -> +919560397197 (mobile)
  [145] UPGRADED MedCords                 +917816811020    -> +918108070248 (mobile)
  [148] UPGRADED Vahak                    +917022279909    -> +919981990701 (mobile)
  [149] UPGRADED WheelsEye                +919370093609    -> +919547891647 (mobile)
  [151] UPGRADED indiagold                +918068495787    -> +919818094158 (mobile)
  [153] UPGRADED Eyva                     +914041893848    -> +919490905965 (mobile)

upgraded 88 | kept (already +91 mobile) 65 | FAILED GATE 1 | credits 278 -> 193 (used 85)

  1 fail the +91 hard gate -> archiving them off HubSpot
  archived 1 (kept in reverify_failed_gate.json)
