SignalHire credits: 3070
candidates 103 (already-in-HubSpot skipped: 3) | already pushed 0

  ...revealed 20/103
  ...revealed 40/103
  ...revealed 60/103
  ...revealed 80/103
  ...revealed 100/103

revealed 103 | PASS gate 92 | REJECTED (no +91) 11
  of the passing: 92 mobile, 0 landline
  [ 1] Ishpreet   Finzy                        deal=340302711490 contacts=4 | Abhinav Sherwal +919811059815; Amit More +919821017398; Apoorv Gawde +919880301996; Vishwas Dixit +919591999669
  [ 2] Shobit Gu  Truebil                      deal=340250628800 contacts=4 | Rakesh Raman +917718871482; Shanu Vivek +919172068465; Suraj Kalwani +917501378241; Shubh Bansal +917045006176
  [ 3] Ishpreet   Eatlo                        deal=340321494758 contacts=3 | Rahul Harkisanka +919166627878; Sai Priya Mahaja +918105271640; Shashank Aggarwa +919911337741
  [ 4] Shobit Gu  Fraazo                       deal=340314341090 contacts=3 | Atul Kumar +918879636778; Sumit Rai +919664291501; Aashish Krishnat +918812809430
  [ 5] Ishpreet   GrocShop                     deal=340317897417 contacts=3 | Ayush Garg +919967347421; Manphul Budania +918268450118; Dinesh Meena +918905586857
  [ 6] Shobit Gu  Koinex                       deal=340257846000 contacts=3 | Rahul Raj +918348523008; Rakesh Yadav +918377950711; Aditya Naik +919819035625
  [ 7] Ishpreet   LocalBanya                   deal=340250628836 contacts=3 | Rashi Choudhary +919967600054; Amit Naik +917506953739; Karan Mehrotra +918879616777
  [ 8] Shobit Gu  MyWash                       deal=340228051665 contacts=3 | Vikramsimha Redd +919972911912; Silus Reddy Chin +918895904961; Abhinav Pandey +919717041116
  [ 9] Ishpreet   OneClickWash                 deal=340242491096 contacts=3 | Vivek Iyer +916584514724; Saurav Killa +919880838269; Srinivas Nudurup +917506377520
  [10] Shobit Gu  Trell                        deal=340271196905 contacts=3 | Pulkit Agrawal +918080003423; Prashant Sachan +919741145430; Bimal Kartheek R +918450933048
  --- batch of 10 done (10/50) ---
  [11] Ishpreet   Zimmber                      deal=340233476823 contacts=3 | Anubhab Goel +919987184441; Gaurav Shrivasta +919619840352; Amit Kumar Mishr +919958353978
  [12] Shobit Gu  ZuperMeal                    deal=340259601136 contacts=3 | Prabhakar Banerj +918685005040; Ramyakant D +919880423645; Balasubramanian  +919930271496
  [13] Ishpreet   Baxi                         deal=340214638319 contacts=2 | Ashutosh Johri +919810332690; Manu Rana +919810833163
  [14] Shobit Gu  Coindelta                    deal=340231703276 contacts=2 | Manish K. +919911691214; Rajdeep Singh +917738986990
  [15] Ishpreet   Dazo                         deal=340316098269 contacts=2 | Shashaank Shekha +918415222377; Monica Rastogi +919717184147
  [16] Shobit Gu  Doormint                     deal=340317898426 contacts=2 | Abhinav Agarwal +917042462262; Naga Chokkanatha +919900160925
  [17] Ishpreet   Dunzo                        deal=340250629845 contacts=2 | Kabeer Biswas +919971120039; Dalvir Suri +919740340333
  [18] Shobit Gu  FindYahan                    deal=340331855560 contacts=2 | Rachit Mathur +919999004802; Snehil Khanor +919873859683
  [19] Ishpreet   Housejoy                     deal=340345914091 contacts=2 | Sunil Goel +919880467710; Saran Chatterjee +919741519156
  [20] Shobit Gu  Langhar                      deal=340269315801 contacts=2 | Pankaj Kumar Sha +919412893892; Pawan Saini +919891126524
  --- batch of 10 done (20/50) ---
  [21] Ishpreet   LaundroKart                  deal=340333649606 contacts=2 | Vineet Patil +918025502551; Ravi Raghav +919936201425
  [22] Shobit Gu  Pluss                        deal=340254278347 contacts=2 | Atit Jain +919810888956; Tarun Lawadia +918003230888
  [23] Ishpreet   Rang De                      deal=340312550089 contacts=2 | Smita Ram +919686114608; Aroj George +919923700670
  [24] Shobit Gu  SuperLearn                   deal=340288400074 contacts=2 | Ricky Gupta +918568953926; Akash Suresh +919811099333
  [25] Ishpreet   TaxiForSure                  deal=340205664987 contacts=2 | Aprameya Radhakr +919742501777; Raghunandan G +918060601010
  [26] Shobit Gu  Townrush                     deal=340272953075 contacts=2 | Tushar Bisht +917767812975; Nishanth S. +919900006882
  [27] Ishpreet   Udayy                        deal=340330066656 contacts=2 | Saumya Yadav +919899943399; Karan Varshney +919711536259
  [28] Shobit Gu  Yumist                       deal=340178977525 contacts=2 | Alok Jain +919845649457; Abhimanyu Mahesh +919903097219
  [29] Ishpreet   1K Kirana                    deal=340242492104 contacts=1 | Sachin Sharma +918989536347
  [30] Shobit Gu  Bulbul                       deal=340319696611 contacts=1 | Sachin Bhatia +919958393838
  --- batch of 10 done (30/50) ---
  [31] Ishpreet   DUX Education                deal=340211053258 contacts=1 | Rohit Jain +919783735421
  [32] Shobit Gu  Fabmart/Indiaplaza           deal=340284873464 contacts=1 | Vaitheeswaran K +918026689507
  [33] Ishpreet   Financepeer                  deal=340319697595 contacts=1 | Anmol Agarwal +919004097170
  [34] Shobit Gu  Flashdoor                    deal=340214639332 contacts=1 | Ankit Agarwal +918447463946
  [35] Ishpreet   FrontRow                     deal=340316101351 contacts=1 | Ishaan Preet Sin +919899785978
  [36] Shobit Gu  Mebelkart                    deal=340231707352 contacts=1 | Rahul Agrawal +918904671053
  [37] Ishpreet   Medidart                     deal=340177116882 contacts=1 | K P Shravan +919035707662
  [38] Shobit Gu  Monexo                       deal=340283081418 contacts=1 | Mukesh Bubna +919042071183
  [39] Ishpreet   Opinio                       deal=340272956120 contacts=1 | Lokesh Jangid +919452031623
  [40] Shobit Gu  Otipy                        deal=340330071756 contacts=1 | Varun Khurana +917042331097
  --- batch of 10 done (40/50) ---
  [41] Ishpreet   Parcelled                    deal=340177116894 contacts=1 | Xitij Kothi ⚡️ +918861011316
  [42] Shobit Gu  PepperTap                    deal=340283081427 contacts=1 | Navneet Singh +919999967735
  [43] Ishpreet   Roadrunnr/Runnr              deal=340214642416 contacts=1 | Arpit Dave +918197238054
  [44] Shobit Gu  Taggle                       deal=340242496198 contacts=1 | Rutvik Doshi +919972592662
  [45] Ishpreet   Taskbob                      deal=340330071761 contacts=1 | Aseem Khare +919819556142
  [46] Shobit Gu  TinyOwl                      deal=340207478493 contacts=1 | Harshvardhan Man +917506659274
  [47] Ishpreet   Urban Dhobi                  deal=340231707375 contacts=1 | Satyam Mishra +916376642523
  [48] Shobit Gu  Zansaar                      deal=340316102332 contacts=1 | Jawad Ayaz +919880152923
  [49] Ishpreet   ZopNow                       deal=340269318885 contacts=1 | Bal Krishn Birla +919886102200
  [50] Shobit Gu  mChemist                     deal=340302716619 contacts=1 | Vikas Singhal +919810040368
  --- batch of 10 done (50/50) ---

PUSHED 50 companies / 92 contacts
  Ishpreet Sood: 46 contacts
  Shobit Gupta: 46 contacts
credits: 3070 -> 3070
