  NEW Indi Nikhil Bansal        -> Ishpreet high   ph=-              deal=339262371523
  NEW Indi Abhishek Tripathi    -> Ishpreet high   ph=+917701809295  deal=339191470808
  NEW Indi Saurabh Dhapodkar    -> Ishpreet high   ph=+918007477555  deal=339230958282
  NEW Indi Vimal Kumar          -> Ishpreet high   ph=-              deal=339366688470
  NEW Indi Keshavdas M          -> Ishpreet high   ph=-              deal=339350278860
  NEW Indi Mayur Patki          -> Ishpreet high   ph=+919986674472  deal=339352218330
  NEW Indi Mohit Kumar Jandwani -> Ishpreet high   ph=+916125818189  deal=339281947366
  NEW Indi Girish Hariharasubra -> Ishpreet high   ph=+919600024979  deal=339348468437
  NEW Indi RAHUL DUPARE         -> Ishpreet high   ph=+919096363812  deal=339325590220
  NEW Indi Sunil Kumar          -> Ishpreet high   ph=-              deal=339265993432
  NEW Indi Tahir Ahmad          -> Ishpreet high   ph=+919044162260  deal=339283540712
  NEW Indi Mohit Bhatia         -> Ishpreet high   ph=+918840394612  deal=339261632194
  NEW Indi Sandeep Tiwari       -> Ishpreet high   ph=+919717567017  deal=339283540713
  NEW Indi Aman Desai           -> Ishpreet high   ph=-              deal=339323698905
  NEW Indi Manas Srivastava     -> Ishpreet high   ph=-              deal=339366688481
  NEW Indi Sanjay C.            -> Ishpreet high   ph=-              deal=339322993363
  NEW Indi Gouresh Ramrakhyani  -> Ishpreet high   ph=-              deal=339277591272
  NEW Indi Shubham Agarwal      -> Ishpreet high   ph=+917021265187  deal=339283540725
  NEW Indi Deep Goel            -> Ishpreet high   ph=-              deal=339276668621
  NEW Indi Mayank Sheoran       -> Ishpreet high   ph=+918950577400  deal=339309499081
  NEW Indi Rajat Mondal         -> Ishpreet high   ph=-              deal=339221956321
  NEW Indi Zonunfeli Ralte      -> Ishpreet high   ph=-              deal=339263357635
  NEW Indi Dilpreet Singh Kochh -> Ishpreet high   ph=-              deal=339202249428
  NEW Indi S Mayur              -> Ishpreet high   ph=+918951988414  deal=339352218352
  NEW Indi Mayank Arora         -> Ishpreet high   ph=+918557983667  deal=339352218354
  NEW Indi Almas Ansari         -> Ishpreet high   ph=-              deal=339202249431
  NEW Indi Ahmad Bin Abdullah   -> Ishpreet high   ph=+919697956519  deal=339322065635
  NEW Indi Rahul Bhuraria       -> Ishpreet high   ph=+917259193025  deal=339324796637
  NEW Indi Anirudh Mandahr      -> Ishpreet high   ph=+919654969290  deal=339283541698
  NEW Indi Raghul Gandhi        -> Ishpreet high   ph=+917502289812  deal=339282850519
  NEW Indi Jeyanthinath M.      -> Ishpreet high   ph=+919962120208  deal=339322997443
  NEW Indi Anoop N              -> Ishpreet high   ph=+919886162566  deal=339342452413
  NEW Indi Amol Manohar Pardesh -> Ishpreet high   ph=+917248979669  deal=339342448372
  NEW Indi Somesh Chaturvedi    -> Ishpreet high   ph=-              deal=339201402599
  NEW Indi Aman verma           -> Ishpreet high   ph=+916204433537  deal=339272323815
  NEW Indi Vibhanshu Chhangani  -> Ishpreet high   ph=+916375156884  deal=339224810192
  NEW Indi Vaibhav Tayal        -> Ishpreet high   ph=+917002269748  deal=339219461829
  NEW Indi Shivendra Soni       -> Ishpreet high   ph=+918853265561  deal=339224810189
  NEW Indi Yashwant Raju        -> Ishpreet high   ph=-              deal=339322996415
  NEW Indi Anil Kanthi          -> Ishpreet high   ph=-              deal=339312051916
  NEW Indi Varun Miglani        -> Ishpreet high   ph=+919212229373  deal=339312051939
  NEW Indi Ali Moizuddin        -> Ishpreet high   ph=+918392006965  deal=339218926293
  NEW Indi Shivam Chhuneja      -> Ishpreet high   ph=+918839256544  deal=339338859207
  NEW Indi Mukesh Alex          -> Ishpreet high   ph=+919895092281  deal=339218923252
  NEW Indi Paras Nigam          -> Ishpreet high   ph=+917795400389  deal=339291849408
