candidates: 601 (pri1 159, pri2 442) | credits=401 | target=60 batch=10
  --- batch 1 ---
  [1] Wissen Technology          hc~2435  Anurag Sinha       +919819111135
  [2] Zyple Software Solutions P hc~55    Madhubalan R       +919845464536
  [3] Thinkitive Technologies Pv hc~66    Nishant Taksande   +919552540095
  [4] Futurism Technologies      hc~701   Sheetal Pansare    +912031058041
  [5] Zelite                     hc~200   Manish Bajaj       +919819839656
  [6] CentraLogic                hc~341   Swapnil Khare      +919970153593
  [7] Engro Technologies         hc~113   Prabhu Patil       +919108529892
  [8] Info Services              hc~11509 Anup Kiran         +917204284872
  [9] ParamInfo                  hc~199   Ravi Pilagala      +919540781944
  [10] Kaara                      hc~324   Atul Sharma        +918639364635
  --- batch 2 ---
  [11] SPEC INDIA                 hc~256   Milind Shroff - CE +917926441721
  [12] Hidden Brains InfoTech     hc~708   Ram Chhawchharia   +919898021422
  [13] Simform                    hc~1433  Ajit Rao           +919723389288
  [14] Dash Technologies          hc~1042  David Mutnick      +913124611099
  [15] Commerce Pundit            hc~297   Hiren Modi         +916787659668
  [16] Brainerhub                 hc~341   Abhay Patel        +917383320534
  [17] Gujarat Infotech Limited   hc~235   Alpesh Patel       +917927414250
  [18] Mangalam Infotech          hc~61    Jivan Suhagiya     +919099834644
  [19] Technorizen Software       hc~97    Karuna singh       +918085004047
  [20] The NineHertz              hc~307   Hemendra Singh     +919314444993
  --- batch 3 ---
  [21] Systweak Software          hc~66    Shrishail R.       +918875296000
  [22] Marktine Technology Soluti hc~157   Alok Sharma        +918800311655
  [23] SDLC Corp                  hc~431   Kishan Srivastava  +919873578748
  [24] PixelCrayons               hc~99    Varun Bhagat       +919820572084
  [25] Mindfire Solutions         hc~943   Soumya Mishra      +919810288179
  [26] KiwiTech                   hc~500   Rakesh Gupta       +919999100853
  [27] Icreon                     hc~497   Niyati K.          +919198653034
  [28] RV Solutions Pvt Ltd       hc~737   Vandana Seth       +919871470010
  [29] Flexsin                    hc~467   Munesh Singh Tomar +919811783539
  [30] Globtier Infotech Limited  hc~262   Rajiv Shukla       +919990014883
  --- batch 4 ---
  [31] Megamax Services           hc~214   Rajesh Singh       +919971491663
  [32] ValueCoders                hc~183   Roy Malhotra       +914048571565
  [33] MetaDesign Solutions       hc~226   Rahul Singh        +918130319862
  [34] Daffodil Software          hc~847   Kapil Sharma       +919993075757
  [35] LeewayHertz                hc~240   Ankesh Srivastava  +919412395837
  [36] Zucol Services             hc~200   Ankush Tambi       +919871134312
  [37] World fashion exchange     hc~351   Jatin Paul         +919899240087
  [38] Dev IT Serv                hc~279   Raj Kumar          +919868244202
  [39] NexGen Tech Solutions      hc~380   Nikhil Goel        +919999848556
  [40] Locus Rags                 hc~157   Mitali Biswas      +919051187217
  --- batch 5 ---
  [41] Futuresoft India           hc~426   Shiv Sachdeva      +919811041151
  [42] PC Solutions               hc~3967  Sarah Norton       +917169989680
  [43] Mobiloitte                 hc~596   Deepti Sahni       +919810209075
  [44] Colan Infotech Private Lim hc~777   Shahul Hameed      +919003019939
  [45] Softura                    hc~626   Ashwin Shashi      +912483128234
  [46] Contus Tech                hc~328   Sriram Manoharan   +914449201000
  [47] OptiSol Business Solutions hc~639   Jayakumar Radhakri +919789087732
  [48] Origin Learning            hc~214   Johnny Bhatkar     +919881710432
  [49] Ionixx Technologies        hc~218   Manju Mohan        +919841713007
  [50] Lapiz Digital Services     hc~619   Indira Rajan       +914422323451
  --- batch 6 ---
  [51] TVS Next                   hc~636   Vinod Krishnan     +919840956254
  [52] Infognana Solutions        hc~446   Thomas Seejo       +919843834895
  [53] Caliber Interconnect Solut hc~194   Prathibha Govindar +919894048011
  [54] ThinkPalm Technologies     hc~777   Manoj KP           +919895477711
  [55] KeyValue Software Systems  hc~431   Sharbel Cherian    +919446084504
  [56] Nimap Infotech             hc~449   Sagar Nagda        +918879094302
  [57] Clarion Technologies       hc~1018  Ankur Agarwal      +919323344100
  [58] Godrej Infotech            hc~1270  Zubin Bharucha     +912267964011
  [59] Capital Numbers            hc~746   Anindya Mukherjee  +919830094406
  [60] Indus Net Technologies     hc~1093  Swarnali Nandy     +917044048616

PUSHED 60 | scanned 145 | headcount-fail 52 no-founder 3 no-phone 30
credits 401 -> 327 (used 74)
