PASS 1 — named founders: 91 total, 91 to look up

[  1/91] OK  Aprameya Radhakrishna        TaxiForSure                Chief Artist @ Stealth AI Startup
[  2/91] OK  Raghunandan G                TaxiForSure                Founder @ Zolve
[  3/91] OK  Ashutosh Johri               Baxi (74 BC Technologies   Director - Head of Gov & PSU Sector @ Kyndry
[  4/91] OK  Manu Rana                    Baxi (74 BC Technologies   Chief Product & Technology Officer @ Policyb
[  5/91] OK  Navneet Singh                PepperTap                  Founder & CEO @ GramFactory
[  6/91]  ~  Milin Jain                   PepperTap                  
[  7/91] OK  Rashi Choudhary              LocalBanya                 Head Online strategy and services @ RP tech 
[  8/91] OK  Amit Naik                    LocalBanya                 Group Product Manager @ Google
[  9/91] OK  Karan Mehrotra               LocalBanya                 Chief Operating Officer @ Fresh Greens Pvt L
[ 10/91]  ~  Mukesh Singh                 ZopNow                     
[ 11/91] OK  Bal Krishn Birla             ZopNow                     Leadership @ WellnessLiving
[ 12/91] OK  Harshvardhan Mandad          TinyOwl                    Founder & CEO @ MathAI: Fostering mathematic
[ 13/91] OK  Alok Jain                    Yumist                     Entrepreneur in Residence (EiR) @ Swiggy
[ 14/91] OK  Abhimanyu Maheshwari         Yumist                     Founder @ Yokocho
[ 15/91] OK  Shashank Shekhar Singhal     Dazo (fka TapCibo)         Director of Product Management, Conversation
[ 16/91] OK  Monica Rastogi               Dazo (fka TapCibo)         Director Software Engineering @ PayPal
[ 17/91]  ~  Sahil Sheth                  Lido Learning              
[ 18/91] OK  Ishaan Preet Singh           FrontRow                   Partner @ Lightspeed India
[ 19/91]  ~  Shubham Malhotra             FrontRow                   
[ 20/91] OK  Rohit Jain                   DUX Education              Business Head @ Classplus
[ 21/91]  ~  Udit Chaturvedi              DUX Education              
[ 22/91]  ~  Manika Tiwari                DUX Education              
[ 23/91] OK  Mukesh Bubna                 Monexo                     Founder @ Monexo
[ 24/91] ok? Abhinav Sherwal              Finzy                      Founder @ Recur Club
[ 25/91] OK  Amit More                    Finzy                      Founder & CEO @ Finzy - Making Debt Exciting
[ 26/91] OK  Apoorv Gawde                 Finzy                      Chief Product Officer @ AI Growth Private Li
[ 27/91] OK  Vishwas Dixit                Finzy                      Vice President - Channel Partner Systems @ T
[ 28/91] OK  Rahul Agrawal                Mebelkart                  Founder @ QuickIntell
[ 29/91] OK  Nikhil Saraf                 Mebelkart                  Product Management @ H&M
[ 30/91] OK  Jawad Ayaz                   Zansaar                    Early-stage investor and advisor @ Self-empl
[ 31/91]  ~  Vinod Chandran               Zansaar                    
[ 32/91] OK  K. Vaitheeswaran             Fabmart/Indiaplaza         Columnist - "Startups: Vai-Thee-Fuss?"  @ bu
[ 33/91]  ~  Phaneesh Murthy              Zigy.com (PM Health & Li   
[ 34/91]  ~  Anil Bajpai                  Zigy.com (PM Health & Li   
[ 35/91] OK  Atit Jain                    Pluss                      Co-Founder & CEO @ &Done
[ 36/91]  ~  Madhulika Pandey             Pluss                      
[ 37/91] OK  Tarun Lawadia                Pluss                      Founder @ pumpumpum
[ 38/91]  ~  Prashant Singh               Medlife                    
[ 39/91]  ~  Tushar Kumar                 Medlife                    
[ 40/91] OK  Anubhab Goel                 Zimmber                    Co-founder & CEO @ Naptick
[ 41/91] OK  Gaurav Shrivastava           Zimmber                    Founder @ Potentium
[ 42/91] OK  Amit Kumar                   Zimmber                    Sr. Executive-Business Development @ Zimmber
[ 43/91] OK  Abhinav Agarwal              Doormint                   Founder & CEO @ ELUNO
[ 44/91] ok? Naga Chokkanathan            Doormint                   Independent Coach and Consultant (Technical 
[ 45/91] OK  Sunil Goel                   Housejoy                   VC@NextBharat @ Next Bharat Ventures
[ 46/91]  -  Arjun Mendu                  Housejoy                   
[ 47/91] OK  Saran Chatterjee             Housejoy                   Founder & Principal @ Valuecraft.ai
[ 48/91] OK  Rachit Mathur                FindYahan                  Founder & CEO @ Shiftz
[ 49/91] OK  Snehil Khanor                FindYahan                  Member @ Offline
[ 50/91] OK  Aseem Khare                  Taskbob                    Founder & CEO @ Khare Classes (Khare.AI)
[ 51/91] OK  Rakesh Raman                 Truebil                    Co-Founder @ Florzy
[ 52/91] OK  Shanu Vivek                  Truebil                    Co-Founder @ ReelSaga
[ 53/91] OK  Suraj Kalwani                Truebil                    Co-founder @ Florzy
[ 54/91] OK  Shubh Bansal                 Truebil                    Co-founder and CEO @ ReelSaga
[ 55/91] OK  Sachin Bhatia                Bulbul                     Chief Executive Officer @ The Good Creator C
[ 56/91] OK  Pulkit Agrawal               Trell                      Co-Founder and CEO @ Trell
[ 57/91] OK  Prashant Sachan              Trell                      Founder & CEO  @ AppsForBharat
[ 58/91] OK  Bimal Kartheek Rebba         Trell                      Co Founder & Chief Operating Officer @ Trell
[ 59/91] OK  Kabeer Biswas                Dunzo                      Works at @ M | Don’t tell me, tell M
[ 60/91]  ~  Ankur Agarwal                Dunzo                      
[ 61/91] OK  Dalvir Suri                  Dunzo                      Cofounder @ dunzo.in
[ 62/91]  ~  Mukund Jha                   Dunzo                      
[ 63/91] OK  Atul Kumar                   Fraazo                     Co-Founder and CEO @ FRAAZO
[ 64/91]  ~  Vikas Dosala                 Fraazo                     
[ 65/91] OK  Sumit Rai                    Fraazo                     Co-Founder @ Skima AI
[ 66/91] OK  Aashish Krishnatre           Fraazo                     Vice President @ ZILO
[ 67/91]  ~  Kumar Sangeetesh             1K Kirana (1K Stores)      
[ 68/91] OK  Sachin Sharma                1K Kirana (1K Stores)      Assistant Manager - Data Analytics & Strateg
[ 69/91]  ~  Abhishek Halder              1K Kirana (1K Stores)      
[ 70/91] OK  Ansh Agarwal                 Blip                       Co-Founder & CEO @ Rematter
[ 71/91] OK  Sarvesh Kedia                Blip                       Sales Engineer II @ Progress
[ 72/91] OK  Varun Khurana                Otipy                      Founder & CEO @ Otipy
[ 73/91]  ~  Mayank Kumar                 Opinio                     
[ 74/91] OK  Lokesh Jangid                Opinio                     Co-Founder / CTO @ GetMega
[ 75/91] OK  Xitij Kothi                  Parcelled                  Co-Founder @ VidyutTech
[ 76/91]  ~  Mohit Kumar                  Roadrunnr/Runnr            
[ 77/91] OK  Arpit Dave                   Roadrunnr/Runnr            Co-Founder and CEO @ Smartstaff
[ 78/91]  ~  Gaurav Agrawal               PickMyLaundry              
[ 79/91]  ~  Ankur Jain                   PickMyLaundry              
[ 80/91]  ~  Samar Sisodia                PickMyLaundry              
[ 81/91]  ~  Sukanth Srivastava           Tooler                     
[ 82/91] OK  Vineet Patil                 LaundroKart                Founder & CEO @ VOIZ | voizworks.com
[ 83/91] OK  Ravi Raghav                  LaundroKart                Founder & Chief Executive @ Laundrokart.com
[ 84/91]  -  Tushar Thettayil             Urban Dhobi                
[ 85/91] OK  Satyam Mishra                Urban Dhobi                Head Of Business Development @ Asha Creation
[ 86/91] OK  Rutvik Doshi                 Taggle                     Managing Director @ Athera Venture Partners 
[ 87/91]  ~  Harish Bahl                  Dealsandyou                
[ 88/91]  ~  Rakesh Biyani                Koovs (deals era)          
[ 89/91] OK  Rahul Raj                    Koinex                     Career Break @ 
[ 90/91] OK  Rakesh Yadav                 Koinex                     Founder & CEO @ FloBiz | myBillBook
[ 91/91] OK  Aditya Naik                  Koinex                     Co-Founder & Chief Business Officer @ FloBiz

PASS 2 — unnamed-founder companies: 25 to look up

[ 1/25] GrocShop                         pool=  19 founders=6
[ 2/25] Townrush (grocery)               pool=  16 founders=2
[ 3/25] Aagar.com                        pool=   0 founders=0
[ 4/25] SpoonJoy                         pool=  63 founders=0
[ 5/25] Langhar                          pool=  12 founders=2
[ 6/25] Eatlo                            pool=  47 founders=3
[ 7/25] ZuperMeal                        pool=   7 founders=3
[ 8/25] FranklyMe                        pool=  56 founders=1
[ 9/25] Udayy                            pool= 377 founders=2
[10/25] Crejo.Fun                        pool= 292 founders=3
[11/25] SuperLearn                       pool=  17 founders=4
[12/25] Rang De                          pool= 536 founders=2
[13/25] Financepeer                      pool= 446 founders=1
[14/25] i-lend                           pool=  21 founders=0
[15/25] 13Karat                          pool=  17 founders=0
[16/25] mChemist                         pool=  27 founders=2
[17/25] Bookmeds                         pool=  23 founders=0
[18/25] Medidart                         pool=   7 founders=1
[19/25] Savemymeds                       pool=   0 founders=0
[20/25] Flashdoor                        pool=  11 founders=1
[21/25] MyWash                           pool=  65 founders=3
[22/25] OneClickWash                     pool=  12 founders=3
[23/25] Coindelta                        pool=  21 founders=3
[24/25] Coinome                          pool=   1 founders=0
[25/25] BTCXIndia                        pool=   8 founders=0

PASS1 91/91 people: ambiguous=25 not_found=2 unique_name=2 verified_company=62
PASS2 25 companies, 42 founders found
searches used this run: 160
-> C:\Users\naani\OneDrive\Desktop\hubspot\crm_mirror\enrich\deadpool_resolved.json
