SignalHire credits: 3066 | ceiling this run: 200
companies to work: 96 (96 missing, 0 upgrade)

[  1/96]  -  Amazin automation solution   no route                                  
[  2/96] OK  Capshine                     search_company     Rasoul Oskouy          roskouy@yahoo.com
[  3/96] OK  SS Communication Services    search_company     Vinayak Patil          vinayakpatil096@gmail.com
[  4/96]  -  Mamaxpert                    no route                                  
[  5/96] OK  Dennis Lingo                 linkedin_profile   Romil Jain             dennislingoshirts@gmail.com
[  6/96] OK  Zwitch                       search_company     Randy Zwitch           rzwitch@gmail.com
[  7/96]  -  Fpl Vehicles                 no route                                  
[  8/96] OK  Buildmyghar                  search_company     Mohak Laddha           mohak.laddha@godrejproperties.com
[  9/96] OK  53Takeoffs                   linkedin_profile   Chitra Gurnani Daga    chitra@thrillophilia.com
[ 10/96]  -  Pinki Creation               no route                                  
[ 11/96]  -  Sellov                       no route                                  
[ 12/96] OK  ViDU                         search_company     Ashita Mishra          ashitamishraofficial@gmail.com
[ 13/96] OK  Booking Commerce             search_company     Jerry Louis            tojlouis@gmail.com
[ 14/96] OK  Bagisto                      linkedin_profile   Vipin Sahu             sahu.vipin@webkul.com
[ 15/96] OK  Intelli Admissions           linkedin_profile   Suraj Sapra            suraj.sapra@nopaperforms.com
[ 16/96] OK  ICA Pidilite                 search_company     Veeresh Malhan         veeresh.malhan@gmail.com
[ 17/96] OK  Arkance                      linkedin_profile   Greg Arranz            sg_arranz@yahoo.com
[ 18/96]  -  SmartUrbs                    no route                                  
[ 19/96] OK  myG                          search_company     Shaji AK               om@myg.in
[ 20/96]  -  iSolve CKYC                  no route                                  
[ 21/96] OK  LMES Academy                 linkedin_profile   Premanand Sethurajan   premanand2008@gmail.com
[ 22/96] OK  Esskay                       search_name        Niti Kashyap           nitik@esskay.in
[ 23/96]  -  Bunch Microtechnologies      no route                                  
[ 24/96] OK  Contractor Management Syst   search_company     Naved Baboolal         trinibulldog@hotmail.com
[ 25/96]  -  Indo Wagen                   no route                                  
[ 26/96] OK  Stradia                      search_company     Grégoire Cambray       gregoirecambray@gmail.com
[ 27/96] OK  TherapyMantra                search_company     Dr. Georgette Savvid   dr.georgettesavvides@gmail.com
[ 28/96]  -  Ecofrost                     no route                                  
[ 29/96]  -  Akrivia MHM                  search_company     Akrivia mhm            
[ 30/96] OK  Philmcgi                     search_company     ANAND SHEKHAR GAHLOT   anandshekhargahlot@gmail.com
[ 31/96]  -  Pixon energy                 linkedin_profile   Sergio Teichner        
[ 32/96]  -  Pray App                     no route                                  
[ 33/96]  -  Ayush Courses                no route                                  
[ 34/96]  -  Character Cosmetics          no route                                  
[ 35/96] OK  Fast Track                   search_company     Shirish Sharma         shirish.sharma@fasttrackteam.com
[ 36/96]  -  Stevandjols                  no route                                  
[ 37/96] OK  Shaurya Technologies         search_company     Kuldeep Yadav          kuldeepdv54@gmail.com
[ 38/96]  -  Interior Company             search_name        Dharmaraj ladwa        
[ 39/96] OK  House of Mangalam            linkedin_profile   Akshay Dujodwala       akshay05@gmail.com
[ 40/96]  -  DigiPlay                     search_company     Lisa Holley            
[ 41/96] OK  PhoneWale                    linkedin_profile   Harsh Kotak            hbkotak@gmail.com
[ 42/96]  -  AASOKA                       no route                                  
[ 43/96] OK  Skool                        search_company     Richard Alvarenga      alvarengarichard@gmail.com
[ 44/96] OK  Fitness Standard             linkedin_profile   Sanya Goyal            sanyagoyal@aceinternational.co.in
[ 45/96]  -  Open Financial Technologie   no route                                  
[ 46/96] OK  EVCD                         linkedin_profile   H S Singh              hs@radiusworld.com
[ 47/96] OK  Exide Energy Solutions       linkedin_profile   Mandar Deo             deomandar@gmail.com
[ 48/96] OK  Nebulae                      search_company     Sam Xiao               samuelxiao2013@gmail.com
[ 49/96]  -  Trustwell Hospitals          no route                                  
[ 50/96]  -  Hansa Cequity’s proprietar   no route                                  
[ 51/96]  -  Kenko Health                 no route                                  
[ 52/96]  -  Alt Smart                    search_company     Eby Joy Fernandez      
[ 53/96] OK  AARAN 1 Engineering          linkedin_profile   Gavin Price            gavin.price13@gmail.com
[ 54/96]  -  Josh                         no route                                  
[ 55/96]  -  TrackUrCargo                 no route                                  
[ 56/96] OK  Music Plus                   search_company     Amy Hopson             amy.e.hopson@gmail.com
[ 57/96] OK  Collexo                      linkedin_profile   Suraj Sapra            suraj.sapra@nopaperforms.com
[ 58/96] OK  Cost it right                linkedin_profile   Sunil Rawat            sunil@systematixindia.com
[ 59/96]  -  GigIndia                     search_company     Aditya Shirole         
[ 60/96]  -  MedAce                       no route                                  
[ 61/96]  -  Badiya Naukri                no route                                  
[ 62/96]  -  Maxzone Clothing             search_company     Gaurav Agarwal         
[ 63/96]  -  InstaDent                    no route                                  
[ 64/96] OK  Wmall                        linkedin_profile   Anubhav Singh          anubhavs786@gmail.com
[ 65/96] OK  AIR MECH                     search_company     jeff kirkes            kirkes@live.com
[ 66/96] OK  Prayag Polymers              linkedin_profile   Nitin Agarwal          nitin_aggarwal78@yahoo.com
[ 67/96]  -  Lokacart                     search_company     Anand Rajguru          
[ 68/96]  -  ALEOR Dermaceuticals         no route                                  
[ 69/96] OK  RCRS Innovations             linkedin_profile   Aayush Goyal           aayushgoyal1120@gmail.com
[ 70/96] OK  mxface                       linkedin_profile   Hiren Bhandari         hiren@mantratec.com
[ 71/96] OK  Norex                        linkedin_profile   Vaibhav Agrawal        norex@norex.in
[ 72/96] OK  Workozy                      search_company     Zeeshan Akhtar         eivish.zee@gmail.com
[ 73/96] OK  Swayam                       linkedin_profile   Vijay Jain             vijay@techminfy.com
[ 74/96]  -  Gigmo Solutions              no route                                  
[ 75/96]  -  TAB                          no route                                  
[ 76/96]  -  Happy Harvest Farms          search_company     Charles Boldwyn        
[ 77/96]  -  TSNplay                      no route                                  
[ 78/96] OK  Nithra Jobs                  linkedin_profile   Gokulanathan Ponnusa   tst_gokul@yahoo.co.in
[ 79/96]  -  AtEase                       search_company     Seun Kazeem            
[ 80/96] OK  Integro Finserv              linkedin_profile   K P Sreejith .         rvi1957@rediffmail.com
[ 81/96]  -  UXJobs India                 no route                                  

!! SignalHire quota hit — rerun later, it resumes.

worked 87 companies | emails found for 45 | credits 3066 -> 3021
merged 45 enriched emails back into C:\Users\naani\OneDrive\Desktop\hubspot\exports\opsdata\opsdata_net_new_500.json
