total rows: 159
  [1/159] Dr. Vikas Agarwal (Dentalkart) -> vikas.aggarwal@dentalkart.com
  [2/159] Vikas Chawla (Social Beat) -> vikas@influencer.in
  [3/159] Rohit Chawla (Bridging Gaps) -> rohit@bridginggaps.co.in
  [4/159] Ram Kolavennu (Foundation for Excellence) -> ram@ffe.org
  [5/159] Kavya Jayaprakash (TalentXO) -> kavya.j@talentxo.com
  [6/159] Gautam C. (BeatO, Health Arx Technologies Pvt Ltd) -> gautam@beatoapp.com
  [7/159] V Lakshmi Chirravuri (Culturelligence) -> vlakshmichirravuri@gmail.com
  [8/159] Ajay Upadhyay (InstantPay) -> ajay@instantpay.in
  [9/159] Ashok Kulkarni (WTE Infra Projects Pvt. Ltd.) -> ashok.kulkarni@wteinfra.com
  [10/159] Raja Babu Kalla (Roofsol Energy Pvt Ltd) -> rajababukalla@gmail.com
  [11/159] Siddharth Devnani (SoCheers.) -> siddharth.devnani@socheers.net
  [12/159] P. M. Sukumar (HarperCollins India Ltd) -> (none)
  [13/159] Govardhan K (Turno) -> govardhan@turno.club
  [14/159] Sidharth Ravichandran (RegisterKaro) -> sidharth@registerkaro.in
  [15/159] Dipankar Pal (Roofsol Energy Pvt Ltd) -> dipankar@roofsol.com
  [16/159] Twinkle Janagal (Prosperr.io) -> twinkle@prosperr.io
  [17/159] Shreyash Parekh (House of Masaba) -> shreyash.parekh@houseofmasaba.com
  [18/159] Kunal Jain (Analytics Vidhya) -> kunal.jain@analyticsvidhya.com
  [19/159] Nitya Sharma (Simpl) -> nitya@getsimpl.com
  [20/159] Raj Seelam (Sresta Natural Bioproducts Pvt Ltd.) -> rajseelam@srestaorganic.com
  [21/159] Srihari R Dhondalay (RegisterKaro) -> srihari@registerkaro.in
  [22/159] Sonakshi S Bhowmik (Prosperr.io) -> sonakshi.bhowmik@prosperr.io
  [23/159] Anish Achuthan (Open Financial Technologies) -> anish@bankopen.co
  [24/159] Dev Kumar (Prosperr.io) -> dev.kumar@prosperr.io
  [25/159] Ram Naresh Sunku (Vridhi Finserv Home Finance Limited) -> ramnaresh07@gmail.com
  [26/159] Neerav Nanavaty (BluPine Energy ) -> neerav.nanavaty@blupineenergy.com
  [27/159] Manik Verma (Amura Marketing Technologies) -> (none)
  [28/159] Anshuman  Gupta (HuntingCube) -> anshuman@huntingcube.com
  [29/159] Ravi Saxena (Wonderchef Home Appliances Pvt Ltd.) -> ravi@wonderchef.in
  [30/159] bonth newme (La newme salon) -> (none)
  [31/159] khilan patel (The Agricultural and Processed Food Products Export Development Authority (APEDA)) -> (none)
  [32/159] Kavikrut . (T-Hub) -> kavikrut@gmail.com
  [33/159] Maneesh Singh (Ampersand Group) -> mksinghtx@gmail.com
  [34/159] Manvender Singh (Accredian) -> msrrautela@gmail.com
  [35/159] Mabel Chacko (Open Financial Technologies Private Limited) -> mabel@bankopen.co
  [36/159] Jyoti Sharma (nasscom foundation ) -> jyoti@nasscomfoundation.org
  [37/159] Vaishnav ‚Äé (Zupee) -> vaishnav@me.iitr.ac.in
  [38/159] Sriram Rajagopal (Diamondpick) -> (none)
  [39/159] Madhav Krishna (Vahan.ai) -> madhav@vahan.co
  [40/159] Adish D Shetty (Social Blazee) -> (none)
  [41/159] Mayank Tiwari (HuntingCube) -> mayank@huntingcube.com
  [42/159] Varun Kabra (TalentXO) -> varun.kabra@talentxo.com
  [43/159] Ajeesh Achuthan (Open Financial Technologies Private Limited) -> ajeesh@bankopen.co
  [44/159] Satya Sai Sriram (SSS) (Prosperr.io) -> saisriram300@gmail.com
  [45/159] Shruti Singh (Prosperr.io) -> shruti.singh@recro.io
  [46/159] Suneil Chawla (Social Beat) -> suneil@influencer.in
  [47/159] Anantha Padmanabhan (HarperCollins Publishers India) -> ananth@harpercollins-india.com
  [48/159] Ashwani Singh (HuntingCube) -> ashwani@huntingcube.com
  [49/159] Siddhant Jain (Prosperr.io) -> siddhant@ivycamp.in
  [50/159] Balasubramanian N (Sresta Natural Bio Products) -> bala.n@srestaorganic.com
  [51/159] Nikhil Bhogaraju (Accredian) -> nikhil@insaid.co
  [52/159] Hemanth Aluru (Turno) -> hemanth@turno.club
  [53/159] Ishmeet Singh (Central Square Foundation) -> ishmeet@centralsquarefoundation.org
  [54/159] Vinod Naik (NewMe) -> vinod@newme.asia
  [55/159] Anirudh Kandpal (The Postcard Hotel) -> anirudh@postcardresorts.com
  [56/159] Sunil Mehta (Vridhi Finserv Home Finance Limited) -> sunil@vridhihomefinance.com
  [57/159] Ekta Sharma (Sunsure Energy) -> ekta.sharma@sunsure.in
  [58/159] Dilsher Malhi (Zupee) -> dilsher.malhi@zupee.in
  [59/159] Yash Sehgal (BeatO, Health Arx Technologies Pvt Ltd) -> yash@beatoapp.com
  [60/159] Arun  Jha ( Bihar Agricultural and Processed Foods Export Development Trust) -> (none)
  [61/159] Abhishek Saxena (Vridhi Home Finance) -> abhishek@oliveglobal.com
  [62/159] Prasad Kulkarni (WTE Infra Projects Pvt. Ltd.) -> prasad@wteinfra.com
  [63/159] Aditi Khanna (Zupee) -> khannaaditi405@gmail.com
  [64/159] Shourya Kumar (BluPine Energy) -> shouryak70@gmail.com
  [65/159] Bhaskar Kakani (BITSILICA) -> bhaskar.k@bitsilica.com
  [66/159] Dr. Navneet Agrawal (BeatO) -> navneet.agrawal@beatoapp.com
  [67/159] Siddhant Saurabh (Zupee) -> siddhant.saurabh@zupee.com
  [68/159] Jai Goyal (TalentXO) -> jai.goyal@talentxo.com
  [69/159] Mehul Gupta (SoCheers) -> mehul.gupta@socheers.net
  [70/159] Imran Rathod (Green infra projects) -> imranrathod23@outlook.com
  [71/159] Himanshi Singh (Analytics Vidhya) -> himanshi@analyticsvidhya.com
  [72/159] Sudhindra Reddy (Turno) -> pidapasudhir@gmail.com
  [73/159] Deena Jacob (Open Financial Technologies Private Limited) -> deena@bankopen.co
  [74/159] Dhwani Shah (newme) -> dhwani@newme.asia
  [75/159] Shailendra Agarwal (Instantpay) -> sa@instantpay.in
  [76/159] Kiran Vunnam (BigHaat India) -> kiran.v@bighaat.com
  [77/159] Masaba Gupta (House of Masaba) -> masaba@genesiscolors.com
  [78/159] Sachin Nandwana (BigHaat India) -> sachin@bighaat.com
  [79/159] Suraj Mishra (Learning Routes) -> suraj.m@learningroutes.in
  [80/159] Rutuja N. (Prosperr.io) -> rsvnaigade@gmail.com
  [81/159] Joel Dsouza (RegisterKaro) -> joel@registerkaro.in
  [82/159] Kartavya Chopra (Dentalkart) -> (none)
  [83/159] CA. Ankush Sharma (IPLTech Electric Private Limited) -> ankushs.ca@gmail.com
  [84/159] Kunal Kinalekar (BeatO, Health Arx Technologies Pvt Ltd) -> kunal@beatoapp.com
  [85/159] Saharsh Jhawar (WebEngage) -> saharsh29jhawar@gmail.com
  [86/159] Dhanya Nair (Open Financial Technologies) -> kyle.long@fiserv.com
  [87/159] Gurusharan Singh (Career Comfort) -> (none)
  [88/159] Aayushman Chakraborty  (BeatO) -> aayushman.chakraborty@beatoapp.com
  [89/159] Shanthakumar G (Diamondpick) -> gshanthu@gmail.com
  [90/159] Dheeraj Chhabra (Learning Routes Pvt. Ltd.) -> dheeraj.c@learningroutes.in
  [91/159] vidhu verma (NGO- Bridging gaps in Cancer Care) -> (none)
  [92/159] Siddharth  Bhatia (Sunsure Energy) -> siddharth.bhatia@sunsure.in
  [93/159] Sandeep Arora (Vridhi Finserv Home Finance Limited) -> sandeep@vridhihomefinance.com
  [94/159] R S K (r3 Consultant) -> rasmeet.khanduja83@gmail.com
  [95/159] Masaba Gupta (House of Masaba) -> masaba.gupta@masabainc.com
  [96/159] Gaurav Singh (Vahan.ai) -> (none)
  [97/159] Jaymin Sharma (Sunsure Energy) -> jaymin.sharma@sunsure.in
  [98/159] Mala Isaac (BHIVE Workspace) -> maria12mala@gmail.com
  [99/159] Akshat Jain (The Viral Fever) -> akshat8nov@gmail.com
  [100/159] Vishal Kumar (Prosperr.io) -> vishal@prosperr.io
  [101/159] Subrata Dey (Apparel Resources) -> subrataday@gmail.com
  [102/159] Sanjana Katireddy (Prosperr.io) -> (none)
  [103/159] Nakul Chopra (BARC India) -> nakul.chopra@publicisindia.com
  [104/159] Kalp Lodha (New Dawn, Delhi) -> (none)
  [105/159] Prashant Reddy (BHiVE Workspace) -> prshntrdy@gmail.com
  [106/159] Arunabh Kumar (The Viral Fever ( TVF) , Contagious Online Media Network Pvt. Ltd. ) -> arunabh@theviralfever.com
  [107/159] Umed UMED (Captain Tractors Pvt. Ltd.) -> (none)
  [108/159] Suneil Chawla (Social Beat) -> suneil@influencer.in
  [109/159] Saloni Saxena (Krutrim) -> salonisaxena8697@gmail.com
  [110/159] Nisha Shetty (Vridhi Finserv Home Finance Limited) -> nisha.shetty@vridhihomefinance.com
  [111/159] Shrey Singh (Recruitment Hub) -> assurejobsglobally@gmail.com
  [112/159] Vahan Solution (Vahan Solution ) -> (none)
  [113/159] Dev Patel (Vridhi Finserv Home Finance Limited) -> 200100109@iitb.ac.in
  [114/159] Arun Nalavadi (Wonderchef Home Appliances Pvt Ltd) -> nalavadinikit@gmail.com
  [115/159] Yogesh Mishra (Digital Vahan ) -> (none)
  [116/159] Anjali Arya (The Agricultural and Processed Food Products Export Development Authority (APEDA)) -> (none)
  [117/159] Hemanth Aluru (Turno) -> (none)
  [118/159] Alpa Gupta (Mindcrest Seminars (India)) -> (none)
  [119/159] Divya nand (Entrepreneur India) -> (none)
  [120/159] Raghu Veer (MIND WION) -> bornultimatum007@gmail.com
  [121/159] Rachit Surale (The Youth United) -> (none)
  [122/159] The Viral Studio (The Viral Studio) -> (none)
  [123/159] Amit Singh (Capital Placement Services Gurgaon Delhi Noida Manesar Bawal Neemrana Bhiwadi Sohna Road) -> (none)
  [124/159] Yuhan Baston (T-Hub) -> (none)
  [125/159] Central Square Foundation (Central Square Foundation) -> (none)
  [126/159] vishwajit kale (captain) -> (none)
  [127/159] Vidhya Translations (Vidhya Translations) -> (none)
  [128/159] Excellence Foundation Social Market Research Association Kerala (Excellence Foundation) -> (none)
  [129/159] DIGITAL KATTA (Entrepreneur India) -> (none)
  [130/159] Marketing Admin (Turno) -> (none)
  [131/159] Recruiter Turno (Turno) -> turno@turnoev.com
  [132/159] Asit Kulkarni (Vahan Purchase) -> (none)
  [133/159] Kvins Organic (Entrepreneur India) -> (none)
  [134/159] Vahan parking (VAHAN PARKING) -> (none)
  [135/159] Anil Kejriwal (Entrepreneur India) -> (none)
  [136/159] Vidhya Teacher (vidhya infotech) -> (none)
  [137/159] Srinivas naidu (Recruitment services) -> (none)
  [138/159] Kk Kk (Zupee) -> (none)
  [139/159] Ajay King (Rajiv Gandhi Prodyogiki Vishwavidyalaya) -> (none)
  [140/159] Ravindra M.K (BHIVE Workspace) -> ravi@bhiveworkspace.com
  [141/159] Kapil Chopra (EazyDiner) -> kapil@eazydiner.com
  [142/159] Sumit Jasoria (NEWME) -> sumit@misfit.tech
  [143/159] Shesh Rao Paplikar (BHIVE Workspace) -> shesh@bhive.fund
  [144/159] Raman Bansal (The Postcard Hotel) -> raman@postcardresorts.com
  [145/159] Sparsh Gupta (VWO) -> sparsh.gupta@vwo.com
  [146/159] Ravish Gupta (Bridging Gaps Infosystems) -> ravish@bridginggaps.co.in
  [147/159] Parshant Mittal (AlphaGrep) -> parshant.mittal@alpha-grep.com
  [148/159] Milind Hanchinmani (Smt. Vidya P Hanchinmani Educational Institutions) -> milind.hanchinmani@intc.com
  [149/159] Ashish Dhawan (The Convergence Foundation) -> ashish@theconvergencefoundation.org
  [150/159] Monnappa Bayavanda (PRFM) -> monnappa@bhiveworkspace.com
  [151/159] Subhankar Nanda (Tata Swach By Ncourage Foundation) -> subhankar.nanda@youthindiaeschool.com
  [152/159] Sumain Malik (SCC Online) -> sumain.malik@scconline.com
  [153/159] Swapnil Singh (Campus Fund) -> yashzx68327@gmail.com
  [154/159] Rajesh Movaliya (Corporate Connections Global, LLC) -> rajesh@corporateconnections.com
  [155/159] DEEPAK ARYA (Recruiting India) -> recruiting.india@outlook.com
  [156/159] Rahul M Pateriya (Vidhya innovative Technology) -> (none)
  [157/159] Ranjan De (School of Liberal Arts Studies (SoLAS) RVU) -> bgii2025@gmail.com
  [158/159] Iftikhar Islam (Excellence Foundation) -> (none)
  [159/159] The Beat social Media Marketing (The Beat Soclial Media Marketing ) -> thebeatsmm@gmail.com

wrote /Users/bhanu/Desktop/hubspot/godown/company_ops_pilot_enriched.csv
emails: 119/159 (89 official) | phones: 94/159
