[36m[apify.linkedin-profile-scraper runId:sMbe0bVto1d1Py12d][0m -> Status: RUNNING, Message: 
[36m[apify.linkedin-profile-scraper runId:sMbe0bVto1d1Py12d][0m -> 2026-08-25T10:56:06.284Z [33mACTOR: [39mPulling container image of build 6rtqSfTQu3vs5trhg from registry.
[36m[apify.linkedin-profile-scraper runId:sMbe0bVto1d1Py12d][0m -> 2026-08-25T10:56:06.286Z [33mACTOR: [39mCreating container.
[36m[apify.linkedin-profile-scraper runId:sMbe0bVto1d1Py12d][0m -> 2026-08-25T10:56:06.410Z [33mACTOR: [39mStarting container.
[36m[apify.linkedin-profile-scraper runId:sMbe0bVto1d1Py12d][0m -> 2026-08-25T10:56:06.412Z [33mACTOR: [39mRunning under "LIMITED_PERMISSIONS".
[36m[apify.linkedin-profile-scraper runId:sMbe0bVto1d1Py12d][0m -> 2026-08-25T10:56:07.167Z [32mINFO[39m  System info[90m {"apifyVersion":"3.7.2","apifyClientVersion":"2.22.2","crawleeVersion":"3.16.0","osType":"Linux","nodeVersion":"v20.20.2"}[39m
[36m[apify.linkedin-profile-scraper runId:sMbe0bVto1d1Py12d][0m -> 2026-08-25T10:56:07.287Z Starting item#1 {"query":"https://www.linkedin.com/in/roshanbajaj"}...
[36m[apify.linkedin-profile-scraper runId:sMbe0bVto1d1Py12d][0m -> 2026-08-25T10:56:07.302Z Starting item#2 {"query":"https://www.linkedin.com/in/imvatsalsonani"}...
[36m[apify.linkedin-profile-scraper runId:sMbe0bVto1d1Py12d][0m -> 2026-08-25T10:56:07.303Z Starting item#3 {"query":"https://www.linkedin.com/in/ai-consultant"}...
[36m[apify.linkedin-profile-scraper runId:sMbe0bVto1d1Py12d][0m -> 2026-08-25T10:56:07.305Z Starting item#4 {"query":"https://www.linkedin.com/in/kalpeshgajera"}...
[36m[apify.linkedin-profile-scraper runId:sMbe0bVto1d1Py12d][0m -> 2026-08-25T10:56:07.307Z Starting item#5 {"query":"https://www.linkedin.com/in/jayram-prajapati"}...
[36m[apify.linkedin-profile-scraper runId:sMbe0bVto1d1Py12d][0m -> 2026-08-25T10:56:07.308Z Starting item#6 {"query":"https://www.linkedin.com/in/ravi-vagadiya"}...
[36m[apify.linkedin-profile-scraper runId:sMbe0bVto1d1Py12d][0m -> 2026-08-25T10:56:07.310Z Starting item#7 {"query":"https://www.linkedin.com/in/vijayvamja"}...
[36m[apify.linkedin-profile-scraper runId:sMbe0bVto1d1Py12d][0m -> 2026-08-25T10:56:07.311Z Starting item#8 {"query":"https://www.linkedin.com/in/lavpatel-nexgits"}...
[36m[apify.linkedin-profile-scraper runId:sMbe0bVto1d1Py12d][0m -> 2026-08-25T10:56:07.313Z Starting item#9 {"query":"https://www.linkedin.com/in/azhar-mansuri-89956142"}...
[36m[apify.linkedin-profile-scraper runId:sMbe0bVto1d1Py12d][0m -> 2026-08-25T10:56:07.314Z Starting item#10 {"query":"https://www.linkedin.com/in/sandip-patel-b2709143"}...
[36m[apify.linkedin-profile-scraper runId:sMbe0bVto1d1Py12d][0m -> 2026-08-25T10:56:07.316Z Starting item#11 {"query":"https://www.linkedin.com/in/nikunj-shingala-a6114060"}...
[36m[apify.linkedin-profile-scraper runId:sMbe0bVto1d1Py12d][0m -> 2026-08-25T10:56:07.317Z Starting item#12 {"query":"https://www.linkedin.com/in/bhavin-p-317a70152"}...
[36m[apify.linkedin-profile-scraper runId:sMbe0bVto1d1Py12d][0m -> 2026-08-25T10:56:07.319Z Starting item#13 {"query":"https://www.linkedin.com/in/sagar-poojara-5a3970158"}...
[36m[apify.linkedin-profile-scraper runId:sMbe0bVto1d1Py12d][0m -> 2026-08-25T10:56:07.320Z Starting item#14 {"query":"https://www.linkedin.com/in/mirajkoradiya"}...
[36m[apify.linkedin-profile-scraper runId:sMbe0bVto1d1Py12d][0m -> 2026-08-25T10:56:07.322Z Starting item#15 {"query":"https://www.linkedin.com/in/krunaljariwala"}...
input: 180 people (Gujarat Sales Nav rows that were actually pushed to HubSpot)
unique profile URLs: 180

=== Stage 1: people scrape (harvestapi/linkedin-profile-scraper) ===
est. cost: $0.72 (Profile details, no email — $4/1k)
run started: sMbe0bVto1d1Py12d
  status: RUNNING
  status: RUNNING
  status: RUNNING
  status: RUNNING
  status: RUNNING
  status: SUCCEEDED
people scrape returned 180 items
people succeeded: 180 | failed/missing: 0

=== Stage 2: extracting current-company LinkedIn URLs from experience data ===
sample top-level keys: ['id', 'publicIdentifier', 'linkedinUrl', 'firstName', 'lastName', 'emails', 'headline', 'openToWork', 'hiring', 'premium', 'influencer', 'memorialized', 'creator', 'location', 'objectUrn', 'registeredAt', 'topSkills', 'connectionsCount', 'followerCount', 'verified', 'about', 'currentPosition', 'profileTopEducation', 'profileActions', 'profilePicture', 'coverPicture', 'photo', 'profileLocales', 'primaryLocale', 'multiLocaleHeadline', 'services', 'experience', 'education', 'certifications', 'projects', 'volunteering', 'receivedRecommendations', 'skills', 'publications', 'courses', 'patents', 'honorsAndAwards', 'languages', 'organizations', 'causes', 'featured', 'composeOptionType', 'moreProfiles', 'interests', 'originalQuery']
experience field name: experience
sample experience[0] keys: ['position', 'location', 'employmentType', 'workplaceType', 'companyName', 'companyLinkedinUrl', 'companyId', 'duration', 'description', 'skills', 'startDate', 'endDate', 'companyLogo', 'companyUniversalName']

wrote inspection sample -> /Users/bhanu/Desktop/hubspot/godown/gujarat_qualify/apify_out/people_sample_for_inspection.json
STOPPING HERE for manual inspection of the real field structure before Stage 2 extraction logic is finalized.
