Group A (move to Dead/WrongFit): 102
Group B (Coimbatore, note only): 13
  MOVED [1] Celestial Systems Inc
  MOVED [2] Togglebytes Technologies
  MOVED [3] Regenapps Clouds Private Limited
  MOVED [4] Teqlawn
  MOVED [5] Achala IT Solutions Private Limited
  MOVED [6] Pentechs
  MOVED [7] Smart Analytica
  MOVED [8] Shreeji Software
  MOVED [9] TRooTech Business Solutions
  MOVED [10] X-Netics
  MOVED [11] Tameta Tech
  MOVED [12] Miracuves Solution
  MOVED [13] ITC Infotech
  MOVED [14] Dayananda Sagar University
  MOVED [15] Insomniacs
  MOVED [16] Nippon Data Systems
  MOVED [17] Navtech
  MOVED [18] Hinduja Tech
  MOVED [19] TatvaSoft
  MOVED [20] Kalgisoft Technologies
  MOVED [21] Nimblechapps Pvt. Ltd.
  MOVED [22] Techno Hustlers
  MOVED [23] delaPlex
  MOVED [24] Naatscorp Private Limited
  MOVED [25] Webomatic Softech
  MOVED [26] Cyber Curate Tech
  MOVED [27] Growel Softech Pvt Ltd
  MOVED [28] Akoode Technologies
  MOVED [29] Kreeti Technologies
  MOVED [30] Expro Lab
  MOVED [31] True Code Masters
  MOVED [32] latlontechnologies
  MOVED [33] Cantik Technologies Private Limited
  MOVED [34] ElasticDevs
  MOVED [35] Visuotech
  MOVED [36] GenX Solutions
  MOVED [37] HP Services
  MOVED [38] Code Ethics
  MOVED [39] Web Technoedge Solutions Pvt Ltd
  MOVED [40] iEdgeSoft Solutions
  MOVED [41] Redkite Network LLP
  MOVED [42] Bitsquad Software
  MOVED [43] Ai Web Media
  MOVED [44] TurtlTech
  MOVED [45] Briskcovey Technologies
  MOVED [46] Delta Technology & Management Services P
  MOVED [47] RCV Technologies
  MOVED [48] FindErnest
  MOVED [49] OpenUI
  MOVED [50] DesignDemonz
  MOVED [51] ERP Peers
  MOVED [52] Shyro Health Private Limited
  MOVED [53] SSM SecAI Technology and R&D Services Pr
  MOVED [54] Frontierwox Tech Private Limited
  MOVED [55] Trenser Technology Solutions (P) Ltd.
  MOVED [56] Dot Com Infoway
  MOVED [57] Milestone Technologies
  MOVED [58] drcsystems
  MOVED [59] hiringhood
  MOVED [60] Deepija Telecom Pvt. Ltd.
  MOVED [61] Rextech Studios
  MOVED [62] ease
  MOVED [63] ethosindia
  MOVED [64] ViitorCloud
  MOVED [65] Adrenalin eSystems Ltd
  MOVED [66] Jupiter Orison Private Limited
  MOVED [67] Goldenmace IT Solutions
  MOVED [68] Web Soft Valley
  MOVED [69] DigiVend Technologies
  MOVED [70] Amazon Web Services India Private Limite
  MOVED [71] Envision Enterprise Solutions Ltd
  MOVED [72] NEC Corporation India
  MOVED [73] Hepmade
  MOVED [74] WebservX
  MOVED [75] AV Technosys
  MOVED [76] UCFER
  MOVED [77] elint AI
  MOVED [78] Aspira Global Technologies
  MOVED [79] RISING IT SOLUTIONS
  MOVED [80] ELITIST SOFTWARE SOLUTIONS LLP
  MOVED [81] Hostmud
  MOVED [82] MOAR Advisory Services
  MOVED [83] Prognos Labs
  MOVED [84] Mind Merge Soft Tech Private Limited
  MOVED [85] Ciphershield Technologies Private Limite
  MOVED [86] Triniti Advanced Software Labs Pvt. Ltd.
  MOVED [87] Tetrasoft India Pvt Ltd
  MOVED [88] Codegnan IT solutions
  MOVED [89] Tredence Inc
  MOVED [90] azilen
  MOVED [91] Toonz Animation India Pvt. Ltd.
  MOVED [92] Informatica Business Solutions Pvt. Ltd.
  MOVED [93] CDK Global (India) Pvt. Ltd.
  MOVED [94] Inteq Software LLP
  MOVED [95] CodeDesign Technologies Pvt Ltd
  MOVED [96] SCMAI Digital
  MOVED [97] wns
  MOVED [98] Bosch Global Software Technologies Priva
  MOVED [99] valuemomentum
  MOVED [100] Zaggle Prepaid Ocean Services Pvt. Ltd.
  MOVED [101] vsoft
  MOVED [102] Aapilok Softech Pvt. Ltd.
  FLAGGED [1] iDevopz 
  FLAGGED [2] Cogniv Technologies
  FLAGGED [3] Quadrasystems.net India Pvt Ltd
  FLAGGED [4] Best Outcomes
  FLAGGED [5] AKodefy Info Tech
  FLAGGED [6] Zenzys
  FLAGGED [7] Prajai Technology Private Limited
  FLAGGED [8] PITOWINGS
  FLAGGED [9] Vimix Technologies LLP
  FLAGGED [10] Cove Solutions
  FLAGGED [11] Pepy Technologies
  FLAGGED [12] Docmint
  FLAGGED [13] I DigiMeta Technology Pvt Ltd

Group A: 102 moved to Dead/WrongFit
Group B: 13 flagged with a note
