input ready list: 93
re-checked against current HubSpot state: 0 now-duplicate, 93 to push
   NEW [1] Yuktha  Squadl Technologies           Naveenkumar Kandhasamy
   NEW [2] Lamiya  MEGA BYTE IT SERVICES         Bharathkishore Sadasivam
   NEW [3] Yuktha  RUTE                          Eliyezer  Moses JS
   NEW [4] Lamiya  Qubitam Technologies          Selvakumar Sennimalaigounder
   NEW [5] Yuktha  Biblubox                      Jagan S.
   NEW [6] Lamiya  iDevopz                       Manikandan D
   NEW [7] Yuktha  Anmaya Healthcare Technologi  Pradeep Muruganandam
   NEW [8] Lamiya  Fuzionest Private Limited     Tamilarasu M
   NEW [9] Yuktha  Coimbatore Cad Solutions Pvt  Abdullah J
   NEW [10] Lamiya  SIERRA ODC Private Limited,   Giridhar JG
   NEW [11] Yuktha  Smart Fusion                  Ravi Dharma
   NEW [12] Lamiya  Salesgear                     Surender Nadarajan
   NEW [13] Yuktha  ATNA Technologies             Gopalakrishnan S
   NEW [14] Lamiya  Prologiq Business Services    Dhiraj Sarin
   NEW [15] Yuktha  VSecure Networks              Mithunraja Muthusamy
   NEW [16] Lamiya  Skyappz Software India Pvt L  HARIHARASUDHAN M
   NEW [17] Yuktha  FortRise Business Solutions   John S.
   NEW [18] Lamiya  Cogniv Technologies           Jeswanth Vijay
   NEW [19] Yuktha  ServerCake India              Nandhini Arivarasan
   NEW [20] Lamiya  Quadrasystems.net India Pvt   Prashanth Subramanian
   NEW [21] Yuktha  Best Outcomes                 Jay Vignesh
   ATTACHED [1] ServerCake India              Amith Kumar Kalimuthu -> existing deal 343799954169
   NEW [22] Yuktha  Triumphal Tech Solutions      David Peter Rajkumar
   NEW [23] Lamiya  Magnion Technology Factory    Markandan Maharajan
   NEW [24] Yuktha  Pepy Fishing                  Pravin Thangavel
   NEW [25] Lamiya  Albega Solutions (I) Pvt Ltd  Alten Antony Mendez
   NEW [26] Yuktha  Stackbill Private Limited     Ravichandran P
   NEW [27] Lamiya  eCAPS, Cybersecurity & Netwo  Suresh G
   NEW [28] Yuktha  AKodefy Info Tech             Arun Karthick S
   NEW [29] Lamiya  Petrus Technologies           Chandrashekar Ramachandran
   ATTACHED [2] Quadrasystems.net India Pvt   Nagaraj Ponnuswamy -> existing deal 343853060812
   NEW [30] Lamiya  USAM CADSOFT (INDIA) PRIVATE  Sivakumar Srinivasan
   ATTACHED [3] iDevopz                       Geetha Subramani  -> existing deal 343799954168
   NEW [31] Lamiya  AGAM Technologies             Biju Balakrishnan
   NEW [32] Yuktha  MS IT PARK                    Sridharan Yuvaraja
   NEW [33] Lamiya  Zenzys                        Sarath Prasad
   NEW [34] Yuktha  Prajai Technology Private Li  Arunkumar Gowrishankar
   NEW [35] Lamiya  Drylogics                     Einstein Vasanth
   NEW [36] Yuktha  PITOWINGS                     Prem T 
   NEW [37] Lamiya  HackupTechnology              Dinesh Paranthagan
   NEW [38] Yuktha  Craftpixels                   Madhan Raj
   NEW [39] Lamiya  I-BACUS-TECH SOLUTIONS PRIVA  Suresh Warrier
   NEW [40] Yuktha  BLUEZ INFOMATIC SOLUTION      Chandrakumar S
   NEW [41] Lamiya  Vimix Technologies LLP        Palanivel  Rajan M
   NEW [42] Yuktha  INDSYS Techservices India Pr  Ganesan Velusamy
   NEW [43] Lamiya  SPORADA SECURE INDIA PRIVATE  Vengudupathi G
   NEW [44] Yuktha  Cove Solutions                Raji Vengatasalam
   NEW [45] Lamiya  ZivaOne                       KRISHNAKUMAR ANANDAN
   NEW [46] Yuktha  Cloudvalley Technologies      Gowtham Aravind  R
   NEW [47] Lamiya  Young Globes Technologies     Arunkumar M
   NEW [48] Yuktha  SparkDial Online Services Pv  Spark Vijay
   NEW [49] Lamiya  Yectra Technologies           Kumar R.
   NEW [50] Yuktha  Logimax Technologies Pvt Ltd  Muthukumar Purushothaman
   NEW [51] Lamiya  AmulyaInfotech India Pvt Ltd  Roopa Prabhakar
   NEW [52] Yuktha  Pepy Technologies             Gopinath Krishnasamy
   NEW [53] Lamiya  Codepluse Gen Private Limite  GOWTHAM M
   NEW [54] Yuktha  CLOUDDREAMS                   Gowtham Lakshmanan
   NEW [55] Lamiya  SuperLabs India               Sivakumar S
   NEW [56] Yuktha  Linlax InfoTech Pvt Ltd       Purushothaman Lingaswamy
   NEW [57] Lamiya  Dreamwebby W3 Services        Dhivya S
   NEW [58] Yuktha  ByVal Technologies India Pvt  Santhosh Kumar S
   ATTACHED [4] AssistanZ Networks Pvt Ltd    Amal Ranjith -> existing deal 343771311837
   ATTACHED [5] SIERRA                        Madhan Kumar -> existing deal 343856624334
   ATTACHED [6] ByVal Technologies India Pvt  Vinod Vetrivel -> existing deal 343771311842
   NEW [59] Yuktha  Atom Training Lab, A divisio  Raj Krishna
   ATTACHED [7] Elevated Remote Services      Suresh Veluchamy -> existing deal 343134911187
   NEW [60] Yuktha  GBSolutions                   Baskar M
   NEW [61] Lamiya  Beta Technologies India Pvt   Ramesh Lakshman
   NEW [62] Yuktha  Aosta Software                Inder Davalur
   NEW [63] Lamiya  Synube Technology Solutions   Aswani Kumar
   NEW [64] Yuktha  Geekeyy Engineering co.,      Pranesh Kumar
   NEW [65] Lamiya  Infotrend Software Technolog  balachandran palanisamy
   NEW [66] Yuktha  Rajsri Computers              Arun Raj
   NEW [67] Lamiya  Hexamarvel Technologies Pvt   Subramaniyan Duraikkannu
   NEW [68] Yuktha  Maylancer Techios             Mayukha Selvaraj
   NEW [69] Lamiya  Rosemallow Technologies Pvt   Ramesh Babu Kandaswami
   NEW [70] Yuktha  Docmint                       Alwar S.
   NEW [71] Lamiya  I DigiMeta Technology Pvt Lt  Rizwan Ahamed S
   NEW [72] Yuktha  Namboodiri's Care             Manoj Parameswaran
   NEW [73] Lamiya  JuzGoDigital                  Vishal Venkatesan
   NEW [74] Yuktha  Increatech Business Solution  Dinesh kumar M
   NEW [75] Lamiya  Codeflix Consultancy Service  Kannappan N
   NEW [76] Yuktha  RoseMallow Technologies Pvt   Satya Srikanth
   NEW [77] Lamiya  Konnect Analytics India Pvt   KB Saravanan
   NEW [78] Yuktha  Adair Technologies            Adair Techs
   NEW [79] Lamiya  Pragmatic solution for the f  Madhuranthakam Ajith kumar
   NEW [80] Yuktha  Techorc Software Solutions    Navaneeth Krishnan
   NEW [81] Lamiya  Sun Web Solution              Parag Kochure
   NEW [82] Yuktha  Icore Software Technologies   Balamurugan Shanmugam
   ATTACHED [8] Phalgune Infotech Pvt Ltd     Ganesh Atreya -> existing deal 343754077929
   ATTACHED [9] DreamGuy's Technologies       Guru Chelliah -> existing deal 338964149981
   NEW [83] Lamiya  AgenciFlow                    Sahaya Jeswin
   NEW [84] Yuktha  Internet Society              Adri Jovin John Joseph 

created 84 deals, attached 9 to existing deals | totals -> Yuktha 43, Lamiya 41
