total rows: 248
  [1/248] Arunkumar Palanisamy (Kasadara Technology Solutions) -> arunkumar@kasadaratech.com / +1 703-678-6952 [signalhire]
  [2/248] Tharika Saroj (Cogniv Technologies) -> (none) / (no mobile) []
  [3/248] Jay DJ (DJ Computing) -> djcomputing2012@gmail.com / (no mobile) [signalhire]
  [4/248] Naveenkumar Kandhasamy (Squadl Technologies) -> ksnaveen.elur@gmail.com / 9952528799 [signalhire]
  [5/248] Mareeswaran Shanmugavel  (LOOV) -> maddy@msitpark.org / (no mobile) [signalhire]
  [6/248] Bharathkishore Sadasivam (MEGA BYTE IT SERVICES) -> bharath@ipartnerconsulting.com / +91 96009 77883 [signalhire]
  [7/248] Thamilselvan Subramaniam (Jeevan Tech Digital Innovation) -> selvanmib@gmail.com / (no mobile) [signalhire]
  [8/248] S. Subash (Vimix Technologies LLP) -> ssubashofficials@gmail.com / (no mobile) [signalhire]
  [9/248] GOWTHAM RAVIKUMAR (Vividleo) -> gowthaminfiscripts24@gmail.com / (no mobile) [signalhire]
  [10/248] Eliyezer  Moses JS (RUTE) -> (none) / +919600888283 [signalhire]
  [11/248] Tejaa B (Apophis Solutions) -> (none) / (no mobile) []
  [12/248] Balakrishnan P (ABN Consultancy Service) -> (none) / (no mobile) []
  [13/248] Censoware Technologies LLP (Censoware - Web Development an) -> (none) / (no mobile) []
  [14/248] Selvakumar Sennimalaigounder (Qubitam Technologies) -> selva@createz.ai / +91 80954 79585 [signalhire]
  [15/248] Jagan S. (Biblubox) -> jagan@easydaily.com / +919994011400 [signalhire]
  [16/248] SRIRAM MOHAN (BIENE Technologies) -> sriram@bienetech.com / +65 87226346 [signalhire]
  [17/248] Ashok Subramanian (LexImagine ) -> ashok.subramanian@earley.com / +1 510-364-0985 [signalhire]
  [18/248] Manikandan D (iDevopz ) -> manikandan.d@idevopz.com / 8015457912 [signalhire]
  [19/248] Pradeep Muruganandam (Anmaya Healthcare Technologies) -> pradeep@saleslift.io / +91 87540 11999 [signalhire]
  [20/248] Dinesh Babu (BNR Cogniitec Private Limited) -> dmcogniitec@gmail.com / (no mobile) [signalhire]
  [21/248] Tamilarasu M (Fuzionest Private Limited) -> tamilarasu@fuzionest.com / 9677545696 [signalhire]
  [22/248] Abdullah J (Coimbatore Cad Solutions Pvt L) -> cads.abdul@gmail.com / +91 95669 20030 [signalhire]
  [23/248] Giridhar JG (SIERRA ODC Private Limited, In) -> giridhar@sierratec.com / +91 93631 28998 [signalhire]
  [24/248] Dhinesh Babu (BNR Cogniitec Private Limited) -> dhinesh.b@ktig.org.in / (no mobile) [signalhire]
  [25/248] Ravi Dharma (Smart Fusion) -> rockravi0@gmail.com / +919944555504 [signalhire]
  [26/248] Surender Nadarajan (Salesgear) -> surender@salesgear.io / +91 99628 22359 [signalhire]
  [27/248] Jeevaprakash Sundararajan (Xyloite Technologies) -> Hi.jesports@gmail.com / (no mobile) [signalhire]
  [28/248] Yokesh Sankar (Sparkout Tech) -> yokesh.sankar@seaswap.co / (no mobile) [signalhire]
  [29/248] Gopalakrishnan S (ATNA Technologies) -> Gopal@atnatechnologies.com / +91 98862 90569 [signalhire]
  [30/248] Dhiraj Sarin (Prologiq Business Services) -> dhiraj@prologiq.in / +91 98112 27338 [signalhire]
  [31/248] Aravinth Sakthivel (Rabbitqr) -> aravinth3ece@gmail.com / +85570970851 [signalhire]
  [32/248] Mithunraja Muthusamy (VSecure Networks) -> mithunraja.mv@vsecurenetworks.in / 9894676442 [signalhire]
  [33/248] Sivasubramaniam Palanisamy (SuiteMatrix IT Solutions | Cer) -> psivasubramaniam@psnetitsolutions.com / +1 650 963 2560 [signalhire]
  [34/248] Mohammed Jasheer (eCAPS, Cybersecurity & Network) -> mjaz24@gmail.com / (no mobile) [signalhire]
  [35/248] Priyadharshini R (Stepping Edge) -> (none) / (no mobile) []
  [36/248] Prijith R  (Pinnacle Seven) -> prijith@pinnacleseven.com / (no mobile) [signalhire]
  [37/248] Vishnuvardhan Thirumalaisamy (Datinfi Private Limited) -> vishnu@corviduk.com / +44 7887 3080 38 [signalhire]
  [38/248] Deekshit D (Apophis Solutions) -> Deekshitdass03@gmail.com / (no mobile) [signalhire]
  [39/248] HARIHARASUDHAN M (Skyappz Software India Pvt Ltd) -> hari@skyappzsoftware.in / 7397710514 [signalhire]
  [40/248] Selva Ramanujam (Motiv AI) -> selva.ramanujam@montbleu.com / (no mobile) [signalhire]
  [41/248] Sakthi Gopalaswami (SkyBridge Infotech - Sitecore ) -> ganbjgbet@yahoo.com / (no mobile) [signalhire]
  [42/248] Senthil kumaran Baskaran (Sparkout Tech) -> (none) / (no mobile) []
  [43/248] John S. (FortRise Business Solutions Pr) -> samuel_p_john@dell.com / +91 81297 00377 [signalhire]
  [44/248] Krishna  Kumar (Techcedence) -> krishnak@techcedence.com / (no mobile) [signalhire]
  [45/248] Jeswanth Vijay (Cogniv Technologies) -> jeswanth.vijay@cognivtech.com / 9894423575 [signalhire]
  [46/248] Jayakumar Nagoorlingam (Quzera Web Technologies Privat) -> jayakumar@quzera.com / (no mobile) [signalhire]
  [47/248] Nandhini Arivarasan (ServerCake India) -> nandhini@servercake.in / +91 73737 67600 [signalhire]
  [48/248] Prashanth Subramanian (Quadrasystems.net India Pvt Lt) -> prashanth.subramanian@quadrasystems.net / +91 98409 01991 [signalhire]
  [49/248] Jay Vignesh (Best Outcomes) -> (none) / +919952725004 [signalhire]
  [50/248] Krishnakanth B (Alpha Solutions) -> kb@alpha-solutions.us / (no mobile) [apollo]
  [51/248] Amith Kumar Kalimuthu (ServerCake India) -> amith@servercake.in / +91 9600232000 [signalhire]
  [52/248] Rathina Kumar (Webnox Technologies) -> rathinakumar@webnox.in / (no mobile) [signalhire]
  [53/248] David Peter Rajkumar (Triumphal Tech Solutions) -> david@thehyperstack.com / +91 96003 69972 [signalhire]
  [54/248] Guruprasad Balasubramaniam (dydx labs) -> guruprasad@firesparksolutions.com / (no mobile) [signalhire]
  [55/248] Markandan Maharajan (Magnion Technology Factory) -> markandan@hashlays.com / +91 99528 44699 [signalhire]
  [56/248] Aneesh Haridas (nectar.) -> a.haridas@nectarit.com / +971 50 104 7006 [signalhire]
  [57/248] Pravin Thangavel (Pepy Fishing) -> pravinkumar5588@gmail.com / +919360395889 [signalhire]
  [58/248] Alten Antony Mendez (Albega Solutions (I) Pvt Ltd) -> altenantony@gmail.com / +91 77085 57949 [signalhire]
  [59/248] Vimalakannan Nanjan (BNR Cogniitec Private Limited) -> (none) / (no mobile) []
  [60/248] Ravichandran P (Stackbill Private Limited) -> ravi@assistanz.com / +91 98941 78006 [signalhire]
  [61/248] Jayakumar Kandasamy (Squadl Technologies) -> jayakumark@virtusa.com / (no mobile) [signalhire]
  [62/248] Subash T (SNAB Solutions) -> (none) / (no mobile) []
  [63/248] Suresh G (eCAPS, Cybersecurity & Network) -> sureshg@caps.in / +91 98422 72720 [signalhire]
  [64/248] Arun Karthick S (AKodefy Info Tech) -> (none) / 8489244023 [signalhire]
  [65/248] Gilbertdavis Thangaprakasam (Pinnacle Seven) -> gilbert@pinnacleseven.com / (no mobile) [signalhire]
  [66/248] Chandrashekar Ramachandran (Petrus Technologies) -> chandrashekar.r@petrustechnologies.com / +91 87108 35701 [signalhire]
  [67/248] Nagaraj Ponnuswamy (Quadrasystems.net India Pvt Lt) -> nagaraj@quadrasystems.net / +91 98409 01881 [signalhire]
  [68/248] Sivakumar Srinivasan (USAM CADSOFT (INDIA) PRIVATE L) -> sivakumar@usam.in / +91 93839 99901 [signalhire]
  [69/248] Subramaniam A. (Moorpals Technologies Private ) -> subramaniam@moorpalstechnologies.com / (no mobile) [signalhire]
  [70/248] Geetha Subramani  (iDevopz ) -> geetha@idevopz.com / 9344343668 [signalhire]
  [71/248] Biju Balakrishnan (AGAM Technologies) -> biju@kuyatechnologies.com / +919994525131 [signalhire]
  [72/248] Sridharan Yuvaraja (MS IT PARK) -> sri@msitpark.org / +91 9025544235 [signalhire]
  [73/248] Sadasivam chinnathambi (Ardhas Technology) -> schinnathambi@biztechsoftsys.com / +60 10-246 0802 [signalhire]
  [74/248] nirupana natarajan (SNB group of companies) -> nirupana@abtinfocloud.com / +13095328757 [signalhire]
  [75/248] Sarath Prasad (Zenzys) -> sarath.prasad@zenzys.com / +91 80952 02141 [signalhire]
  [76/248] Satheesh Kumar (I-BACUS-TECH SOLUTIONS PRIVATE) -> satheeshece43@gmail.com / (no mobile) [signalhire]
  [77/248] Dinesh M (XYLOITE Technologies) -> dinesh@xyloite.com / (no mobile) [apollo]
  [78/248] Arunkumar Gowrishankar (Prajai Technology Private Limi) -> arunkumar@prajai.com / 9789678512 [signalhire]
  [79/248] Einstein Vasanth (Drylogics) -> vasanth@drylogics.com / +91 98400 04670 [signalhire]
  [80/248] Pravin Mohanraj (Drupal Developers Studio) -> pravin@drupaldevelopersstudio.com / (no mobile) [signalhire]
  [81/248] Prem T  (PITOWINGS) -> mr.premgowtham@gmail.com / 9597164065 [signalhire]
  [82/248] Arun KS (PrimeMover Solutions) -> arun@primemoversolutions.in / (no mobile) [signalhire]
  [83/248] Dinesh Paranthagan (HackupTechnology) -> dinesh@hackuptechnology.com / 9362012339 [signalhire]
  [84/248] Madhan Raj (Craftpixels) -> maddy.53555@gmail.com / +91 80569 97137 [signalhire]
  [85/248] Suresh Warrier (I-BACUS-TECH SOLUTIONS PRIVATE) -> sureshw92@gmail.com / +91 98403 59912 [signalhire]
  [86/248] Chandrakumar S (BLUEZ INFOMATIC SOLUTION) -> chandru@bluezinfo.com / 8220861260 [signalhire]
  [87/248] Mathesh Suresh (Vimix Technologies LLP) -> mathesh@vimix.app / (no mobile) [signalhire]
  [88/248] Parthiban Ramu (GROWAI Edtech) -> parthiban.ramu@growai.in / (no mobile) [signalhire]
  [89/248] Palanivel  Rajan M (Vimix Technologies LLP) -> palanivel@vimix.app / 8870577603 [signalhire]
  [90/248] Saranya Surya Prakash Rao (Tejoule Software Systems) -> saranya@tejul.com / (no mobile) [apollo]
  [91/248] Ts. Kumaran, P.Tech. (ICT), M.M.S.E T. (GENEVIX SOLUTION) -> kumaran@genivixsolution.com / (no mobile) [signalhire]
  [92/248] Ganesan Velusamy (INDSYS Techservices India Priv) -> ganesanv@indsys.co.in / 9894225925 [signalhire]
  [93/248] Vengudupathi G (SPORADA SECURE INDIA PRIVATE L) -> (none) / +91 88704 55955 [signalhire]
  [94/248] Raji Vengatasalam (Cove Solutions) -> raji@spantechnologyservices.com / 9080187572 [signalhire]
  [95/248] KRISHNAKUMAR ANANDAN (ZivaOne) -> kk@phalgune.com / +91 90477 50000 [signalhire]
  [96/248] Dr.Preeti Mahadev (Amphisoft Technologies Pvt. Lt) -> preeti_mahadev@infosys.com / (no mobile) [signalhire]
  [97/248] Gowtham Aravind  R (Cloudvalley Technologies) -> gowtham@cloudvalleytech.com / +91 90475 57055 [signalhire]
  [98/248] Mohankumar Rajendran (The Soft Dreams) -> kumarrxx@gmail.com / (no mobile) [signalhire]
  [99/248] Arunkumar M (Young Globes Technologies) -> aruncumar.m@gmail.com / +918220611091 [signalhire]
  [100/248] Vinayaga  M P  (TECHVOLT SOFTWARE PVT LTD ) -> (none) / (no mobile) []
  [101/248] Yuvaraj Kanakashanmugam (Cove Solutions) -> yuvaraj.k@hotmail.co.uk / (no mobile) [signalhire]
  [102/248] Spark Vijay (SparkDial Online Services Pvt ) -> (none) / +919865125550 [signalhire]
  [103/248] Ashish Bishwakarmaa (Skybridge infotech llp) -> ashish_bishwakarma03@hotmail.com / (no mobile) [signalhire]
  [104/248] Vinoth Raj (Karyosoft Inc.) -> vinoth@techunison.com / (no mobile) [signalhire]
  [105/248] Kumar R. (Yectra Technologies) -> kumar@yectra.com / +91 96322 73344 [signalhire]
  [106/248] CIM Technology (CIM Technology) -> (none) / (no mobile) []
  [107/248] Muthukumar Purushothaman (Logimax Technologies Pvt Ltd) -> muthukumar@logimaxindia.com / +91 8220022614 [signalhire]
  [108/248] Jenshiga Jeswin (Fabrainz) -> jenshiga@fabrainz.com / (no mobile) [apollo]
  [109/248] Roopa Prabhakar (AmulyaInfotech India Pvt Ltd) -> roopa@amulya.biz / +91 98942 88285 [signalhire]
  [110/248] Ranjith Kumar K (Trinovate Global Private Limit) -> (none) / (no mobile) []
  [111/248] RAVINDHIRAN KRISHNAN (Skyraan Technologies) -> kravi_90@yahoo.com / (no mobile) [signalhire]
  [112/248] Azaruddin Y (Techazar E Cyclers Pvt Ltd) -> (none) / (no mobile) []
  [113/248] Gopinath Krishnasamy (Pepy Technologies) -> gopinath.krish1190@gmail.com / +919360395889 [signalhire]
  [114/248] Bhagavathi Rajaram (Stellar Solutions ) -> bhagavathi.r@stellarsolutions.org / (no mobile) [signalhire]
  [115/248] GOWTHAM M (Codepluse Gen Private Limited) -> gowthamm0731@gmail.com / 9597622769 [signalhire]
  [116/248] Gowtham Lakshmanan (CLOUDDREAMS) -> gowtham@clouddreams.in / 9994750143 [signalhire]
  [117/248] Muhammed Aswath (BLACKSTONE INFOMATICS) -> aswath@blackstoneinfomatics.com / (no mobile) [signalhire]
  [118/248] Krishnaprasad M (G B Solutions) -> (none) / (no mobile) []
  [119/248] Hari das (OCS) -> hari@ocsindia.net / (no mobile) [signalhire]
  [120/248] Purushothaman Rajagopal (Infinity Digital) -> purush@infinity-digital.com / (no mobile) [signalhire]
  [121/248] Kavin Raja A S (The Reciprocal Solutions) -> kavin@thereciprocalsolutions.com / (no mobile) [signalhire]
  [122/248] Parvathi G (AVEON infotech Pvt. Ltd.) -> parvathi.g@aveoninfotech.com / (no mobile) [signalhire]
  [123/248] Mathar Badusha (CoreTech Experts) -> mathar@assistanz.com / (no mobile) [signalhire]
  [124/248] Shyjal [ sysmagix ] (Sysmagix Solutions) -> (none) / (no mobile) []
  [125/248] Nivethithaa S (XYLOINC) -> s.nivethithaa@gmail.com / (no mobile) [signalhire]
  [126/248] Dr. Videsh Desingh (Kovai Tech India Group - KTIG) -> videshdesingh@gmail.com / 94116540 [signalhire]
  [127/248] Sivakumar S (SuperLabs India) -> siva@augmntx.com / +91 90479 23211 [signalhire]
  [128/248] Purushothaman Lingaswamy (Linlax InfoTech Pvt Ltd) -> (none) / +91 86086 72999 [signalhire]
  [129/248] Prabu Sekar (Hoffensoft) -> psekar@rvsystems.com / +1 978-551-5543 [signalhire]
  [130/248] Yuvaraj M (AXN Infotech Pvt Ltd) -> (none) / (no mobile) []
  [131/248] Dhivya S (Dreamwebby W3 Services) -> dhivya@dreamwebby.com / +91 94884 79997 [signalhire]
  [132/248] Santhosh Kumar S (ByVal Technologies India Pvt. ) -> santhosh@byval.in / +91 99442 06862 [signalhire]
  [133/248] Karan Jain (KK ALLIANZE) -> karandec73@gmail.com / (no mobile) [signalhire]
  [134/248] Woody Kim (GP Global) -> (none) / (no mobile) []
  [135/248] Amal Ranjith (AssistanZ Networks Pvt Ltd) -> amal@assistanz.com / +91 95974 54545 [signalhire]
  [136/248] Rose Anderson (Vsecure Services) -> (none) / (no mobile) []
  [137/248] Madhan Kumar (SIERRA) -> madhan@sierratec.com / +91 93628 28996 [signalhire]
  [138/248] SHALIYA N (Zerame Infotech) -> shaliya.n@zerame.com / (no mobile) [signalhire]
  [139/248] Vinod Vetrivel (ByVal Technologies India Pvt. ) -> vinod@byval.in / +91 99442 06862 [signalhire]
  [140/248] Shanmugapriya Veerasamy (Anga Information Technology Pr) -> shanmugapriya@angainfotech.com / (no mobile) [signalhire]
  [141/248] Raj Krishna (Atom Training Lab, A division ) -> raj@atomgroups.com / +91 77089 29436 [signalhire]
  [142/248] Janarthanan Thirumoorthy (Nawkar Technology Private LTD) -> (none) / (no mobile) []
  [143/248] Yamuna Jayakumar (Squadl Technologies) -> yamuna@squadl.in / (no mobile) [signalhire]
  [144/248] Suresh Veluchamy (Elevated Remote Services) -> suresh.veluchamy@steppingedge.com / +919994102274 [signalhire]
  [145/248] Vidhya Lakshmi I (Ace Assured) -> vidhya@aceassured.com / (no mobile) [signalhire]
  [146/248] Vishudha Krishnan (RUTE) -> (none) / (no mobile) []
  [147/248] NagaRajan S (Fuzionest Private Limited) -> naga@fuzionest.com / (no mobile) [apollo]
  [148/248] Baskar M (GBSolutions) -> (none) / +91 96009 21261 [signalhire]
  [149/248] Ramesh Lakshman (Beta Technologies India Pvt Lt) -> ramesh@betatech.in / +91 94426 36460 [signalhire]
  [150/248] shrijith nair (DSN Techno Soft India Private ) -> (none) / (no mobile) []
  [151/248] Inder Davalur (Aosta Software) -> inderdavalur@yahoo.com / +91 80966 99900 [signalhire]
  [152/248] Arvinth M (GeoEdge Technologies Pvt Ltd) -> arvinth.m@geo-edge.com / (no mobile) [apollo]
  [153/248] Riyas Hameed (Nectar.) -> riyas@nectarit.com / (no mobile) [signalhire]
  [154/248] BINTE ROSLAN ISMAWATI (Asan Graphic Design Consulting) -> (none) / (no mobile) []
  [155/248] Ramesh Kumar (INFODIRECTORY B2B) -> (none) / (no mobile) []
  [156/248] Sudhish Sudhakaran (Synvolve Intellis) -> sudhish@synvolveintellis.com / (no mobile) [apollo]
  [157/248] Aswani Kumar (Synube Technology Solutions Pr) -> (none) / +91 96004 20111 [signalhire]
  [158/248] Mohamed Ashik (MEQUALS Technologies) -> ashik@mequals.net / (no mobile) [apollo]
  [159/248] Crystalpro Serving|Software|Simply (Crystalpro) -> crystalpro@me.com / (no mobile) [signalhire]
  [160/248] Synovers Web Development (Synovers) -> synovers.development@synovers.com / (no mobile) [apollo]
  [161/248] Suriya Kumar (XO  ZOLTROK TECH LLP INC) -> (none) / (no mobile) []
  [162/248] Pranesh Kumar (Geekeyy Engineering co.,) -> pranesh@geekeyy.com / +919842956078 [signalhire]
  [163/248] bala murugan (ICore Software Technologies - ) -> bala@icore.net.in / (no mobile) [signalhire]
  [164/248] balachandran palanisamy (Infotrend Software Technologie) -> balachandranpalanisamy@gmail.com / +91 95858 19000 [signalhire]
  [165/248] Kumar Annadurai (Annamsoft) -> kannadurai@annamsoft.com / (no mobile) [signalhire]
  [166/248] BHARATHAN PN (GB SOLUTIONS ) -> (none) / (no mobile) []
  [167/248] Ranjith M (Vividleo) -> ranjimurugan01@gmail.com / (no mobile) [signalhire]
  [168/248] Digital Infinity (Digital Infinity) -> (none) / (no mobile) []
  [169/248] Gerardo Félix (CATCH UP) -> (none) / (no mobile) []
  [170/248] Paul Praveen (Techie Hope Solutions) -> (none) / (no mobile) []
  [171/248] Ultimate Reach (Ultimatereach) -> ultimate@ultimatereach.in / (no mobile) [apollo]
  [172/248] Anbazhagan A (MayuraZiani) -> (none) / (no mobile) []
  [173/248] Ramanand Kumaran (G2 Technology Solutions Pvt Lt) -> ramanand@g2techsoft.com / (no mobile) [signalhire]
  [174/248] Krishnasamy S (BLUEKODE SOLUTIONS) -> krishnasamy@bluekode.com / (no mobile) [apollo]
  [175/248] Duraivelan Sai Natarajan (DuraTech Solutions Pvt Ltd) -> (none) / (no mobile) []
  [176/248] senthil kumar (BNR Cogniitec Private Limited) -> (none) / (no mobile) []
  [177/248] Harini .B (Inouora) -> harinib719@gmail.com / (no mobile) [signalhire]
  [178/248] Dneers Online Services Pvt Ltd (DNeers Online Services Pvt Ltd) -> (none) / (no mobile) []
  [179/248] POFI Technologies (POFI TECHNOLOGIES PVT LTD) -> rajeshkumar@pofitec.com / (no mobile) [apollo]
  [180/248] Karpagam k (Vimishaitech) -> kk@vimishaitech.com / (no mobile) [apollo]
  [181/248] softloft technologies (SOFT LOFT) -> (none) / (no mobile) []
  [182/248] Sarathi Rajamani (The Banyan Infotech) -> sarathi@banyaninfotech.com / (no mobile) [signalhire]
  [183/248] Sruthi S (Apophis Solutions) -> (none) / (no mobile) []
  [184/248] Winssoft corporation (Winssoft) -> (none) / (no mobile) []
  [185/248] Balaji A (Crystalpro) -> balaji.a@crystalpro.net / (no mobile) [apollo]
  [186/248] kiran bedi (Vipro Computer Services) -> (none) / (no mobile) []
  [187/248] Felix Peria (Inttelix) -> (none) / (no mobile) []
  [188/248] Ramesh Anand Kumar (IDI INFOTECH) -> (none) / (no mobile) []
  [189/248] Shajan S (i-cons Technologies) -> (none) / (no mobile) []
  [190/248] Rajsri Associates (Rajsri Associates) -> rajsri.associates@rajsriassociates.com / (no mobile) [apollo]
  [191/248] keerthi varman (sun info media) -> (none) / (no mobile) []
  [192/248] Venkat S (Ikastar) -> venkat@ikastar.com / (no mobile) [signalhire]
  [193/248] codepluse gen (Codepluse Gen Private Limited) -> (none) / (no mobile) []
  [194/248] Briston Innovation Labs (Briston Innovation Labs Privat) -> (none) / (no mobile) []
  [195/248] Raajaguru Mylsamy (TickerLens) -> raajaguru@innoboon.com / (no mobile) [signalhire]
  [196/248] Arun Raj (Rajsri Computers) -> arunraj@rajsricomputers.com / +91 90037 47572 [signalhire]
  [197/248] HEENA  CHRISTY (Jenaviinfotech Solutions) -> (none) / (no mobile) []
  [198/248] Subramaniyan Duraikkannu (Hexamarvel Technologies Pvt Lt) -> subbu.plm@gmail.com / +91 98944 67237 [signalhire]
  [199/248] Sabeer Mohamed (ASTENLABS) -> mohamed.s@astenlabs.com / +971 56 118 8907 [signalhire+apollo]
  [200/248] Mayukha Selvaraj (Maylancer Techios) -> mayukhaselvaraj@gmail.com / +91 77086 17371 [signalhire]
  [201/248] Ramesh Babu Kandaswami (Rosemallow Technologies Pvt Lt) -> rameshbabu.k@synaptris.com / +91 98410 21721 [signalhire]
  [202/248] Sahana Iqbal (Fabrainz) -> sahana@fabrainz.com / (no mobile) [apollo]
  [203/248] Alwar S. (Docmint) -> alwar@itechzone.com / +91 93451 16555 [signalhire]
  [204/248] Root Axis Technologies (Censoware - Web Development an) -> (none) / (no mobile) []
  [205/248] Daniel Kirubai Raj (Greentech Megawatt Pvt. Ltd.) -> daniel@greentechmw.com / (no mobile) [apollo]
  [206/248] Rizwan Ahamed S (I DigiMeta Technology Pvt Ltd) -> rizwan@pptservices.com / 91 9944494433 [signalhire]
  [207/248] Manoj Parameswaran (Namboodiri's Care) -> mark@velaninfo.com / +91 98650 52297 [signalhire]
  [208/248] Vishal Venkatesan (JuzGoDigital) -> vishal@juzgodigital.com / 9886454782 [signalhire]
  [209/248] Dinesh kumar M (Increatech Business Solution P) -> dinesh@increatech.com / +91 94870 19897 [signalhire]
  [210/248] Murli Manickam (Resilitix.AI) -> rishika_avika@yahoo.com / +1 214-727-2289 [signalhire]
  [211/248] Nagarajan Subramanian (Fuzionest Private Limited) -> rasunagarajan@gmail.com / +65 8385 5357 [signalhire]
  [212/248] Kannappan N (Codeflix Consultancy Services ) -> thekanna79@gmail.com / +91 94434 43182 [signalhire]
  [213/248] Bhavanee S. (Entelegen) -> bhavanee@entelegen.com / +13344440249 [signalhire]
  [214/248] Vengatesh Balavenkataraman (USAM TECHNOLOY SOLUTIONS (P) L) -> (none) / (no mobile) []
  [215/248] Satya Srikanth (RoseMallow Technologies Pvt Lt) -> satya.s@rosemallowtech.com / +91 80 4178 2203 [signalhire]
  [216/248] KB Saravanan (Konnect Analytics India Pvt Lt) -> sarankb@yahoo.com / +91 98429 07055 [signalhire]
  [217/248] Ajish Pillai (JuzGoDigital) -> ajish@juzgodigital.com / (no mobile) [signalhire]
  [218/248] Suvankar Chaklader (Hashtag Technologies) -> suvankar@hashtagtechnologies.com / (no mobile) [signalhire]
  [219/248] vivek velou (Catch Up Solutions) -> viveekmba@gmail.com / (no mobile) [signalhire]
  [220/248] VLB Janakiammal College of Arts and Science Autonomous, Kovaipudur (VLB Janakiammal College of Art) -> (none) / (no mobile) []
  [221/248] Adair Techs (Adair Technologies) -> (none) / +91 73392 22727 [signalhire]
  [222/248] Madhuranthakam Ajith kumar (Pragmatic solution for the fut) -> ajith23karthick@gmail.com / +919566119940 [signalhire]
  [223/248] Siddharth S (El Codamics) -> (none) / (no mobile) []
  [224/248] Trinity Raymond (Soft Loft) -> (none) / (no mobile) []
  [225/248] Thijs van Ormondt (Law Online Consultancy) -> (none) / (no mobile) []
  [226/248] Zaid Hashmi (Duratech solutions) -> (none) / (no mobile) []
  [227/248] Navaneeth Krishnan (Techorc Software Solutions) -> navaneeth@hypersonix.ai / 9976599959 [signalhire]
  [228/248] Aravind VP (enixel) -> aravind@enixel.com / (no mobile) [apollo]
  [229/248] Parag Kochure (Sun Web Solution) -> sunwebsolution@gmail.com / +91 77218 89789 [signalhire]
  [230/248] BIENE Technologies (BIENE Technologies) -> biene.technologies@bienetech.com / (no mobile) [apollo]
  [231/248] Prithivi Rajan (SRI KRISHNA I-TECH & MANAGEMEN) -> (none) / (no mobile) []
  [232/248] genuine meaning (infotech genuine ) -> (none) / (no mobile) []
  [233/248] lochan Patel_Lochan (GP GLOBAL PVT LTD.) -> (none) / (no mobile) []
  [234/248] Krishnasamy Subramanian (BLUEKODE SOLUTIONS) -> krishnasamy@bluekode.com / (no mobile) [signalhire]
  [235/248] Axeraan Technologies (Axeraan Technologies Pvt Ltd) -> axeraan.technologies@axeraan.com / (no mobile) [apollo]
  [236/248] Balamurugan Shanmugam (Icore Software Technologies) -> shannbala@gmail.com / 8122301237 [signalhire]
  [237/248] Ganesh Atreya (Phalgune Infotech Pvt Ltd) -> ganesh.atreya@phalgune.com / 919962955455 [signalhire]
  [238/248] Aridoss K (Stepping EDGE) -> aridoss@znalytechnologies.com / (no mobile) [signalhire]
  [239/248] Guru Chelliah (DreamGuy's Technologies) -> guru@dreamstechnologies.com / +91 99425 76886 [signalhire]
  [240/248] Sahaya Jeswin (AgenciFlow) -> sahayajeswin@gmail.com / 7904520561 [signalhire]
  [241/248] Partheeban L (PKI Consortium) -> parthi@caps.in / (no mobile) [signalhire]
  [242/248] MOHANRAJ PALANISAMY (brandmyoffer) -> (none) / (no mobile) []
  [243/248] Vishnu Moorthy Kanagaraj (Pulsebay) -> visnu.unsiv@gmail.com / (no mobile) [signalhire]
  [244/248] Adri Jovin John Joseph  (Internet Society) -> adrijovin@yahoo.co.in / +919994797284 [signalhire]
  [245/248] Perumal Raja Narayanasamy (Vishnav Fashion) -> perumal.raja@aventragroup.com / +6591373513 [signalhire]
  [246/248] Kiruthikapoorani Arumugam (OODU IMPLEMENTERS PRIVATE LIMI) -> krithipoorani92@gmail.com / (no mobile) [signalhire]
  [247/248] Raj kumar R (Rotaract Club of Anna Universi) -> (none) / (no mobile) []
  [248/248] Selvakumar M C (Cloudvalley Technologies) -> selva@cloudvalleytech.com / (no mobile) [signalhire]

wrote /Users/bhanu/Desktop/hubspot/temporary/Coimbatore_IT_qualified_enriched.csv
emails: 185/248 (116 official) | phones: 109/248 (93 valid +91 mobile) | apollo fallback used: 155 (0 hits)
