[36m[apify.linkedin-profile-scraper runId:kb26fN3PwjGZlDkA2][0m -> Status: RUNNING, Message: 
[36m[apify.linkedin-profile-scraper runId:kb26fN3PwjGZlDkA2][0m -> 2026-08-25T11:53:46.053Z [33mACTOR: [39mPulling container image of build 6rtqSfTQu3vs5trhg from registry.
[36m[apify.linkedin-profile-scraper runId:kb26fN3PwjGZlDkA2][0m -> 2026-08-25T11:53:46.055Z [33mACTOR: [39mCreating container.
[36m[apify.linkedin-profile-scraper runId:kb26fN3PwjGZlDkA2][0m -> 2026-08-25T11:53:46.125Z [33mACTOR: [39mStarting container.
[36m[apify.linkedin-profile-scraper runId:kb26fN3PwjGZlDkA2][0m -> 2026-08-25T11:53:46.127Z [33mACTOR: [39mRunning under "LIMITED_PERMISSIONS".
[36m[apify.linkedin-profile-scraper runId:kb26fN3PwjGZlDkA2][0m -> 2026-08-25T11:53:46.888Z [32mINFO[39m  System info[90m {"apifyVersion":"3.7.2","apifyClientVersion":"2.22.2","crawleeVersion":"3.16.0","osType":"Linux","nodeVersion":"v20.20.2"}[39m
[36m[apify.linkedin-profile-scraper runId:kb26fN3PwjGZlDkA2][0m -> 2026-08-25T11:53:47.039Z Starting item#1 {"query":"https://www.linkedin.com/in/aditya-sharma-vashisht-4577a7249"}...
[36m[apify.linkedin-profile-scraper runId:kb26fN3PwjGZlDkA2][0m -> 2026-08-25T11:53:47.053Z Starting item#2 {"query":"https://www.linkedin.com/in/rushkar-information-technology"}...
[36m[apify.linkedin-profile-scraper runId:kb26fN3PwjGZlDkA2][0m -> 2026-08-25T11:53:47.055Z Starting item#3 {"query":"https://www.linkedin.com/in/ranjangoenka"}...
[36m[apify.linkedin-profile-scraper runId:kb26fN3PwjGZlDkA2][0m -> 2026-08-25T11:53:47.057Z Starting item#4 {"query":"https://www.linkedin.com/in/mukulsingh32"}...
[36m[apify.linkedin-profile-scraper runId:kb26fN3PwjGZlDkA2][0m -> 2026-08-25T11:53:47.058Z Starting item#5 {"query":"https://www.linkedin.com/in/nilayasheth"}...
[36m[apify.linkedin-profile-scraper runId:kb26fN3PwjGZlDkA2][0m -> 2026-08-25T11:53:47.060Z Starting item#6 {"query":"https://www.linkedin.com/in/vinod032032"}...
[36m[apify.linkedin-profile-scraper runId:kb26fN3PwjGZlDkA2][0m -> 2026-08-25T11:53:47.061Z Starting item#7 {"query":"https://www.linkedin.com/in/manju-bhalothia-b6279741"}...
[36m[apify.linkedin-profile-scraper runId:kb26fN3PwjGZlDkA2][0m -> 2026-08-25T11:53:47.063Z Starting item#8 {"query":"https://www.linkedin.com/in/indramanidas"}...
[36m[apify.linkedin-profile-scraper runId:kb26fN3PwjGZlDkA2][0m -> 2026-08-25T11:53:47.065Z Starting item#9 {"query":"https://www.linkedin.com/in/royalitpark"}...
[36m[apify.linkedin-profile-scraper runId:kb26fN3PwjGZlDkA2][0m -> 2026-08-25T11:53:47.066Z Starting item#10 {"query":"https://www.linkedin.com/in/dominic-pereira-3528603"}...
[36m[apify.linkedin-profile-scraper runId:kb26fN3PwjGZlDkA2][0m -> 2026-08-25T11:53:47.068Z Starting item#11 {"query":"https://www.linkedin.com/in/rindia2012"}...
[36m[apify.linkedin-profile-scraper runId:kb26fN3PwjGZlDkA2][0m -> 2026-08-25T11:53:47.069Z Starting item#12 {"query":"https://www.linkedin.com/in/tanayshah"}...
[36m[apify.linkedin-profile-scraper runId:kb26fN3PwjGZlDkA2][0m -> 2026-08-25T11:53:47.071Z Starting item#13 {"query":"https://www.linkedin.com/in/vinay-chakravarthy-4b656037"}...
[36m[apify.linkedin-profile-scraper runId:kb26fN3PwjGZlDkA2][0m -> 2026-08-25T11:53:47.072Z Starting item#14 {"query":"https://www.linkedin.com/in/anoopsasidhara"}...
[36m[apify.linkedin-profile-scraper runId:kb26fN3PwjGZlDkA2][0m -> 2026-08-25T11:53:47.074Z Starting item#15 {"query":"https://www.linkedin.com/in/tirupatisoftware"}...
people URLs: 681 | est. cost $2.72
run started: kb26fN3PwjGZlDkA2
  status: RUNNING
  status: RUNNING
  status: RUNNING
  status: RUNNING
  status: RUNNING
  status: RUNNING
  status: RUNNING
  status: RUNNING
  status: RUNNING
  status: RUNNING
  status: RUNNING
  status: RUNNING
  status: RUNNING
  status: RUNNING
  status: RUNNING
  status: RUNNING
  status: RUNNING
  status: RUNNING
  status: RUNNING
  status: RUNNING
  status: RUNNING
  status: SUCCEEDED
[36m[apify.linkedin-company runId:pLIqhSXrP8PDAZpHL][0m -> Status: RUNNING, Message: 
[36m[apify.linkedin-company runId:pLIqhSXrP8PDAZpHL][0m -> 2026-08-25T11:59:35.868Z [33mACTOR: [39mPulling container image of build UnDTdcMwC5bkIFKNv from registry.
[36m[apify.linkedin-company runId:pLIqhSXrP8PDAZpHL][0m -> 2026-08-25T11:59:35.871Z [33mACTOR: [39mCreating container.
[36m[apify.linkedin-company runId:pLIqhSXrP8PDAZpHL][0m -> 2026-08-25T11:59:35.952Z [33mACTOR: [39mStarting container.
[36m[apify.linkedin-company runId:pLIqhSXrP8PDAZpHL][0m -> 2026-08-25T11:59:35.953Z [33mACTOR: [39mRunning under "LIMITED_PERMISSIONS".
[36m[apify.linkedin-company runId:pLIqhSXrP8PDAZpHL][0m -> 2026-08-25T11:59:37.474Z [32mINFO[39m  System info[90m {"apifyVersion":"3.6.0","apifyClientVersion":"2.22.2","crawleeVersion":"3.16.0","osType":"Linux","nodeVersion":"v20.20.2"}[39m
[36m[apify.linkedin-company runId:pLIqhSXrP8PDAZpHL][0m -> 2026-08-25T11:59:37.756Z Starting worker pool with concurrency: 16
[36m[apify.linkedin-company runId:pLIqhSXrP8PDAZpHL][0m -> 2026-08-25T11:59:37.758Z Starting item#1 {"search":"https://www.linkedin.com/company/techvins-software","location":""}...
[36m[apify.linkedin-company runId:pLIqhSXrP8PDAZpHL][0m -> 2026-08-25T11:59:37.769Z Starting item#2 {"search":"https://www.linkedin.com/company/celestial-systems","location":""}...
[36m[apify.linkedin-company runId:pLIqhSXrP8PDAZpHL][0m -> 2026-08-25T11:59:37.772Z Starting item#3 {"search":"https://www.linkedin.com/company/inciem-technologies","location":""}...
[36m[apify.linkedin-company runId:pLIqhSXrP8PDAZpHL][0m -> 2026-08-25T11:59:37.774Z Starting item#4 {"search":"https://www.linkedin.com/company/royalitpark","location":""}...
[36m[apify.linkedin-company runId:pLIqhSXrP8PDAZpHL][0m -> 2026-08-25T11:59:37.776Z Starting item#5 {"search":"https://www.linkedin.com/company/bigohtech","location":""}...
[36m[apify.linkedin-company runId:pLIqhSXrP8PDAZpHL][0m -> 2026-08-25T11:59:37.778Z Starting item#6 {"search":"https://www.linkedin.com/company/one-pixel-soft","location":""}...
[36m[apify.linkedin-company runId:pLIqhSXrP8PDAZpHL][0m -> 2026-08-25T11:59:37.781Z Starting item#7 {"search":"https://www.linkedin.com/company/nividasoftware","location":""}...
[36m[apify.linkedin-company runId:pLIqhSXrP8PDAZpHL][0m -> 2026-08-25T11:59:37.815Z Starting item#8 {"search":"https://www.linkedin.com/company/digital4design","location":""}...
[36m[apify.linkedin-company runId:pLIqhSXrP8PDAZpHL][0m -> 2026-08-25T11:59:37.820Z Starting item#9 {"search":"https://www.linkedin.com/company/pds-infotech-pvt-ltd","location":""}...
[36m[apify.linkedin-company runId:pLIqhSXrP8PDAZpHL][0m -> 2026-08-25T11:59:37.822Z Starting item#10 {"search":"https://www.linkedin.com/company/rushkar-enterprise","location":""}...
[36m[apify.linkedin-company runId:pLIqhSXrP8PDAZpHL][0m -> 2026-08-25T11:59:37.823Z Starting item#11 {"search":"https://www.linkedin.com/company/trueigtech","location":""}...
[36m[apify.linkedin-company runId:pLIqhSXrP8PDAZpHL][0m -> 2026-08-25T11:59:37.825Z Starting item#12 {"search":"https://www.linkedin.com/search/results/all/?keywords=jito+chennai+chapter","location":""}...
[36m[apify.linkedin-company runId:pLIqhSXrP8PDAZpHL][0m -> 2026-08-25T11:59:37.827Z Starting item#13 {"search":"https://www.linkedin.com/company/sapours-technologies","location":""}...
[36m[apify.linkedin-company runId:pLIqhSXrP8PDAZpHL][0m -> 2026-08-25T11:59:37.829Z Starting item#14 {"search":"https://www.linkedin.com/company/pardy-panda-studios","location":""}...
[36m[apify.linkedin-company runId:pLIqhSXrP8PDAZpHL][0m -> 2026-08-25T11:59:37.831Z Starting item#15 {"search":"https://www.linkedin.com/search/results/all/?keywords=tirupati+software+infotech+private+limited","location":""}...
[36m[apify.linkedin-company runId:pLIqhSXrP8PDAZpHL][0m -> 2026-08-25T11:59:37.833Z Starting item#16 {"search":"https://www.linkedin.com/company/ecsoftindia","location":""}...
people scrape returned 681 items
people with an extractable company URL: 678/681 (99.6%)
unique company URLs: 676

company URLs: 676 | est. cost $2.03
run started: pLIqhSXrP8PDAZpHL
  status: RUNNING
  status: RUNNING
  status: RUNNING
  status: RUNNING
  status: RUNNING
  status: RUNNING
  status: RUNNING
  status: RUNNING
  status: RUNNING
  status: SUCCEEDED
company scrape returned 615 items

DONE — both stages complete.
