total rows: 442
  [1/442] Rahul Bhatt (Fycan) -> rahul.b@wingstechsolutions.com / +1 437-484-0065
  [2/442] Roshan Bajaj (Webindia Inc) -> designexpertinc@gmail.com / +91 95866 62910
  [3/442] Vinod Kalathiya (Sensussoft Software Pvt.Ltd ®) -> vinod.kalathiya@sensussoft.com / (no mobile)
  [4/442] Daxesh Italiya (TST Technology) -> Daxesh@tsttechnology.in / (no mobile)
  [5/442] Vatsal Sonani (iGeek) -> vatsalsonani@igeektech.com / +91 7096233348
  [6/442] Mitesh Patel (Stealth AI Startup) -> mitesh@brainyneurals.com / +91 99987 82510
  [7/442] Murtuza Rampurwala (Seaflux) -> murtuza@seaflux.tech / (no mobile)
  [8/442] Bhavika Patel (HK Infosoft) -> bhavika@hkinfosoft.com / (no mobile)
  [9/442] Kalpesh Gajera (Uncanny Consulting Services | Odoo Silver Partner) -> kgajera@uncannycs.com / 9033182384
  [10/442] Jayram Prajapati (Elightwalk Technology PVT. LTD.) -> pjayramkumar@gmail.com / +91 94081 34523
  [11/442] Palak Desai (Microweb Solutions) -> palak.desai@microwebsolutions.co.in / (no mobile)
  [12/442] Ravi Vagadiya (TechnoComet Solutions) -> ravi@technocometsolutions.com / +919824848353
  [13/442] Dominique Kwong (9DOT Labs) -> dom@damonmotorcycles.com / +1 604-828-6730
  [14/442] Vijay Vamja (CollarUp AI) -> vijay@ciphernutz.com / 09913074630
  [15/442] Ashvin Patel (Milople) -> ashvin@milople.com / (no mobile)
  [16/442] LAV PATEL (Nexgits Pvt Ltd) -> lav@nexgits.com / +91 94286 13405
  [17/442] Azhar Mansuri (3Brain Technolabs Private Limited) -> mohammedazhar.mansuri@gmail.com / 8732947832
  [18/442] Parth Parmar (AppsRow Solutions) -> parth@kankarth.com / (no mobile)
  [19/442] Sandip Patel (Knackroot TechnoLabs LLP) -> sandip@knackroot.com / +91 99676 61361
  [20/442] Nikunj Shingala (Webs Optimization Software Solution) -> nikunj@websoptimization.com / +91 84879 64185
  [21/442] Bhavin P (Blurbee Solutions) -> (none) / +91 9714690502
  [22/442] Salil Momin (Laitmatus Software Private Limited) -> salil19871@gmail.com / (no mobile)
  [23/442] Sagar Poojara (Botspot Infoware Pvt Ltd) -> sagar.poojara@botspotinfoware.com / 8153896966
  [24/442] Miraj Koradiya (Webelight Solutions) -> miraj@webelight.co.in / +91 74052 88281
  [25/442] Krunal Jariwala (Toshal Infotech Pvt. Ltd.) -> krunal@toshalinfotech.com / +91 98986 62161
  [26/442] Keyur Mehta (Kombee) -> keyur.mehta@kombee.com / +91 80077 76874
  [27/442] Jaydip Makadia (BMV System Integration Pvt Ltd) -> jaydip@systemintegration.in / +91-9974180965
  [28/442] Rajnikant Rana (Triveni Global Software Services LLP) -> rajni@triveniglobalsoft.com / (no mobile)
  [29/442] Dharmesh Khunt (Significant Infotech) -> dharmesh@significantinfotech.com / (no mobile)
  [30/442] Pooja S. (Nyusoft Solutions LLP) -> pooja.shah@nyusoft.com / +91 94087 66430
  [31/442] Akash Padhiyar (Akash TechnoLabs) -> akash@akashtechnolabs.com / +91 79 4907 0511
  [32/442] Arjun S. (Tibicle LLP) -> ashinojiya@tibicle.com / (no mobile)
  [33/442] Chintan Parmar (Infibrain Technologies LLP) -> chintan.parmar@infibrain.com / +91 98796 43959
  [34/442] Ronak Bhavsar (The Special Character) -> ronak@thespecialcharacter.com / +91 97129 10334
  [35/442] Nitin Kevadiya (GLOPBE) -> nitin@glopbe.com / (no mobile)
  [36/442] Hiral Sudra (iCoderz Solutions) -> hiral.sudra275@gmail.com / (no mobile)
  [37/442] Nilesh Solanki (Shiv Infotech) -> solankinilesh5627@gmail.com / (no mobile)
  [38/442] Rahul Dhulia (TechMatrix) -> rahul@techmatrix.io / +919924943430
  [39/442] Aakash Parikh (Dhyey Consulting) -> aakash@dhyey.com / +91 99201 89595
  [40/442] Snehal Chauhan (Vnnovate Solutions Pvt Ltd) -> snehalc@vnnovate.com / +91 99040 39643
  [41/442] Shailesh Sakaria (Triveni Global Software Services LLP) -> shailesh.sakaria@triveniglobalsoft.com / +1 316-209-6364
  [42/442] Sagar M. (Wokontech IT Solution) -> dev.sagarmendapara@gmail.com / +91 97246 94395
  [43/442] Jaydeep Patel (byPeople Technologies) -> jaydeep.patel@bypt.in / +91 80000 95543
  [44/442] Jay Ukani (Self-employed) -> jukani@magnusminds.net / (no mobile)
  [45/442] Rikin Thakkar (Qrious Tech Team LLP) -> rikin@qrioustech.com / (no mobile)
  [46/442] Pratik Shihora (Saeculum Solutions Pvt Ltd) -> pratik@saeculumsolutions.com / (no mobile)
  [47/442] Keyur K. (Infusion Analysts) -> keyurmk@infusionanalysts.com / (no mobile)
  [48/442] Hemal Thaker (Leocan Technologies LLP) -> hemal@leocan.co / (no mobile)
  [49/442] Ashish Ranpara (BrainStream Technolabs Pvt. Ltd.) -> ashish.ranpara@brainstream.tech / +91 99090 12395
  [50/442] Ravi Pipaliya (Xelentor Technologies Pvt. Ltd.) -> ravi@xelentor.com / (no mobile)
  [51/442] Bhavdeep Vyas (BMV System Integration Pvt Ltd) -> bhavdeep@systemintegration.in / +91 99798 83716
  [52/442] Bhushan G. (CodeCaste Pvt Ltd) -> bhushan@codecaste.com / (no mobile)
  [53/442] Foram Vyas (Digital Auxilio Technologies) -> foramvyas22@gmail.com / +91 63566 84554
  [54/442] Jignesh C. (WebCreta Technologies) -> jignesh@webcreta.com / +91 99989 99756
  [55/442] Shailesh Davara (Cloud Native Rajkot) -> shailesh@improwised.com / +91 92283 86326
  [56/442] Sunil Patel (Tabdelta Solutions) -> sunil@tabdelta.com / +91 99047 23957
  [57/442] Gaurang Dave (TechAbbot) -> gaurang.dave@techabbot.com / +91 98986 36944
  [58/442] Vivek Dhamecha (Crenspire Technologies) -> dhamechavivek95@gmail.com / (no mobile)
  [59/442] Vishal Patel (Altum) -> vpatel@mchughconstruction.com / (630) 432-3984
  [60/442] Tejash Jethwa (Techerudite) -> tejash@techerudite.com / (no mobile)
  [61/442] Ashish Chotalia (CODEVISION TECHNOLOGIES PRIVATE LIMITED) -> ashish@thecodevision.com / +91 94269 75656
  [62/442] Yagnesh Gondaliya (Tecocraft Infusion Pvt Ltd) -> yagnesh.gondaliya@tecocraft.com / (no mobile)
  [63/442] Sweety Shah (Sinon Tech Pvt Ltd) -> sweety.sinontechs@gmail.com / (no mobile)
  [64/442] Raj Kumar (r.k.infotech) -> (none) / (no mobile)
  [65/442] Muhammad Khan (Wings Tech) -> (none) / (no mobile)
  [66/442] jairam vasudev (global wings tech) -> (none) / (no mobile)
  [67/442] Yatindra L. (Theoddcoders Technologies - AI Development Company) -> yatindra@theoddcoders.com / +91 91732 79673
  [68/442] Ronak Shah (Webosphere) -> ronak@webosphere.in / +91 79 4006 4001
  [69/442] Kavish J. (CodeCaste Pvt Ltd) -> kavish@codecaste.com / +91 99250 07838
  [70/442] Kiran Gadhiya (iGeek) -> kiran@igeektech.com / 7567093476
  [71/442] Pratik Rupani (Infibrain Technologies LLP) -> pratik.rupani@infibrain.com / +91 94262 04534
  [72/442] Rutvij Trivedi (Silicon Signals Pvt. Ltd.) -> rutvij.trivedi@volansys.com / 9408730545
  [73/442] Sheetal Mehta (Accessibility Assistant) -> sheetal@shivlab.com / +91 99099 14731
  [74/442] Nirav Khatri (Orbrick Consulting Private Limited) -> nirav@orbrick.com / +91 97262 42688
  [75/442] Devashish Vavadiya (Slash Star (formerly xR Studio)) -> devashish@slashstar.co / (no mobile)
  [76/442] Kapil Shah (Prectech) -> kps@prectech.online / (no mobile)
  [77/442] Jinesh Shah (CODEVISION TECHNOLOGIES PRIVATE LIMITED) -> jinesh@codevision.in / +91 97231 20714
  [78/442] Brijesh Vadukia (Crompt AI) -> brijesh@benzatine.com / +91-9913360998
  [79/442] Paresh Solanki (Tecoreng) -> paresh@tecoreng.com / +91 96249 46476
  [80/442] Adnan Pothiawala (CoderKube Technologies) -> apothiawala@coderkube.com / (no mobile)
  [81/442] Prakash Donga (SoluteLabs) -> prakash.donga@solutelabs.com / +91 97254 83703
  [82/442] Jay Dhameliya (SaaS Innova Pvt. Ltd.) -> jaydhamelia9@gmail.com / +12016658312
  [83/442] Keyur Shah (LittleDrops) -> keyur@simpleminds.in / +918460987082
  [84/442] Riken Bhorania (Ascetic Business Solution) -> riken.bhorania@asceticbs.com / +91 94274 25799
  [85/442] Hitesh Sharma (Goldenedge Software) -> hitesh.sharma@arisecareer.com / 8347882146
  [86/442] Anand Bhoraniya (TilesWale ) -> anand@floormonk.com / +91 90997 91811
  [87/442] Pritesh Modi (LogicRays Technologies Pvt. Ltd.) -> pritesh@logicrays.com / 9998551379
  [88/442] Bharat Jariwala (Krtya Softwares) -> jariwbh@krtya.com / +91 87583 63925
  [89/442] Raj Shah (Cephei Infotech) -> raj@cepheiinfotech.com / 919033103909
  [90/442] Piyush S. (InstaCloud Solutions | AI, Cloud & Data Experts | Driving Innovation & Digital Transformation) -> (none) / +91-7600801238
  [91/442] Naman Shah (Nupeak IT Solutions LLP) -> naman.shah@nupeak.in / +91 97125 44477
  [92/442] Nigam Patel (Moltech Solutions Inc) -> nigam@mol-tech.com / 8128694374
  [93/442] Bhavin Solanki (IQ Infinite Technologies) -> bhavin.solanki@iqinfinite.in / (no mobile)
  [94/442] Nikhil Patel (WebClues Infotech - A CMMI Level 5 Certified Company) -> nikhil.patel@codezeros.com / +91 90992 84321
  [95/442] Ronak Raval (Swing IT Services Pvt Ltd) -> ronak.raval@compufytechnolab.com / (no mobile)
  [96/442] Adit S. (Virtual Coders) -> adit@virtualcoders.net / 9033238463
  [97/442] Mitesh Patel (ADDACT) -> patelmitesh1688@gmail.com / +91 90166 43434
  [98/442] Karan Shah (SoluteLabs) -> karan.shah@solutelabs.com / +91 99099 82010
  [99/442] Ankit Gauri (Uncanny Consulting Services LLP) -> agauri@uncannycs.com / 9427563239
  [100/442] Rohit Pansara (Ethics Infotech ) -> rohit_pro1@yahoo.com / (no mobile)
  [101/442] Jay Vasdewani (Mithra Ecom LLC) -> jay@latitudetechnolabs.com / (no mobile)
  [102/442] Jigar Joshi (Wan Buffer Services - Odoo Partner, Expert in Solution Integration and Business Automation +AI) -> jigar@wanbuffer.com / +91 73831 88037
  [103/442] Tejas Golwala (Palm Infotech) -> tejas@palminfotech.com / +91 90337 59532
  [104/442] Pooja Shah (SVAAPTA IT-ALLY SOLUTIONS Pvt Ltd) -> nirmal.pooja@gmail.com / +91 99099 60869
  [105/442] Ishani Desai (Inventam Tech Solution) -> ishani@inventam.com / (no mobile)
  [106/442] Ashish Shah (Seaflux) -> ashish@seaflux.tech / +1 860-212-8153
  [107/442] Bhavik Thakkar (Agentix Tech Private Limited) -> bhavik.thakkar@techextensor.com / +91 89807 39806
  [108/442] Hareen Desai (Neo phoenix) -> hareen@inventam.com / +91 74051 73235
  [109/442] Vishal Parekh (Tykkit) -> vishal@aavatto.com / (no mobile)
  [110/442] Prakash Mahar (Kevision Systems) -> prakashmahar@gmail.com / +917226032150
  [111/442] Mayur P. (prishusoft) -> mayur@prishusoft.com / (no mobile)
  [112/442] Prakash Suthar (Tecblic) -> prakash.suthar@tecblic.com / +91 99254 74445
  [113/442] Nirav Raval (GetOnData Solutions) -> nirav.raval@kiwiqa.com / +91 95372 09723
  [114/442] Dhaval Shah (Nyusoft Solutions) -> dhaval.shah@nyusoft.com / +91 79 2560 2633
  [115/442] Raj Jagani (Tibicle LLP) -> rjagani@tibicle.com / +91 97249 22880
  [116/442] Jignesh Prajapati (Praeclarum Tech) -> jignesh.prajapati@clariontechnologies.co.in / +91 79 4005 6290
  [117/442] Miral Viroja (AmCodr IT Solutions Pvt. Ltd.) -> miralviroja@gmail.com / +91 90995 49419
  [118/442] Nimesh Shah (Orbrick Consulting Private Limited) -> nimesh.shah@orbrick.com / +91 94264 01791
  [119/442] 🗽 Ankit Pancholi (AIXTOR Technologies) -> ankit.pancholi@aixtor.com / (no mobile)
  [120/442] Hiren Vora (Emipro) -> hiren@emiprotechnologies.com / +91-9979754757
  [121/442] Randhir Mayatra (Caret IT Solutions) -> randhir@caretit.com / +91 88665 76188
  [122/442] Rohit Goyani (SaaS Innova Pvt. Ltd.) -> rohit@devoteeinfotech.com / (no mobile)
  [123/442] Harshil Gangani (CreatPix Infotech LLP - Shopify Development Agency) -> harshil@creatpix.com / +91 81609 74937
  [124/442] Ali Matiya (Matiyas Solutions) -> business.matiyas@gmail.com / (no mobile)
  [125/442] Rakesh Vadhel (Geek Web Solution) -> rakesh@geekwebsolution.com / 9624333243
  [126/442] Ritisha Patel (Reyna Solutions Pvt Ltd) -> ritisha@reynasolutions.com / +91 88660 27031
  [127/442] Makhdum Chamadiya (Codes Technology) -> makhdumc@codestechnology.com / 8140648448
  [128/442] Tejas Patel (Altum) -> tpatel@altumlabs.com / (no mobile)
  [129/442] Ankit Patel 🌍 (Wappnet Systems Pvt. Ltd.) -> msnankit@gmail.com / +1 323-521-5351
  [130/442] Akash Kathiriya (MegaMinds Technologies Private Limited) -> (none) / 9904742583
  [131/442] Sandeep Patel (Coretus Technologies) -> sandeep@coretus.com / (no mobile)
  [132/442] Dharmesh Kumbhani ( DK ) (Transcodezy IT Solutions Pvt. Ltd.) -> (none) / +91 95102 49833
  [133/442] Harsh Shah (Citrusbug Technolabs) -> harsh.shah@citrusbug.com / +91 98244 55290
  [134/442] Meet Sachani (Celestial Infosoft) -> mitsachani7878@gmail.com / 8780181674
  [135/442] Ravi Kotwani (Linkyfy) -> ravi.kotwani@nexuslinkservices.com / (no mobile)
  [136/442] Uday Mer (MindQuad Solutions) -> uday.m@mindquad.com / +91 94282 55499
  [137/442] Anand Parekh (NetizensLab) -> anand@netizenstechnologies.com / 9723326587
  [138/442] Saurabh K. (Orbrick Consulting Private Limited) -> saurabh.kabra@orbrick.com / +919727342970
  [139/442] Ashish Parmar (Vitara.Ai) -> aparmar@prismetric.com / +919909503531
  [140/442] Amit Mendapara (DioneApps Private Limited) -> amit@dioneapps.com / 919879758500
  [141/442] Pratik Rathod (Maxlink IT Solutions Pvt. Ltd.) -> pratik.rathod@maxlinkitsolutions.com / +918849896260
  [142/442] Manish A. (56N Software AB (56° North)) -> manish.arya@56-north.com / (no mobile)
  [143/442] Jignesh Gediya (The Nexfal | Shopify Apps & SAAS Apps) -> jignesh@webcontrive.com / (no mobile)
  [144/442] Nilesh Dhorajiya (NowOnline Tech India Pvt ltd) -> nd@nexuslinkservices.com / +91 96557 57371
  [145/442] Hardik  Shah (Q2M Solutions) -> hardik@prakashinfotech.com / +91 97148 82692
  [146/442] Ayush Kanodia (WebClues Infotech) -> ayush@codezeros.com / +1 650-334-7097
  [147/442] Chintan Adhvaryu (Webforest LLP) -> icechilledchintan_getme@yahoo.com / +91 95108 49096
  [148/442] Bhaumik Patel (Aviasole Technologies) -> bhaumik.patel@aviasole.com / +91 99798 96466
  [149/442] Sunil Chavda (Whitelotus Corporation) -> sunil@whitelotuscorporation.com / +91 9979555655
  [150/442] Brijesh Ghelani (Astha Technology Solutions Private Limited) -> info@asthatechnology.com / (no mobile)
  [151/442] Manoj Bhuva (KanhaSoft) -> manoj@kanhasofttech.com / +91 91576 49001
  [152/442] Sonalben  gevariya  (Essence Solusoft) -> (none) / (no mobile)
  [153/442] Jaykishan Dobariya (Whyphy Technologies) -> dobariyaj@whyphyinfotech.com / +91 81549 77688
  [154/442] Bimal Patel (Myra Technolabs) -> bimal@myratechnolabs.com / +91 90670 86078
  [155/442] Vrunda Vakil (WeyBee Solutions Pvt Ltd) -> vrunda@weybee.com / +91 98985 99954
  [156/442] Yagnesh Khamar (AppUnik) -> khamar.yagnesh@gmail.com / (no mobile)
  [157/442] Dhaval Baldha (Techvoot) -> kevin@techvoot.com / +91 87588 64290
  [158/442] Durga Kalariya (Infusion Analysts) -> (none) / (no mobile)
  [159/442] Mayur Koradiya (GameYogi Private Limited) -> mayur@sigzen.com / 9327674567
  [160/442] Bhaumin Chorera (Ascetic Business Solution) -> bhaumin.chorera@asceticbs.com / (no mobile)
  [161/442] Hermit Chawla (AIS Technolabs) -> hermit@aistechnolabs.com / +1 860-967-7036
  [162/442] Yash Sapkale (CUS Tech) -> yashsapkale96@gmail.com / (no mobile)
  [163/442] Paras Patel (Oogam AI) -> paras@eonistech.com / (no mobile)
  [164/442] Yogesh Prajapati (Rayo Innovations) -> yogesh@rayoinnovations.com / (no mobile)
  [165/442] Pooja Mourya (Codewik Infotech Pvt Ltd) -> mouryapj@gmail.com / (no mobile)
  [166/442] Bhavesh Khanpara (Flutter India) -> bhavesh@ingeniousmindslab.com / +1 607-742-6547
  [167/442] NiyamSan Chhaya (Orbrick Consulting) -> niyamsan.chhaya@orbrick.com / +91 99988 80848
  [168/442] Prerna Mehta (Prismora) -> pg@narola.email / (no mobile)
  [169/442] Dhvanil Reshamwala (AIXTOR Technologies) -> dhvanil.reshamwala@aixtor.com / +91 97274 00009
  [170/442] Hardik Mehta (Aviasole Technologies) -> hardik.mehta@aviasole.com / (no mobile)
  [171/442] Brijesh Vora (BrightForce Technologies Pvt Ltd) -> brijesh@brightforce.tech / +91 99252 38047
  [172/442] Nirav Gohil (TecMantras Solutions) -> nirav@tecmantras.com / +91 73830 53293
  [173/442] Abhijit Petkar (AppleTech) -> abhijit.petkar@infibeam.com / +918141382917
  [174/442] Gajera Ashish (KG Krunch Solutions) -> gajeraashish.20@gmail.com / (no mobile)
  [175/442] Aarif Qureshi (3Brain Technolabs Private Limited) -> aarif.qureshi@indusa.com / (no mobile)
  [176/442] Prince Jadiya (ABJ Experts) -> heyram612002@gmail.com / 9601910055
  [177/442] Divyansh Khandelwal (Citrusbug Technolabs) -> divyansh@citrusbug.com / 7976944601
  [178/442] Dhaval Doshi (AppleTech) -> dhaval@appletechconsultants.com / +91 99250 33782
  [179/442] Kirtan Thaker (Whitelotus Corporation) -> kirtan@whitelotuscorporation.com / +1 909-996-0401
  [180/442] Anand Thakkar (Sanskar Technolab Pvt. Ltd.) -> anand@sanskartechnolab.com / (no mobile)
  [181/442] Viral Kacha (White Label Fox®) -> viral@whitelabelfox.com / +91 96628 68285
  [182/442] Tejas Shah (iPath Infotech) -> tejas.shah@ipathsolutions.co.in / (no mobile)
  [183/442] Vimal Parakhiya (Tark Technologies) -> vimal.parakhiya@tarktech.com / +91-6354-082810
  [184/442] Moe Farhat (Webinopoly) -> moe@webinopoly.com / +1 210-870-7750
  [185/442] Pratik Malvi (Tykkit) -> pratik@aavatto.com / 8149078119
  [186/442] Mustufa Kantawala (TechUltra Solutions Private Limited) -> mustufa@techultra.in / (no mobile)
  [187/442] Anil R  . (Jupical Technologies | Official Odoo Partner) -> anil@flytconsulting.no / 7405449936
  [188/442] Dharin Rajgor (TechCompose Solutions Pvt. Ltd.) -> dharinrajgor@techcompose.com / +91-9979024847
  [189/442] Karan Panchal (AppUnik) -> karan.panchal@appunik.com / (no mobile)
  [190/442] Jinal Shah (SINON TECH PVT LTD) -> jinalbhansali2020@gmail.com / (no mobile)
  [191/442] Jatin Baraiya (Eclat Engineering Pvt. Ltd.) -> jatin@eclateng.com / +91 98244 15155
  [192/442] Bhavik Khakhariya (BVM Infotech) -> bhavik@bvminfotech.com / (no mobile)
  [193/442] Unmesh Mehta (SourcePro Infotech Pvt. Ltd.) -> unmesh@sourcepro.co.in / (no mobile)
  [194/442] Fenil Rathod (Prectech) -> fenil.rathod@cygnet-infotech.com / +91 97244 25526
  [195/442] Dhaval Patel (Thinkwik) -> dhaval@tibdigital.com / (no mobile)
  [196/442] Shankar Patel (Swing IT Services Pvt Ltd) -> shankar.patel@compufytechnolab.com / +91 97129 75891
  [197/442] Pragna S (Saawahi IT Solution LLP) -> pragnas@saawahiitsolution.com / (no mobile)
  [198/442] Maulik Movaliya (Creyox Technologies) -> m4maulik1182@gmail.com / +91 9265290098
  [199/442] Mehul Vadadoriya (SERPHouse) -> mehul@serphouse.com / (no mobile)
  [200/442] Meghal Adesra (Qodic Technosoft LLP) -> (none) / (no mobile)
  [201/442] Abhinav Chauhan (Santushti Infotech Private Limited) -> abhinavchauhann@gmail.com / (no mobile)
  [202/442] Amit Patel (eCodeSoft Solutions) -> amitagola@gmail.com / (no mobile)
  [203/442] Hepi Mendpara (Webunity Infotech) -> hepi@webunityinfotech.com / +91 95373 69828
  [204/442] Prashant Khunt (Patel) (Digiclarity, LLC) -> prashant.khunt@digiclarity.com / +91 97259 77055
  [205/442] Krishna Shah (Sinon Tech Pvt Ltd) -> krishnashah0608@gmail.com / (no mobile)
  [206/442] Dhaval Kakadiya (Appgenix Infotech) -> dk@appgenixinfotech.com / (no mobile)
  [207/442] Bhavik Soni (GLOPBE) -> bhavik@glopbe.com / (no mobile)
  [208/442] Shalini Punjabi (Resolute Solutions) -> shalini@resolutesolutions.in / +919712391001
  [209/442] Sheetal Chaniyara (CartCoders Ecommerce & IT Solutions LLC) -> sheetal@shivlab.com / (no mobile)
  [210/442] Harshit Vakil (WeyBee Solutions Pvt Ltd) -> harshit@weybee.com / +91 88669 66980
  [211/442] Jaimin Doshi (AppleTech) -> jaimin@appletechconsultants.com / (no mobile)
  [212/442] Ishan Godhani (Nexotips Infotech) -> (none) / +91 8160532146
  [213/442] Nishit Shah (NotOps.io) -> nishit@laitmatus.com / (no mobile)
  [214/442] Het Vaghasia (PragetX) -> het@pragetx.com / 8200170255
  [215/442] Harsh Manvar (Creyox Technologies) -> harshmanvar11@gmail.com / 7228008588
  [216/442] Kishan Patel (Wappnet Systems) -> kishan@wappnet.com / 8866801680
  [217/442] Sandip Fichadiya (Tibicle) -> ssoni@tibicle.com / (no mobile)
  [218/442] Brijesh Bodariya (StackApp Infotech) -> brijeshbodariya@gmail.com / (no mobile)
  [219/442] Hardik Shah (Sinon Tech Pvt Ltd) -> hardik.sinon@gmail.com / (no mobile)
  [220/442] Alkesh P. (D&K Group) -> alkesh@dnktechnologies.com / +91 99042 30605
  [221/442] Vishal Patel (Myra Technolabs) -> vishal@myratechnolabs.com / (no mobile)
  [222/442] Heena Nair (Tecblic) -> heena.nair@tecblic.com / +919925205269
  [223/442] Vishal Shah (Inexture Solutions) -> vishal@tridhyatech.com / +16286284042
  [224/442] Anand Shukla (EKIKA) -> anand@caretit.com / +919904320032
  [225/442] Vipinraj Nair (Cypherox Technologies Pvt Ltd) -> vipinraj@cypherox.com / +91 89050 36041
  [226/442] Mehul A. (Rain Infotech) -> mehul@raininfotech.com / +91 97263 64652
  [227/442] Uday Ramani (Oogam AI) -> uday@eonistech.com / (no mobile)
  [228/442] Dharmin Naik (WebAshlar) -> dharmin.naik@webashlar.com / (no mobile)
  [229/442] Mitesh Solanki (Prism WebWorks LLC) -> (none) / (no mobile)
  [230/442] CA Rushabh Shah (Orbrick Consulting Private Limited) -> carushabhshah9@gmail.com / +971 52 862 2873
  [231/442] akshay kantaria (Emipro Technologies) -> akshay@emiprotechnologies.com / (no mobile)
  [232/442] Vishal Modi (Softvan Pvt Ltd | A Sahana System Group Company.) -> vishal@softvan.in / +918000688325
  [233/442] Jiten Patel (Thinkwik) -> jiten_52@yahoo.co.in / +1 (469)-468-4584
  [234/442] Faiz Ahemed (NopAdvance) -> faiz@nopadvance.com / 9016896711
  [235/442] Kaushal Monani (Bytespark Digital Pvt Ltd) -> kmonani@bytesparkdigital.com / (no mobile)
  [236/442] Kalpesh Kotadiya (Kmphitech) -> kalpesh@kmphitech.com / +91 90163 93706
  [237/442] Ramesh Patel (byPeople Technologies) -> ramesh.patel@bypt.in / +91 79 2581 2007
  [238/442] Purva Davara (Omeecron Solutions) -> purva.davara@omeecron.com / (no mobile)
  [239/442] Chirag Gabani (Susamp Infotech) -> chirag@susampinfotech.com / +91 83068 96467
  [240/442] Digant Vora (Miracle Cloud ERP Private Limited) -> digant@rkitsoftware.com / +91 94262 42248
  [241/442] Ashish Aapaliya (Tark Technologies) -> ashish.aapaliya@tarktech.com / +91 80806 61001
  [242/442] Jay Kakadiya (Corenet Tech India) -> (none) / +91 90992 04696
  [243/442] Hiren Patel (MindQuad Solutions) -> hiren@mindquad.com / +919426044110
  [244/442] Kalpesh Padshala (JKSOL INFOTECH) -> kalpesh@jksol.com / (no mobile)
  [245/442] Akshay Joshi (Crenspire Technologies) -> akshaypjoshi@gmail.com / +918600454907
  [246/442] Pankaj Savaliya (Grewon Technologies Pvt. Ltd.) -> pankaj@grewon.com / (no mobile)
  [247/442] Nainesh Pandya (Webclues Infotech) -> nainesh.pandya@dataeximit.com / +91 92656 37864
  [248/442] Hemal Bhatt (ZipBooks Software Solutions Pvt. Ltd) -> hemal@accusol.com / +91 98252 27192
  [249/442] Adibai Jadiya (ABJ Experts) -> adibai@abjexperts.com / 9512984777
  [250/442] Jay Patel (Emerging Five) -> jay.patel@emergingfive.com / +919979591557
  [251/442] Jinesh Shah (Xwiz Analytics) -> jinesh@shreevikramjewellers.com / (no mobile)
  [252/442] Meghal Adesra (Qodic Technosoft LLP) -> meghal.j.adesra@gmail.com / +91 78780 27137
  [253/442] Raj M. Vakadiya (Axone Infotech India) -> raj@axoneit.com / +91 8000805300
  [254/442] Jeel Nandaniya (Awesome Techlabs) -> (none) / (no mobile)
  [255/442] Kuldeep Ghoghari (Hyeon Infotech) -> kuldeep@hyeoninfotech.com / (no mobile)
  [256/442] Geetika Sharma (ValueVerse Consulting) -> geetika.sharma@valueverseerp.com / +91 98112 27842
  [257/442] Tushar Navadiya (Codeverse Weenggs Solutions LLP) -> tushar@weenggs.com / +91 99040 76120
  [258/442] Krupa Patel (Frontend Army) -> krupa@frontendarmy.com / +91 9601840407
  [259/442] Biren Patel (Alvi Software) -> biren.patel@alvisoftware.com / (no mobile)
  [260/442] Krunal Shah (SINON TECH PVT LTD) -> krunalshah2k20@gmail.com / (no mobile)
  [261/442] Vaibhav Desai (Microweb Solutions) -> vaibhav.desai@microwebsolutions.co.in / +91 97020 29857
  [262/442] Irshad Pathan (iCommuneTech) -> (none) / +91 98798 12020
  [263/442] Deepak A. (Tark Technologies) -> deepak.aapaliya@tarktech.com / 9867378558
  [264/442] Umesh Panchani (Developer Infotech) -> umesh@developerinfotech.com / 8460821006
  [265/442] Kashyap Pujara (MultiQoS Technologies Pvt. Ltd.) -> kashyap@multiqos.com / +91 99134 51482
  [266/442] Mohan Motiani (ZipBooks Software Solutions Pvt. Ltd) -> mohan@zipbooks.in / +91 98252 27192
  [267/442] nikhil kumar (StrikeOneStudios) -> nknikh@gmail.com / +917878315745
  [268/442] Ronak Patel (I Vision Infotech) -> ronak@ivinfotech.in / +919924426361
  [269/442] Raj Mayatra (Caret IT Solutions Pvt. Ltd.) -> caretsoftware@gmail.com / (no mobile)
  [270/442] Dipen Narola (Find Medicine) -> dipennarola259@gmail.com / +91 88662 94757
  [271/442] Jeetesh Gajjar (AliteProjects) -> jeeteshgajjar@gmail.com / +91 99250 21473
  [272/442] Bhavin Avadiya (Geetaxmi Technologies Pvt. Ltd.) -> bavadiya@geetaxmi.com / +91 76988 70864
  [273/442] Vishalsinh Ker (AimInfologics) -> (none) / (no mobile)
  [274/442] Satish Nair (Netsol IT Solutions Pvt. Ltd.) -> satish.nair@netsolitsolutions.com / (no mobile)
  [275/442] Piyush Poriya (Grewon Technologies Pvt. Ltd.) -> piyushporiya@grewon.com / (no mobile)
  [276/442] Shardul Bankar (Mpiric Software) -> shardulsb08@gmail.com / (no mobile)
  [277/442] Deep Yadav (AliteProjects) -> deep@aliteprojects.com / +1 330-604-6007
  [278/442] Urvi Sangani (BrainBox Infoway Pvt Ltd.) -> (none) / (no mobile)
  [279/442] Khushal Chothani (Hexaforge Technologies LLP) -> (none) / 9099591819
  [280/442] Deep Patel (Bluegrey Technologies ) -> (none) / (no mobile)
  [281/442] Shravan Vavadiya (Slash Star (formerly xR Studio)) -> shravan@xrstudio.in / (no mobile)
  [282/442] Nirav Vavadiya  (UNIKWORK) -> vavadiya.nirav@gmail.com / +91 81406 21790
  [283/442] Krunal Mangroliya (Rain Infotech) -> krunal@raininfotech.in / +91 90331 12524
  [284/442] Shubham Sutariya (Transcodezy IT Solutions Pvt. Ltd.) -> shubhamsutariya21k@gmail.com / +91 98798 68908
  [285/442] Hardik N. (OMEX INFOTECH) -> hardik@omexinfotech.com / 8460212160
  [286/442] Paresh Gothi (ORBITWEBTECH LLP) -> paresh@orlandospencer.com / (no mobile)
  [287/442] Jinal Shah (Nyusoft Solutions LLP) -> jinal.shah@nyusoft.com / +91 98793 70602
  [288/442] Go GRABIT (Corenet Tech India) -> askgrabitapp@gmail.com / (no mobile)
  [289/442] Jitesh Kapadia (August Infotech) -> jitesh.kapadia@augustinfotech.com / +1 647-886-5698
  [290/442] Nikesh Chaudhary (UnWrrap) -> nikesh@pysquad.com / (no mobile)
  [291/442] Pintu Vasani (Significant Infotech) -> pintu_vasani@significantinfotech.com / +918141384859
  [292/442] Naim Halai (MSA Infotech) -> naim.halai@msainfotech.com / (no mobile)
  [293/442] Maulik Bhuva (Hashcrypt Technologies Pvt. Ltd. - Digital Solutions) -> maulik@hashcrypt.com / (no mobile)
  [294/442] Jigar Vaghasiya (S2soft Infotech LLP) -> jigarvaghasiya8161@gmail.com / +91 79908 85721
  [295/442] Nihar Dodiya (Brainbinary Infotech) -> dodiyanihar8460@gmail.com / (no mobile)
  [296/442] Mehul Rupavatiya (Equitysoft Technologies Pvt. Ltd) -> mehul.rupavatiya@equitysoft.in / (no mobile)
  [297/442] Niraj Gohel (Tykkit) -> niraj@aavatto.com / +91 94084 45762
  [298/442] Vidit Vora (Whyphy Technologies) -> vidit.pv142@gmail.com / +918866866997
  [299/442] Dharmesh Radadiya (Infyum) -> dharmeshradadiya2104@gmail.com / (no mobile)
  [300/442] Tirth Patel (Shrine Software Services Pvt Ltd) -> tirth@shrinesoft.com / (no mobile)
  [301/442] Jignesh W. (August Infotech) -> jignesh.wadia@augustinfotech.com / +91 99240 25075
  [302/442] Fenil Shah (Emerging Five) -> fenil.shah@emergingfive.com / +91 90161 75696
  [303/442] Trupal Gadhiya (White Orange Software PVT LTD) -> (none) / +919601973340
  [304/442] Hitesh ker (AimInfologics) -> ker.hitesh9@gmail.com / (no mobile)
  [305/442] Arpit N. (Transcodezy IT Solutions Pvt. Ltd.) -> arpitnakrani2580@gmail.com / +919773031742
  [306/442] Sagar Anghan (Stackapp Solution) -> anghansagar25@gmail.com / (no mobile)
  [307/442] Mehul V. (Prime Apps) -> mehul.virani@primeapps.in / (no mobile)
  [308/442] Ravi Nimavat (Self-employed) -> ravikumarnimavat106@gmail.com / +91 74058 35887
  [309/442] Manish Dhakecha (Hevin technoweb) -> (none) / (no mobile)
  [310/442] Bhavikkumar V. (Coder Infosys) -> (none) / (no mobile)
  [311/442] Prashant Dhameliya (Developer Infotech) -> princedhameliya@yahoo.in / (no mobile)
  [312/442] Jaimin Gohel (Dit Interactive Pvt Ltd) -> jaimin@ditindia.com / +91 98792 00624
  [313/442] Dharmesh Mendapara (White Orange Software) -> dharmesh@whiteorangesoftware.com / +91 84010 93656
  [314/442] codezee technologies (codezee technologies ) -> (none) / (no mobile)
  [315/442] Nilofar Jargela (Inevitable Infotech Pvt. Ltd. : Work from Anywhere) -> hrinevitableinfotech@gmail.com / (no mobile)
  [316/442] Jaikishan Bajaj (Webindia Inc) -> jaikishan@webindiainc.com / (no mobile)
  [317/442] Yagnesh Modh (The Special Character) -> yagnesh.modh@gmail.com / (no mobile)
  [318/442] Nikhil Shah (iSyncEvolution Pvt. Ltd.) -> nikhil@isyncevolution.com / +91 94285 56948
  [319/442] Miral Gaywala (Leocan Technologies LLP) -> (none) / (no mobile)
  [320/442] Deep Shah (Xwiz Analytics) -> (none) / (no mobile)
  [321/442] Hiren Vala (Hyvikk Solutions) -> hiren@hyvikk.com / +919429233567
  [322/442] Kaushal Hirpara (Infyum) -> (none) / (no mobile)
  [323/442] Parimala M. (Padma Technology) -> (none) / (no mobile)
  [324/442] Ravi Bhalodiya (FCR DEVELOPMENT PRIVATE LIMITED) -> r.bhalodiya@fcr-immobilien.de / +91 96012 63350
  [325/442] Rakesh Patel (Space-O Technologies) -> rakeshpatel@spaceotechnologies.com / (no mobile)
  [326/442] Nimisha P. (Coretus Technologies) -> nimisha.kamani@outlook.com / (no mobile)
  [327/442] WeLogical Software Solutions (WeLogical Software Solutions) -> (none) / (no mobile)
  [328/442] Javan Edmunds (Elite Web Solutions) -> (none) / (no mobile)
  [329/442] Tapan Chakrabarti (T M SYSTEMS) -> (none) / (no mobile)
  [330/442] Nihir K. (Unada Labs) -> (none) / (no mobile)
  [331/442] Safi Chaou (AppleTech) -> (none) / (no mobile)
  [332/442] James  Walker (Geek Web Solution) -> (none) / (no mobile)
  [333/442] Ahsan Abbasi (Wings Tech) -> (none) / (no mobile)
  [334/442] White Jonathan (VC ERP Consulting) -> (none) / (no mobile)
  [335/442] Satish Nair (Netsol IT Solutions Pvt. Ltd.) -> soeb@netsolitsolution.com / +91 85111 17580
  [336/442] Jignesh Gediya (Hevin Technoweb) -> jlgediya@gmail.com / +91 84888 36888
  [337/442] Divyesh Savaliya (S2soft Infotech LLP) -> (none) / (no mobile)
  [338/442] Tecmantras Private Ltd. (Tecmantras) -> (none) / (no mobile)
  [339/442] Coupon Cred (Celestial Infosoft) -> (none) / (no mobile)
  [340/442] DEEPAK KUMAR PANDIT (Tesla Power USA) -> (none) / (no mobile)
  [341/442] Lana Ray  (Tesla Power USA) -> (none) / (no mobile)
  [342/442] Waters  Winter (WeyBee Solutions Pvt Ltd) -> (none) / (no mobile)
  [343/442] Taylor Arachikavitz (Tesla Power USA) -> (none) / (no mobile)
  [344/442] Ingvar Joelson (Prectech) -> (none) / (no mobile)
  [345/442] Shweta  Hundia (Unada Labs) -> (none) / (no mobile)
  [346/442] Mia Lee (Tesla Power USA) -> (none) / (no mobile)
  [347/442] Center for Middle East (nichetech) -> (none) / (no mobile)
  [348/442] Digital Transformation (nichetech) -> (none) / (no mobile)
  [349/442] Edson Oliveira (Tesla Power USA) -> (none) / (no mobile)
  [350/442] Furkan Taha Aktaş (Tesla Power USA) -> (none) / (no mobile)
  [351/442] Tony Adams (Tesla Power USA) -> (none) / +19542614870
  [352/442] Raumik Rana (HexaCoder Technologies) -> raumik@hexacoder.com / (no mobile)
  [353/442] Rakesh Bhatt (Rayo Innovations) -> bhatt16988@gmail.com / +91 96629 90314
  [354/442] Mayursinh Parmar (Botspot Infoware Pvt Ltd) -> mayursinh.parmar@botspotinfoware.com / 7046197777
  [355/442] Bhavik Dhabaliya (Creyox Technologies) -> (none) / 8460772645
  [356/442] Rumit P. (Tark Technologies) -> parakhiya.rumit@gmail.com / (no mobile)
  [357/442] Anuradha Upadhyay (Upadpro Software & Services Pvt. Ltd.) -> anuradha@upadpro.in / (no mobile)
  [358/442] Mayur  Dobariya (DINJAN Infotech) -> mayur@dinjaninfotech.com / (no mobile)
  [359/442] Gaurav Khambhala (Inexture Solutions) -> gauravkhambhala@gmail.com / (no mobile)
  [360/442] Dixit Patel (Compufy Technolab) -> dixit.patel@compufytechnolab.com / (no mobile)
  [361/442] Manoj Soni (Elite Web Solutions) -> (none) / (no mobile)
  [362/442] Milan Gohel (HVG Infotech Private Limited) -> milan@hvginfotech.com / (no mobile)
  [363/442] Kamal Yadav (ValueVerse Consulting) -> kamal.yadav@valueverseerp.com / +91 91734 85293
  [364/442] Sandeep N. Chaudhary (NopAdvance LLP) -> sandeep@nopadvance.com / 9979263126
  [365/442] Hardik Kardani (AAGITE TECHNOLOGIES PVT. LTD.) -> hardik@aagitetech.com / 9737963763
  [366/442] Vikalp Somani (Magenta Connect Pvt Ltd) -> vikalp@iball.co.in / +91 88600 80580
  [367/442] Rahul Jain (Softedge Infotech) -> softedgeinfotech7@gmail.com / (no mobile)
  [368/442] Himanshu Darji (ORBITWEBTECH LLP) -> himanshudarji20@gmail.com / +919429902582
  [369/442] Aditya Vijayvargiya (Unada Labs) -> aditya@unada.io / (no mobile)
  [370/442] Nimesh Manek (Softvan Pvt Ltd | A Sahana System Group Company.) -> nimesh@softvan.in / +91 79 2664 0135
  [371/442] Umang Hingu (HVG Infotech Private Limited) -> umang@hvginfotech.com / (no mobile)
  [372/442] Pratik P. (Virtual Coders) -> (none) / (no mobile)
  [373/442] Kishan Pindoliya (BinStellar Technologies Pvt. Ltd.) -> kishan@binstellar.com / +91 9998262651
  [374/442] Divyakant Mehta (Padma Technology) -> dm@padmatechnologies.com / (no mobile)
  [375/442] Jignesh D (Omeecron Solutions) -> (none) / (no mobile)
  [376/442] Harshil Oza (HexaCoder Technologies) -> harshil@escworks.co.in / +91 9558355801
  [377/442] Arjav Patel (Prectech) -> arjav@prectech.online / +91 94288 05005
  [378/442] Kavinder Khurana (Tesla Power USA) -> kavinder@energyandfire.com / +91 97799 41628
  [379/442] Mritunjay Kumar Singh (Book Donate.Official) -> mritunjay@xceltec.com / +91 63566 84554
  [380/442] Jignesh Parekh (WebForest LLP) -> (none) / (no mobile)
  [381/442] Sagar Jagodra (IQ Infinite Technologies) -> sagar.jagodra@iqinfinite.in / 8460230445
  [382/442] Pratik K. (AlphaVed Pvt. Ltd.) -> pratik.k@alphaved.com / (no mobile)
  [383/442] Ajaypalsinh Jhala (STAD Solution) -> ajaypalsinh.jhala@iciciprulife.com / +91 90338 93770
  [384/442] Dhaval Chauhan (Weapplinse Technologies LLP) -> dhaval@weapplinse.com / (no mobile)
  [385/442] Tirth Bodawala (Atyantik Technologies Pvt. Ltd.) -> tirthbodawala@atyantik.com / (no mobile)
  [386/442] Shubham Mangukiya (Nextbase Solutions Private Limited) -> shubham@nextbase.solutions / (no mobile)
  [387/442] Nikunj Goyani (LogicGo Infotech) -> nhgoyani@yahoo.com / (no mobile)
  [388/442] Jignesh Vekariya (Hevin technoweb) -> pateljignesh573@gmail.com / +91 98244 06066
  [389/442] Darshak Faldu (Santushti Infotech Private Limited) -> darshak@santushtiinfotech.com / 9925068107
  [390/442] Chandrika Vora (SINON TECH PVT LTD) -> chandrikavora123@gmail.com / (no mobile)
  [391/442] Mayur Kukadiya (KG Krunch Solutions) -> (none) / (no mobile)
  [392/442] Bhavan Thakor (Inevitable Infotech Pvt. Ltd. : Work from Anywhere) -> bhavan_881987@yahoo.com / (no mobile)
  [393/442] Sandeep Parmaar (Atya Inno LLP) -> (none) / 9724547115
  [394/442] khunt jitendra (JKSOL INFOTECH) -> jitendra@jksol.com / +91 90679 70439
  [395/442] Rushabh Kamdar (TechMatrix) -> rushabh@techmatrix.io / +91 94084 88904
  [396/442] Paras Gang (Griphhy) -> paras@griphhy.com / (no mobile)
  [397/442] Tejas Shukla (Dit Interactive Pvt Ltd) -> tejas@ditindia.com / +91 81411 30689
  [398/442] Sarfaraj Khokhar (iSyncEvolution Pvt. Ltd.) -> sarfaraj@isyncevolution.com / (no mobile)
  [399/442] Kishan Lakkad (WebsTrail LLP) -> kishan.lakkad@webstrail.com / +91 78741 73093
  [400/442] Darshit K. (Nextbase Solutions Private Limited) -> darshit@nextbase.solutions / (no mobile)
  [401/442] ANIL R. (WebClues Infotech - A CMMI Level 5 Certified Company) -> (none) / (no mobile)
  [402/442] Amit Kasetiya (Drift2 Solutions) -> amit@immence.com / +91 84604 67464
  [403/442] Janak Thesiya (Hevin Technoweb) -> (none) / (no mobile)
  [404/442] Khushal Vasani (Hyeon Infotech) -> khushal@hyeoninfotech.com / (no mobile)
  [405/442] Mohsinkhan Baloch (iCommuneTech) -> balochmohsin786@gmail.com / +91 96241 86967
  [406/442] Harsh Mendapara (Wokontech IT Solution) -> (none) / 6359182033
  [407/442] Jitendra Gautam (Prometheas Technologies Private Limited) -> jg@prometheastech.com / +91 74052 01030
  [408/442] Sonal Zadafiya (PlanicsDev Infotech LLP) -> sonalzadfiya.work@gmail.com / (no mobile)
  [409/442] Harshil Bhadani (Infyum) -> harshilbhadani27@gmail.com / 9725255581
  [410/442] Vishal Selani (Idenglob Technolabs) -> (none) / +919624555025
  [411/442] Rohit Waghela (IDEfforts) -> wrohit.waghela@gmail.com / +91 8380097864
  [412/442] Prashant Tyagi (SSTECH) -> (none) / (no mobile)
  [413/442] Dhimant Patel (RKIT Software Pvt Ltd) -> dhimant@rkitsoftware.com / (no mobile)
  [414/442] Mehul Savaliya (Primento Technologies Pvt. Ltd) -> (none) / (no mobile)
  [415/442] Rakshit Menpara (Cloud Native Rajkot) -> rakshit@improwised.com / +91 88660 02987
  [416/442] Vishal Ker (AimInfologics) -> vishalker.aiminfologics@gmail.com / (no mobile)
  [417/442] Sheryansh Golchha (Griphhy) -> sheryansh@griphhy.com / (no mobile)
  [418/442] Ritesh S. (Hevin Technoweb) -> ritesh@hevintechnoweb.com / (no mobile)
  [419/442] Sam Cooper (Webclues Infotech) -> sam@webcluesinfotech.com / (no mobile)
  [420/442] Mohsin Baloch (Self-employed) -> (none) / +91 96241 86967
  [421/442] Vijay Joshi (Hyvikk Solutions) -> (none) / +917874546437
  [422/442] Dharmesh Kukadiya (Prime Apps) -> dharmesh@primeapps.in / +91 90332 58969
  [423/442] Milan Devmurari (LogicGo Infotech) -> milandevmurari7@gmail.com / (no mobile)
  [424/442] Hitesh Riziya (Codeverse Weenggs Solutions LLP) -> hitesh_frnz@yahoo.co.in / (no mobile)
  [425/442] Sujal Bandhara (byPeople Technologies) -> (none) / 9016234505
  [426/442] Debra Elaine Sparks (Bluegrey Technologies ) -> (none) / (no mobile)
  [427/442] Akash F (Sky Technovation) -> akash@skytechnovation.com / +91 82007 35620
  [428/442] Ais Technolabs (AIS Technolabs) -> (none) / 9825788755
  [429/442] Ngenda Inengu (BlueBit Technologies ZM) -> (none) / 260979952491
  [430/442] Ashok Bhatt (Wings Tech) -> dipalirughani108@gmail.com / (no mobile)
  [431/442] Ragini Kote (RK software solutions) -> (none) / (no mobile)
  [432/442] Manish Dhakecha (Hevin Technoweb) -> (none) / (no mobile)
  [433/442] Harshil Bhadani (Infyum) -> (none) / +91 97252 55581
  [434/442] Madhukar Pai (Eclat Engineering Pvt. Ltd.) -> madhukar@eclateng.com / +91 96388 46322
  [435/442] Akash TechnoLabs (Akash TechnoLabs) -> (none) / (no mobile)
  [436/442] Jitendra Khunt (JKSOL INFOTECH) -> (none) / (no mobile)
  [437/442] Rakesh Patel (Space-O Technologies) -> rakeshpatel@spaceotechnologies.com / (no mobile)
  [438/442] Jaimin Gohel (Dit Interactive Pvt Ltd) -> (none) / (no mobile)
  [439/442] yeimy Campiño (Tesla Power USA) -> (none) / (no mobile)
  [440/442] Bogusz Kowal (MicraSol LLP - App Development Company) -> (none) / (no mobile)
  [441/442] Johnny David (Tesla Power USA) -> (none) / (no mobile)
  [442/442] Ut Luply (AppleTech) -> (none) / (no mobile)

wrote /Users/bhanu/Desktop/hubspot/temporary/Gujarat_IT_top300_enriched.csv
emails: 363/442 (287 official) | phones: 241/442
