total rows: 313
  [1/313] Vaibhav Agrawal (Zordial Technologies) -> vaibhav.agrawal@zordial.com / (no mobile) [signalhire]
  [2/313] Ashish Kumar Sharma (Parasme software & technology ) -> ashishram1985@gmail.com / 8005611461 [signalhire]
  [3/313] Kapil Sharma (Kadam Technologies Pvt. Ltd.) -> kapil.sharma@kadamtech.com / +91-9414357848 [signalhire]
  [4/313] Prem Chand Saini (SignatureTech IT Solutions LLP) -> (none) / +919887554425 [signalhire]
  [5/313] Rahul Jain (Durapid Technologies Private L) -> rahul@durapid.com / +91 99532 57688 [signalhire]
  [6/313] Vivek Sharma (ProvisCommerce.ai) -> vivek@provistechnologies.com / +91 96600 54904 [signalhire]
  [7/313] Mohit Nag (Dev Technosys- CMMI Level 3) -> mohit@devtechnosys.com / (no mobile) [signalhire]
  [8/313] Shreyansh Khandelwal (Synclyft) -> shreyansh@synclyft.com / 7689985615 [signalhire]
  [9/313] Rishi Ram (GMTA Software Solutions Pvt Lt) -> rishi@gmtasoftware.com / (no mobile) [signalhire]
  [10/313] Vidhupriya Agrawal (SignatureTech IT Solutions LLP) -> vidhuagrawal1999@gmail.com / (no mobile) [signalhire]
  [11/313] Shiva Garg (Sembark Tech) -> shiva@sembark.com / +91 98846 80198 [signalhire]
  [12/313] Navneet Soni (Lytechx Digital Pvt. Ltd.) -> (none) / (no mobile) []
  [13/313] kuldeep joshi (Ecom Books) -> kuldeep@ecombooks.co.in / 9694383843 [signalhire]
  [14/313] Saloni Bhawanani (Code Crafts Digisoft Pvt. Ltd.) -> (none) / (no mobile) []
  [15/313] Ajay Khandal (EPlanet Soft - EP Soft Pvt. Lt) -> ajaykhandal.info@gmail.com / 9660148700 [signalhire]
  [16/313] Mohit Sharma (Gekonova) -> mohit@sublimitysoft.com / +91 95092 34947 [signalhire]
  [17/313] Gaurav Dadhich (Auratech Services India Pvt Lt) -> gaurav.dadhich@dainikbhaskar.com / +91-9413561917 [signalhire]
  [18/313] Arjun Mehta (INSTA IT SERVICES UK LTD.) -> arjun@instaitservices.com / 09730077743 [signalhire]
  [19/313] Anish Ojha (Provis Technologies Private Li) -> anish.ojha@provistechnologies.com / (no mobile) [signalhire]
  [20/313] Anand singh Shekhawat (Sembark Tech) -> anand@sembark.com / +91 90055 05374 [signalhire]
  [21/313] Dipesh Mishra (Techwizard) -> (none) / (no mobile) []
  [22/313] Sandeep Kumar Sharma (Conio IT Solutions - Top IT Se) -> conioitsolutions@gmail.com / (no mobile) [signalhire]
  [23/313] Ranjit Ambare (Flowups Technologies Pvt. Ltd) -> (none) / (no mobile) []
  [24/313] Priyanka  B. (MuskCove Consultancy) -> (none) / (no mobile) []
  [25/313] Sagar Bhardwaj (Mainstream Soft) -> sagar.aashu@gmail.com / +91 77373 57512 [signalhire]
  [26/313] Harmeek Kaur (Azzunique Software) -> (none) / +91 74120 66471 [signalhire]
  [27/313] Vipul Rajpurohit (Sukrut Associates) -> vipulrajpurohit8949@gmail.com / (no mobile) [signalhire]
  [28/313] Manish Namdev (Vaarta AI) -> manish@vaarta.ai / +91 88006 85588 [signalhire]
  [29/313] Prafull Gupta (devwings) -> er.prafullgupta@gmail.com / +19192141656 [signalhire]
  [30/313] Alok Sharma (Vaarta.AI) -> alok@vaarta.ai / +918800311655 [signalhire]
  [31/313] Geetanjali Sharma (GIT Infosys) -> geetanjali.sharma@wipro.com / (no mobile) [apollo]
  [32/313] Ramesh Choudhary (Sarv.com) -> rc@deepcall.com / +91 97822 22255 [signalhire]
  [33/313] Sunny Kay (KayEase) -> sandydhalia@gmail.com / +91 95090 17678 [signalhire]
  [34/313] Ankit Bansal (Adnate IT Solutions) -> ankit.bansal@adnatesolutions.com / +918080440681 [signalhire]
  [35/313] Sugan C. (Prerna Trimurty Infotech Pvt. ) -> bagrisugan@ptiwebtech.com / 9461017829 [signalhire]
  [36/313] Ankit Mehta (Adnate IT Solutions) -> ankit.mehta@adnatesolutions.com / +91 75075 00553 [signalhire]
  [37/313] Jitendra Dadhich (JigroTech Solutions Private Li) -> jitendra.dadhich534@gmail.com / (no mobile) [signalhire]
  [38/313] Santosh Singh (Agix Technologies) -> santosh@amplework.com / +91 90408 44914 [signalhire]
  [39/313] Abhishek  Singh (Ivyprints) -> abhishek.singh@schoollog.in / +91 82958 00749 [signalhire]
  [40/313] Pankaj Gupta (Sixwares Technologies) -> (none) / 9460084282 [signalhire]
  [41/313] Suresh Hargun (Recotail) -> suresh@ecombooks.co.in / +91 93522 44422 [signalhire]
  [42/313] Ajay Pareek (Ethereal Softech Pvt. Ltd.) -> apareek@etherealsoftech.com / +91 82332 31041 [signalhire]
  [43/313] Bhupendra M. (Zordial Technologies) -> bhupendra@zordial.com / (no mobile) [apollo]
  [44/313] Avais Momin (Talent Worx) -> avais@talworx.com / (no mobile) [signalhire]
  [45/313] Shankar Morwal (Habilelabs Pvt. Ltd.) -> shankar@iseeit.com / +91-9999009529 [signalhire]
  [46/313] VITIN CHOUDHARY (GATEXPAY TECHNOLOGIES PRIVATE ) -> vitin@gatecode.in / (no mobile) [signalhire]
  [47/313] Shobhit Bahri (MIDCAI) -> shobhit@midcai.com / +91-9503118434 [signalhire]
  [48/313] Sachin M Khandelwal (Spiderlink Techno Pvt Ltd) -> sachin@spiderlink.in / +91 93524 63636 [signalhire]
  [49/313] Chandni  Jagga (Cloud Minister Technologies) -> chandni@cloudminister.com / (no mobile) [signalhire]
  [50/313] Mukesh Sharma (QBID Infotech) -> mukesh.sharma@qbidinfotech.com / (no mobile) [signalhire]
  [51/313] Sunil Sharma (HawksCode) -> sunil@hawkscode.com / +91 92694 96035 [signalhire]
  [52/313] Shiv Kumawat  (OXHRM – Attendance, Monitoring) -> shiv.kumawat@eoxysit.com / (no mobile) [signalhire]
  [53/313] Abhimanyu Sharma (Sarv.com) -> abhimanyu@snet.in / (no mobile) [signalhire]
  [54/313] Sunil Jat (JigroTech Solutions Private Li) -> suniljat96@gmail.com / +91 9610606262 [signalhire]
  [55/313] Anoop Nair (MIDCAI) -> anoop@midcai.com / (no mobile) [signalhire]
  [56/313] Nitish Kumar (Datansh Solutions Pvt. Ltd.) -> nitishk@datansh.com / 9024479635 [signalhire]
  [57/313] Mayank Kumar Pandey (ad2ship) -> mayank@ad2ship.com / 09540052022 [signalhire]
  [58/313] Prateek Agarwal (KainSkep) -> prateek@kainskep.com / (no mobile) [signalhire]
  [59/313] Manpreet Singh (BOT Consulting) -> manpreet@lionesstile.com / +91 98119 65599 [signalhire]
  [60/313] Prakash S. (Pinnasys) -> prakash@pinnasys.com / +919887504383 [signalhire]
  [61/313] Ashutoshh Singh (DelveX) -> learntechbyme@gmail.com / (no mobile) [signalhire]
  [62/313] Gaurav Nirwal (HyphenX) -> gaurav.nirwal@hyphenxsolutions.com / (no mobile) [apollo]
  [63/313] RadhaMohan Sharma (Parasme software & technology) -> (none) / 9782186615 [signalhire]
  [64/313] Sargam Yadav (Synclyft) -> (none) / (no mobile) []
  [65/313] Deepesh Jain (Durapid Technologies Private L) -> deepesh@durapid.com / (no mobile) [signalhire]
  [66/313] Shamim Ansari (Idhyha Creatives & Technology) -> shamim.a@idhyha.com / +91 98993 48938 [signalhire]
  [67/313] Mohit Mittal (IMG Global InfoTech (P) Ltd.) -> mohit@imgglobalinfotech.com / +91 80581 00200 [signalhire]
  [68/313] Bharat Saini (SeedAxis) -> Bharatsaini@thebharatgroups.com / (no mobile) [signalhire]
  [69/313] Naresh Sharma (zoion.ai) -> naresh.sharma@deeporion.com / (no mobile) [signalhire]
  [70/313] TejRaj Singh (Dellentra Ltd.) -> tejraj@bvmsolution.com / +91 94600 81106 [signalhire]
  [71/313] Naveen Khanna (Octal IT Solution (CMMI Level ) -> naveen.khanna@octalsoftware.com / +91 94140 51036 [signalhire]
  [72/313] Rahul ChandraA (BIAS (Paraojhi Solution LLP)) -> rahul@biasmedia.in / +91 93035 66560 [signalhire]
  [73/313] Vinod Parihar (TrainPlex) -> vinod@payvendors.in / (no mobile) [signalhire]
  [74/313] Amit Kr. Saini (JSSDynamics Solutions Pvt. Ltd) -> (none) / (no mobile) []
  [75/313] Suvigya Saxena (Exato) -> suvigya@exatosoftware.com / +91 81268 74322 [signalhire]
  [76/313] Vikas Sharma (DATANSH SOLUTIONS PVT LTD) -> vikas.sharma@datansh.com / (no mobile) [signalhire]
  [77/313] Piyush Singhal (BytePX Technologies) -> piyushh.singhal@gmail.com / 9460163334 [signalhire]
  [78/313] Dilip Fauzdarh (QBID Infotech) -> dilip.fauzdar@qbidinfotech.com / +91 97800 35448 [signalhire]
  [79/313] Shrawan Kumar (B2infosoft) -> sharwan47@gmail.com / +91 78774 18407 [signalhire]
  [80/313] Ravindra Shekhawat (KainSkep) -> ravindra@kainskep.com / +919509007287 [signalhire]
  [81/313] Suchita Sanghi (MERNPLUS) -> suchita@mernplus.com / +91 87642 43480 [signalhire]
  [82/313] Ravneet Singh (Zouston Tech) -> rsingh@zoustontech.com / (no mobile) [signalhire]
  [83/313] Trishala Shastri (Aelum Consulting - ServiceNow ) -> trishala.s@aelumconsulting.com / (no mobile) [signalhire]
  [84/313] Abhinav Gupta (Innovana Thinklabs Ltd.) -> abhinav@innovanathinklabs.com / +91 88755 55501 [signalhire]
  [85/313] Ragini Mittal (Acemakers Technologies Pvt Ltd) -> ragini25jan@gmail.com / (no mobile) [signalhire]
  [86/313] Rakesh Nakrani (Zahi Enterprise) -> (none) / +919426281680 [signalhire]
  [87/313] Gopal Agarwal (Hybrid Plus Infotech Solution ) -> gopal@hybridplus.in / 7742783498 [signalhire]
  [88/313] Shital B. Mathur (TravelMint Software) -> shtlmathur@gmail.com / +91 98290 16504 [signalhire]
  [89/313] CA Nishant Singhvi (DeskMoz - 24x7 Live Chat Agent) -> (none) / +91-9351154500 [signalhire]
  [90/313] Raahul  Chandani (A R Infotech Pvt Ltd) -> raahul.chandani@arinfotech.co.in / (no mobile) [apollo]
  [91/313] Kuldeep Jain (MYCLOUDPULSE TECHNOLOGY PVT LT) -> kuldeepjain05@gmail.com / (no mobile) [signalhire]
  [92/313] Jeremy Hill (SymSAFE Pty Ltd) -> (none) / +61 418 468 640 [signalhire]
  [93/313] Pankaj Kumar (Panoptic Infotech) -> pankajchoyal07@gmail.com / +91 95558 96462 [signalhire]
  [94/313] Anurag Seervi (SAER Technologies Private Limi) -> anuragseervi2@gmail.com / (no mobile) [signalhire]
  [95/313] Suraj Rajoria (VirtuoWhiz) -> suraj@virtuowhiz.com / +91 94147 19317 [signalhire]
  [96/313] Devendra Singh Rathore (Bebroot) -> devendra@bebroot.com / 9829029007 [signalhire]
  [97/313] Sourabh Vijayvargeeya (Altus Corporate Solutions LLP) -> sourabh@altussolution.com / +91 90242 66627 [signalhire]
  [98/313] Devesh Bhartiya (Timelabs ) -> dbhartiya@cynosuretech.com / +91 98290 13236 [signalhire]
  [99/313] Manoj Sharma (Synarion IT Solutions) -> manoj@synarionit.com / (no mobile) [signalhire]
  [100/313] Deepak Bhatia (NovusVista Technologies Privat) -> deepakb@decurtis.com / +91 78528 78520 [signalhire]
  [101/313] Vikash Yadav (Achieve Point Pvt. Ltd) -> vkyadav1011@gmail.com / +91 70146 59347 [signalhire]
  [102/313] Gaurav Sharma (Divam Technologies) -> gaurav@trashcompany.in / +91 77377 15175 [signalhire]
  [103/313] Sameer S. (SAASVERSE PVT.LTD.) -> sameer.singh@saasverse.in / (no mobile) [signalhire]
  [104/313] Akshay Kumar Jain (CloudTechtiq Technologies Priv) -> akshay@cloudtechtiq.com / +917597330114 [signalhire]
  [105/313] Pankaj Sharma (Carchalak) -> pankajash4@gmail.com / +91 93515 42688 [signalhire]
  [106/313] Sonu  Kumar Soni (SignatureTech | Software & IT ) -> (none) / 9779918880 [signalhire]
  [107/313] Sachin Pareek (Sublimity Softwares Private Li) -> sachin@sublimitysoft.com / +917737667855 [signalhire]
  [108/313] Ankiit Janggid (Volan Software And Technologie) -> ankitjangid48@gmail.com / +91 83879 98048 [signalhire]
  [109/313] Rajeev Kumar Achra (Annex Logics System Pvt. Ltd.) -> rajeev@annexlogics.com / (no mobile) [signalhire]
  [110/313] Hanuman J. (HJ Infotech) -> hanuman@hjinfotech.com / (no mobile) [signalhire]
  [111/313] Avinash Kothari (Indeses Business Ventures Pvt.) -> javinash33@gmail.com / +91 99293 84033 [signalhire]
  [112/313] Bina  Verma (Metal trendzz) -> binaverma@gmail.com / +91 98200 82242 [signalhire]
  [113/313] Yogesh Pant (Mtoag Technology Pvt Ltd) -> yogesh@mtoag.com / +91 93144 83231 [signalhire]
  [114/313] Divye Tela (CygnusAlpha AI) -> divye@aurigait.com / +91 93368 22881 [signalhire]
  [115/313] Deepak Jangid (Upsworth) -> deepak@upsworth.com / (no mobile) [signalhire]
  [116/313] Nitesh S. (NLET Solutions Private Limited) -> (none) / (no mobile) []
  [117/313] Ashim Bhasin (BB PROFESSIONALS) -> ab@bbp.in / +91 98280 13447 [signalhire]
  [118/313] Gaurav Agrawal (Gcreationz) -> gaurav.agrawal@gcreationz.com / +91 98280 77225 [signalhire]
  [119/313] Ravish G. (SupportFly Technologies Privat) -> ravish@wipl.com / (no mobile) [signalhire]
  [120/313] Manish J. (Tanishi) -> mrmanishj@gmail.com / +91 90330 14144 [signalhire]
  [121/313] Krishan Kumar (INSTA IT SERVICES UK LTD.) -> (none) / 9571265606 [signalhire]
  [122/313] Akshita Jain (StoreToApp) -> akshita@storetoapp.com / (no mobile) [signalhire]
  [123/313] sohan soni (MoboGage Pvt. Ltd.) -> sohan@iwt.in / +91 92520 60919 [signalhire]
  [124/313] Manish Goyal (Fonix Technologies) -> manish.goyal@fonixtech.io / 7976517457 [signalhire]
  [125/313] Mitankshi Gupta (Zytexa Technology) -> (none) / +91 91667 20321 [signalhire]
  [126/313] Abhinav Rawat (Training with Zytexa) -> (none) / +91 91667 20321 [signalhire]
  [127/313] Shiv Dayal Kumawat (Panoptic Infotech) -> shivdayalkumawat1993@gmail.com / (no mobile) [signalhire]
  [128/313] Vansh Chaudhary (GateCode Technologies) -> vansh@gatecode.in / (no mobile) [apollo]
  [129/313] Manish Gupta (Akeo) -> manish@cycled.no / (no mobile) [signalhire]
  [130/313] Yash Ahuja (GIPL) -> yashahujacs17@gmail.com / +91 86960 90800 [signalhire]
  [131/313] Megha Agrawal (NovusVista Technologies Privat) -> megha.agrawal@barclays.com / +91 80942 18244 [signalhire]
  [132/313] Ashish Goswami (Zyneto Global Technologies) -> ashish.goswami@ninehertzindia.com / (no mobile) [signalhire]
  [133/313] Suraj Singh (Algoza Technologies) -> surajsingh0252@gmail.com / 7597666366 [signalhire]
  [134/313] Mayank R. (GKMT IT) -> mayank@gkmtit.com / +91 83858 20011 [signalhire]
  [135/313] Krishan Kumawat (JSSDynamics Solutions Pvt. Ltd) -> krishan984@gmail.com / 7734963838 [signalhire]
  [136/313] Raman Ladhani (Computer n Electronics Lab, In) -> raman@cnelindia.com / (no mobile) [apollo]
  [137/313] Hemlata Sharma (EHS Software & Training - Shee) -> hemlata@sheeltechnologies.com / +91 94601 44882 [signalhire]
  [138/313] Pawan Kumawat (Checkin Pilot) -> pawan@solminica.com / 8947886903 [signalhire]
  [139/313] Vinod Siyak (MSM Coretech Innovations) -> vinod.siyak@msmcoretech.com / (no mobile) [apollo]
  [140/313] Tanzeem Khan (Gekonova) -> tanzeem@sublimitysoft.com / +91 80030 97131 [signalhire]
  [141/313] Roushan Kumar (HyphenX) -> roushankumar9536@gmail.com / (no mobile) [signalhire]
  [142/313] Himanshu Batra (ad2ship) -> (none) / 9716120257 [signalhire]
  [143/313] Shubham jain (GateCode Technologies) -> (none) / (no mobile) []
  [144/313] Rohit Gupta (Sunfront Energy Private Limite) -> rohit.gupta@sunfront.in / (no mobile) [signalhire]
  [145/313] Sangeeta Dotasara (MSM Coretech Innovations) -> sangeeta@msmcoretech.com / (no mobile) [signalhire]
  [146/313] Darshan sharma (Swaves Global Technologies) -> dkdarshan007@gmail.com / 9887372770 [signalhire]
  [147/313] Praveen Sharma (SERP WIZARD) -> praveen@serpwizard.com / (no mobile) [signalhire]
  [148/313] Aayush Gadia 🇮🇳 (AKS Bearings Ltd.) -> aayush@aksbearing.com / +91 93513 03711 [signalhire]
  [149/313] Abhishek S. (Ramlogics Technosoft) -> abhishek.saxena@ramlogics.com / (no mobile) [signalhire]
  [150/313] Sudesh Kantila (LogicMines) -> sudesh@logicmines.in / +91-9571144442 [signalhire]
  [151/313] Priyank Dadhich (Classy Artz) -> priyank@infonictraining.com / +91 63760 29476 [signalhire]
  [152/313] Zach Zaret (Drafters Fantasy Sports) -> zach@drafters.com / +1 647-400-5411 [signalhire]
  [153/313] Ayush Vyas (Electron Technology) -> (none) / +917891145917 [signalhire]
  [154/313] Aakanksha Arora (CloudTechtiq Technologies Priv) -> aakanksha@cloudtechtiq.com / (no mobile) [signalhire]
  [155/313] Mohit Kumar (Deasy Solution) -> (none) / (no mobile) []
  [156/313] Shalini Yadav (BTHAWK) -> syadav@belltechnology.co.nz / (no mobile) [signalhire]
  [157/313] Ankkit Kumar Sogani (Spotrack.in) -> sogani.ankit@gmail.com / +91 97846 32155 [signalhire]
  [158/313] Hemant Paliwal (Zordial Technologies Private L) -> hemant.paliwal@zordial.com / (no mobile) [signalhire]
  [159/313] Shubham Shrivastava  (Alopna Software) -> shubham@ecuzen.com / 9929325810 [signalhire]
  [160/313] Rajveer Beniwal (eYukti Solutions) -> beniwal.r@gmail.com / (no mobile) [signalhire]
  [161/313] Prithvi Nahar (Jaipur Updates) -> (none) / 7737292829 [signalhire]
  [162/313] Rajat Sharma (Sembark Travel Software) -> rjtsharma95@gmail.com / (no mobile) [signalhire]
  [163/313] Sudhir M. (Sembark Tech) -> sudhir@sembark.com / +91 70236 64541 [signalhire]
  [164/313] Deepak Rajpurohit (Digital Whopper) -> (none) / (no mobile) []
  [165/313] Jayant Byadwal (JasApp TechServ Pvt.Ltd.) -> jayant@jasapp.com / +19128404215 [signalhire]
  [166/313] Sneh Gupta (SMART DECISION) -> sneh@gdsoftwares.com / (no mobile) [signalhire]
  [167/313] Vishnu Goenka  (UWS Inc LLC) -> vishnu@goenkas.in / +91 93511 00038 [signalhire]
  [168/313] Kalpana Sethi (Exillien Softech Pvt. Ltd. (x•) -> kalpana.sethi@exilliensoftech.com / (no mobile) [signalhire]
  [169/313] Nand kishore (N K SOFTWARE) -> nand.kishor077@gmail.com / +91 90510 67751 [signalhire]
  [170/313] Jagdish Malani (Eniacworld Media Private Limit) -> jagdishmalani3@gmail.com / (no mobile) [signalhire]
  [171/313] Manisha Paliwal (MLE Systems) -> manisha.paliwal@mlesystems.co.uk / (no mobile) [apollo]
  [172/313] Saurabh  Mehta (White Hats Restaurants) -> saurabh@wepitch.uk / 9414044420 [signalhire]
  [173/313] Ravi Sharma (Revolution Software Services P) -> ravi@revolutionsoft.in / (no mobile) [signalhire]
  [174/313] Hema Sharma (Protocloud Technologies - Webs) -> (none) / (no mobile) []
  [175/313] Deepa Bhartiya (Cynosure Technologies Pvt Ltd) -> deepa@cynosuretech.com / +91 98290 13236 [signalhire]
  [176/313] arun sharma (A3S IT solutions) -> (none) / (no mobile) []
  [177/313] Manoj Mehta (Hybrid Plus Infotech Solution ) -> manojpgi508@poornima.org / 9782123343 [signalhire]
  [178/313] Amit Agarwal (Amit gemsway ) -> (none) / (no mobile) []
  [179/313] Antonio Acosta Arcia (MASTER WEB PTY) -> (none) / (no mobile) []
  [180/313] Rajat Sharma (Sembark Tech) -> rajat@sembark.com / (no mobile) [signalhire]
  [181/313] Ketan Jangid (Pentaics Design Studio) -> (none) / (no mobile) []
  [182/313] Etienne Beeckmans (Giplin) -> (none) / (no mobile) []
  [183/313] Amit Rajput (Social Jugnoo) -> (none) / (no mobile) []
  [184/313] Ali Hamxa (GLOBAL GUEST POST SERVICES) -> (none) / (no mobile) []
  [185/313] Praveen Kumbhojkar (SUKRUT Marketing) -> praveen@sukrut.co / +91 93256 92278 [signalhire]
  [186/313] Mandeep Singh (Zippy Infotech) -> (none) / (no mobile) []
  [187/313] Ajay Goyal (Endive Software Private Limite) -> (none) / (no mobile) []
  [188/313] Satnam Singh Kumawat (Groot Software) -> satnam@jecrcuniversity.edu.in / (no mobile) [apollo]
  [189/313] SunilKumar Verma (KANCHAN INFOCOM) -> sunil@kanchaninfo.com / +91 98290 19021 [signalhire]
  [190/313] jitender Gurjar (Alphabet Technology) -> jitgurjar079@gmail.com / 7073333433 [signalhire]
  [191/313] Ajay Data (Data Infosys Limited) -> ajay@myxgen.com / (no mobile) [signalhire]
  [192/313] Daksh Infosoft (Daksh Infosoft) -> (none) / (no mobile) []
  [193/313] Pradeep Kumar (UI SOFTECH PRIVATE LIMITED) -> (none) / (no mobile) []
  [194/313] Arvind Bijarniya (SoftTech India) -> arvindbijarniya80@gmail.com / (no mobile) [signalhire]
  [195/313] Rakesh Nakrani (Shree Ram Computer) -> (none) / +919426281680 [signalhire]
  [196/313] Kundan Kumar (KyuBok Developers) -> (none) / (no mobile) []
  [197/313] Pioneer Placement Service (Pioneer Placement Service) -> pioneerplacementservice@gmail.com / +91 86918 42992 [signalhire]
  [198/313] Yashvardhan Shekhawat (PHYSIVERT SOLUTIONS PRIVATE LI) -> yashvardhansing@gmail.com / (no mobile) [signalhire]
  [199/313] Mukesh Kumawat (Galaxywing IT Solutions) -> (none) / (no mobile) []
  [200/313] Hastag software (Hastag Soft) -> (none) / (no mobile) []
  [201/313] aminesh verma (Optisoft) -> (none) / (no mobile) []
  [202/313] kai kenney (Electron Technology) -> (none) / (no mobile) []
  [203/313] Vinay Pal Singh (G DIGITAL MEDIA SOLUTIONS INDI) -> vinaychauhan.chauhan8@gmail.com / +91 90243 87634 [signalhire]
  [204/313] Juliette Celine (UDMIDEAS) -> (none) / (no mobile) []
  [205/313] Neeraj  Mishra (Workmates) -> (none) / (no mobile) []
  [206/313] Girish Mishra (GAMAA) -> (none) / (no mobile) []
  [207/313] Aditya Bairagi (QuickSoft Technology) -> adityabairagi9589440576@gmail.com / 8690040000 [signalhire]
  [208/313] Vikas  Gupta (Encoder Apps) -> (none) / (no mobile) []
  [209/313] Ajeet Singh (Frensys infotech Pvt. Ltd.) -> (none) / (no mobile) []
  [210/313] Sophie Richard (UDMIDEAS) -> (none) / (no mobile) []
  [211/313] Mayank Jain (NLET Initiatives) -> mayank@nlet.in / +91 99820 31111 [signalhire]
  [212/313] Rahul Jain (VEESYS INFOSOLUTIONS PRIVATE L) -> rahul@veesys.com / (no mobile) [signalhire]
  [213/313] Ashutosh Bhatia (alea it solutions) -> ashutoshbhatia@gmail.com / +91 96604 10838 [signalhire]
  [214/313] ashish jaiman (A2Z Infotech Media Pvt. Ltd.) -> (none) / 8800713107 [signalhire]
  [215/313] Anjali Digital Marketer (UDMIDEAS) -> (none) / (no mobile) []
  [216/313] suparchai Amparat (Alphabet technology co.,Ltd) -> (none) / (no mobile) []
  [217/313] Ajay Ksoft (EPlanet Soft - EP Soft Pvt. Lt) -> ajay_ksoft@eplanetsoft.com / (no mobile) [apollo]
  [218/313] Sagar Bhardwaj (Infofix Solutions) -> (none) / +91 92512 61774 [signalhire]
  [219/313] Bala Ganesh (AllCAD Services Private Limite) -> bala@allcadservices.com / (no mobile) [signalhire]
  [220/313] Kapil Baroliya  (Modern Software Technologies) -> (none) / (no mobile) []
  [221/313] Ayodele Omolayo (Compupower Technologies Ltd.) -> (none) / (no mobile) []
  [222/313] Web Edges (WebEdges.Com) -> webedges2@gmail.com / +91 76654 37788 [signalhire]
  [223/313] Pradeep  Choudhary (Idealsoft) -> (none) / (no mobile) []
  [224/313] Ishaan Singh (EDIIIE - World's Largest Virtu) -> ishaan.singh@cognihab.com / (no mobile) [apollo]
  [225/313] Netleon Technologies (Netleon Technologies Pvt. Ltd.) -> (none) / (no mobile) []
  [226/313] Guest Posting Services (Guest Posting Service) -> benefits@guestservices.com / (no mobile) [apollo]
  [227/313] Achieve Point  (Achieve point Pvt. Ltd) -> (none) / (no mobile) []
  [228/313] MS Global Infotech (MS Global Infotech) -> (none) / (no mobile) []
  [229/313] Rashmi Negi (Dream Global Consultants) -> (none) / (no mobile) []
  [230/313] jay singh rathore (shiv shakti minerals) -> (none) / (no mobile) []
  [231/313] Neha Chaudhary (HawksCode) -> (none) / (no mobile) []
  [232/313] Arun Surya (AR Infotech Services) -> (none) / (no mobile) []
  [233/313] Jagadeesh Yerubandi (Compupower) -> jyerubandi@valueline.com / (no mobile) [signalhire]
  [234/313] JOYII SEN (GIPL) -> (none) / (no mobile) []
  [235/313] Madhava Rao Koppa (KANCHAN INFOCOM) -> madhava@kanchaninfo.com / (no mobile) [apollo]
  [236/313] Shyam Lal Lal (Shyam Infotech) -> shyamlalua@gmail.com / (no mobile) [signalhire]
  [237/313] Swapanika Rathore (Gitinfosys) -> swapanika@gitinfosys.com / (no mobile) [apollo]
  [238/313] Ayodele omolayo (compupower) -> (none) / (no mobile) []
  [239/313] Shyam InfoTech & Consulting (Shyam InfoTech & Consulting) -> sathya@timeboxlabs.com / (no mobile) [apollo]
  [240/313] Dinesh Verma (Euonus IT) -> (none) / (no mobile) []
  [241/313] Sag Infotech (SAG Infotech - Genius) -> (none) / (no mobile) []
  [242/313] Innovana Techlabs (Innovana Technolabs) -> (none) / (no mobile) []
  [243/313] miftahul firdaus (micosoft it solution) -> (none) / (no mobile) []
  [244/313] Praveen Suthar (Fiduca Investment Limited) -> praveens@saniiro.com / 9460021200 [signalhire]
  [245/313] Dr.Sandeep Bhargava Ph.D (EHR Logic) -> sandeep.bhargava@sagepub.in / (no mobile) [signalhire]
  [246/313] Govind P. (TechniAjz) -> govind@algozatechnologies.com / +91 91665 11765 [signalhire]
  [247/313] Ankit Arora (Briskminds Software Solutions ) -> ankit@briskminds.com / +91 98992 57965 [signalhire]
  [248/313] Ankit Rawat (HabileLabs Private Limited) -> ankitrawat@dbs.com / +1 604-729-2193 [signalhire]
  [249/313] Mayank Jain (NLET Solutions Private Limited) -> mayank@nlet.in / +91 99820 31111 [signalhire]
  [250/313] Himanshu Jain (Gaincafe® Technologies) -> himanshu@gaincafe.com / (no mobile) [signalhire]
  [251/313] Deepali Joshi Puri (BOT Consulting) -> deepali.puri@cloud4good.com / +91 96949 10650 [signalhire]
  [252/313] Ashish Biyani (SEOKart) -> ashish@seokart.com / +91 98281 12353 [signalhire]
  [253/313] Pranshu Jain (Gaincafe Technologies (P) Ltd.) -> pranshu@gaincafe.com / (no mobile) [signalhire]
  [254/313] Abhishek Dadhichi (Passageway Tech Pvt Ltd.) -> abhishek.d@pssgway.com / (no mobile) [signalhire]
  [255/313] Hardeep kumar (TDI Online Services Pvt. Ltd.) -> hardeepkumar915@gmail.com / (no mobile) [signalhire]
  [256/313] Abhay Deep Mishra (Workmates Technologies) -> rajmurtiudhyog@gmail.com / (no mobile) [signalhire]
  [257/313] Gaurav Sinha (BytePx Technologies) -> gsinha@bytepx.com / +91 95384 56233 [signalhire]
  [258/313] Nand K. Yadav (Edvice) -> nand@edvice.in / +91 80873 90277 [signalhire]
  [259/313] Ajay  Shah (Protocloud Technologies) -> ajay@protocloudtechnologies.com / +91 96941 33045 [signalhire]
  [260/313] Anjali Singh (ResourceDekho) -> anjali@resourcedekho.com / (no mobile) [signalhire]
  [261/313] MOHIT VYAS (Lease Packet) -> mohit@leasepacket.com / +91 76159 52893 [signalhire]
  [262/313] Rachit Bagda (Gempulse Infotech Pvt. Ltd.) -> rachit@rachit.com / +16185500976 [signalhire]
  [263/313] Dipankar Khandelwal (ATVI) -> dipankar.khandelwal@bispl.net.in / +91 93519 90050 [signalhire]
  [264/313] Varun Pandey (Passageway Tech Pvt Ltd.) -> varun.pandey@pssgway.com / (no mobile) [signalhire]
  [265/313] Archna Rawat (Infinitive Host Technologies) -> archna@infinitivehost.com / (no mobile) [apollo]
  [266/313] Lavesh B. (Fonix Technologies) -> lavesh@fonixtech.io / (no mobile) [signalhire]
  [267/313] Abhimanyu Saraswat (Guitaa) -> abhimanyu@guitaa.com / (no mobile) [signalhire]
  [268/313] Ashu Sharma (Volomagis) -> ashutosh@volomagis.com / (no mobile) [signalhire]
  [269/313] Divyansh Upman (Throttll) -> divyansh@surge.sh / (no mobile) [signalhire]
  [270/313] Bharat Singh (OweBest Techologies Pvt. LTd.) -> bharat.singh@owebest.com / +91 99287 66750 [signalhire]
  [271/313] Bharat Arora (Protocloud Technologies) -> bharat@protocloudtechnologies.com / +91 96024 54967 [signalhire]
  [272/313] yash suman (Avyukta Intellicall) -> sumanyash4040@gmail.com / (no mobile) [signalhire]
  [273/313] Dhawan  Nama (Cynbit Technologies) -> (none) / +91 94135 33399 [signalhire]
  [274/313] Darshan Kothari (BNI (Business Network Internat) -> darshan@vardhamaninfotech.com / (no mobile) [signalhire]
  [275/313] Jatin G. (Shiv Shakti Arts) -> (none) / 8079035781 [signalhire]
  [276/313] Sankalp Sachdeva (Intellects) -> intellects001@gmail.com / +91 90796 23262 [signalhire]
  [277/313] Govind Rathi (Vam Infosys Pvt Ltd) -> govind.rathi@artefactsys.com / (no mobile) [signalhire]
  [278/313] Pravesh T. (W3care technologies Pvt Ltd ) -> (none) / (no mobile) []
  [279/313] Gaurav Gupta (Adnate IoT Pvt Ltd) -> gaurav.gupta@adnatesolutions.com / +27 74 210 5484 [signalhire]
  [280/313] Priyam Agrahari (Priyam Infosystems Solution) -> (none) / (no mobile) []
  [281/313] Gourav Paliwal (MLE) -> mailgourav@gmail.com / +919892783369 [signalhire]
  [282/313] Chetan A. (Growth System - Automate and G) -> chetan@guitaa.com / (no mobile) [signalhire]
  [283/313] Mohan Lal Yadav (Mbrwebsolution) -> mohanyadav1023@gmail.com / (no mobile) [signalhire]
  [284/313] Dhawal Maniar (Shiv Shakti ( Property Managem) -> dhawal.maniar@ril.com / +91 70210 97334 [signalhire]
  [285/313] Harsh Vardhan Kataria (DelveX) -> harsh@delvex.io / (no mobile) [apollo]
  [286/313] Smita Mathur (Phoenix Advanced Softwares Pvt) -> smita.mathur@phoenixsoftwares.in / +917742959595 [signalhire]
  [287/313] HARSH CHOUDHARY (GateCode Technologies) -> harsh@gatecode.in / (no mobile) [apollo]
  [288/313] Gurtej Singh (Novel Creation ) -> (none) / (no mobile) []
  [289/313] Hem Chand Saini (MS Web Infotech) -> (none) / 8947964315 [signalhire]
  [290/313] Guj Info  Petro Ltd. (GIPL) -> (none) / (no mobile) []
  [291/313] Web Logics (Web Logics) -> (none) / (no mobile) []
  [292/313] Shafeek V P (Synergy Profilez) -> (none) / (no mobile) []
  [293/313] Adekanmi Adedamola (A2Z infotech and Multimedia LT) -> ojb4u4real@gmail.com / (no mobile) [signalhire]
  [294/313] Prashant Kumar (Alphabet Developers LLP) -> (none) / (no mobile) []
  [295/313] Artistixe IT Solutions LLP (Artistixe IT Solutions LLP) -> artistixe.it@gmail.com / +91 94146 76909 [signalhire]
  [296/313] Bharat Groups (Bharat Groups) -> bharatgroups@thebharatgroups.com / (no mobile) [apollo]
  [297/313] Hema Bajaj (USquare) -> (none) / (no mobile) []
  [298/313] Sunny  Kumar (Data Ingenious Global Ltd) -> (none) / (no mobile) []
  [299/313] Kailash Gupta (ETSC COMPUTERS PVT LTD) -> kailash.gupta@etsc.in / (no mobile) [apollo]
  [300/313] FINLINK undefined (FINLINK) -> (none) / (no mobile) []
  [301/313] Chandrashekhar Sahu (Meadmiracle) -> chandrashekharsahu22@gmail.com / +91 92516 13909 [signalhire]
  [302/313] Kailash Gupta (TiE Rajasthan) -> kailash.gupta@etsc.in / +91 99289 06803 [signalhire]
  [303/313] Roland Gauch - Digitization Expert (Zoho) -> rg@multi-concept.ch / (no mobile) [signalhire]
  [304/313] Tanuj Chugh (Cloudminister Technologies Pvt) -> tanuj@cloudminister.com / +91 77373 00012 [signalhire]
  [305/313] Vivek Chandwani (GTL Limited) -> vivekc@gtllimited.com / +16039371750 [signalhire]
  [306/313] Akhilesh Joshi (TechniAjz) -> aj@algozatechnologies.com / 9782473903 [signalhire]
  [307/313] Harish Jangra (AcadIQ) -> harish0212@yahoo.com / (no mobile) [signalhire]
  [308/313] Anand Phulwani (Apiro) -> anand_phulwani@harlax.com / (no mobile) [signalhire]
  [309/313] Dinesh Verma (Euonus IT) -> dinesh.verma@euonusit.com / 9509750463 [signalhire]
  [310/313] Sunil Gadhiraju (Sirius) -> sunil.gadhiraju@qbidinfotech.com / +91 7522 385 468 [signalhire]
  [311/313] Sumit Jaiswal (SumitDigi Tech) -> (none) / (no mobile) []
  [312/313] Shikhil Mittal (Founder) -> (none) / (no mobile) []
  [313/313] Vikash Maheshwari (Baheti Group Of Company) -> (none) / (no mobile) []

wrote /Users/bhanu/Desktop/hubspot/temporary/Jaipur_IT_qualified_enriched.csv
emails: 228/313 (154 official) | phones: 148/313 (140 valid +91 mobile) | apollo fallback used: 173 (0 hits)
