[36m[apify.linkedin-profile-scraper runId:Z3yY70hA9T4VLpYfr][0m -> Status: RUNNING, Message: 
[36m[apify.linkedin-profile-scraper runId:Z3yY70hA9T4VLpYfr][0m -> 2026-08-26T05:28:33.905Z [33mACTOR: [39mPulling container image of build 6rtqSfTQu3vs5trhg from registry.
[36m[apify.linkedin-profile-scraper runId:Z3yY70hA9T4VLpYfr][0m -> 2026-08-26T05:28:33.908Z [33mACTOR: [39mCreating container.
[36m[apify.linkedin-profile-scraper runId:Z3yY70hA9T4VLpYfr][0m -> 2026-08-26T05:28:34.089Z [33mACTOR: [39mStarting container.
[36m[apify.linkedin-profile-scraper runId:Z3yY70hA9T4VLpYfr][0m -> 2026-08-26T05:28:34.091Z [33mACTOR: [39mRunning under "LIMITED_PERMISSIONS".
[36m[apify.linkedin-profile-scraper runId:Z3yY70hA9T4VLpYfr][0m -> 2026-08-26T05:28:35.668Z [32mINFO[39m  System info[90m {"apifyVersion":"3.7.2","apifyClientVersion":"2.22.2","crawleeVersion":"3.16.0","osType":"Linux","nodeVersion":"v20.20.2"}[39m
[36m[apify.linkedin-profile-scraper runId:Z3yY70hA9T4VLpYfr][0m -> 2026-08-26T05:28:35.848Z Starting item#1 {"query":"https://www.linkedin.com/in/kuldeep-ecombooks"}...
[36m[apify.linkedin-profile-scraper runId:Z3yY70hA9T4VLpYfr][0m -> 2026-08-26T05:28:35.864Z Starting item#2 {"query":"https://www.linkedin.com/in/tanzykhan"}...
[36m[apify.linkedin-profile-scraper runId:Z3yY70hA9T4VLpYfr][0m -> 2026-08-26T05:28:35.866Z Starting item#3 {"query":"https://www.linkedin.com/in/rcsarv"}...
[36m[apify.linkedin-profile-scraper runId:Z3yY70hA9T4VLpYfr][0m -> 2026-08-26T05:28:35.867Z Starting item#4 {"query":"https://www.linkedin.com/in/shankarmorwal"}...
[36m[apify.linkedin-profile-scraper runId:Z3yY70hA9T4VLpYfr][0m -> 2026-08-26T05:28:35.870Z Starting item#5 {"query":"https://www.linkedin.com/in/mayank-kumar-pandey-180aa485"}...
[36m[apify.linkedin-profile-scraper runId:Z3yY70hA9T4VLpYfr][0m -> 2026-08-26T05:28:35.876Z Starting item#6 {"query":"https://www.linkedin.com/in/prakash-chand-saini"}...
[36m[apify.linkedin-profile-scraper runId:Z3yY70hA9T4VLpYfr][0m -> 2026-08-26T05:28:35.878Z Starting item#7 {"query":"https://www.linkedin.com/in/suchitasanghi"}...
[36m[apify.linkedin-profile-scraper runId:Z3yY70hA9T4VLpYfr][0m -> 2026-08-26T05:28:35.879Z Starting item#8 {"query":"https://www.linkedin.com/in/devendra-singh-rathore-13530025"}...
[36m[apify.linkedin-profile-scraper runId:Z3yY70hA9T4VLpYfr][0m -> 2026-08-26T05:28:35.881Z Starting item#9 {"query":"https://www.linkedin.com/in/avinash-kothari-76588b28"}...
[36m[apify.linkedin-profile-scraper runId:Z3yY70hA9T4VLpYfr][0m -> 2026-08-26T05:28:35.882Z Starting item#10 {"query":"https://www.linkedin.com/in/yogeshpant"}...
[36m[apify.linkedin-profile-scraper runId:Z3yY70hA9T4VLpYfr][0m -> 2026-08-26T05:28:35.884Z Starting item#11 {"query":"https://www.linkedin.com/in/ashimbhasin"}...
[36m[apify.linkedin-profile-scraper runId:Z3yY70hA9T4VLpYfr][0m -> 2026-08-26T05:28:35.885Z Starting item#12 {"query":"https://www.linkedin.com/in/vishnugoenka"}...
[36m[apify.linkedin-profile-scraper runId:Z3yY70hA9T4VLpYfr][0m -> 2026-08-26T05:28:35.887Z Starting item#13 {"query":"https://www.linkedin.com/in/ashutosh-bhatia-6a4bb92b"}...
[36m[apify.linkedin-profile-scraper runId:Z3yY70hA9T4VLpYfr][0m -> 2026-08-26T05:28:35.889Z Starting item#14 {"query":"https://www.linkedin.com/in/biyaniashish"}...
[36m[apify.linkedin-profile-scraper runId:Z3yY70hA9T4VLpYfr][0m -> 2026-08-26T05:28:35.890Z Starting item#15 {"query":"https://www.linkedin.com/in/mohitvyas0007"}...
[36m[apify.linkedin-profile-scraper runId:Z3yY70hA9T4VLpYfr][0m -> Status: SUCCEEDED, Message: 
people URLs: 15 | est. cost $0.06
run started: Z3yY70hA9T4VLpYfr
  status: SUCCEEDED
[36m[apify.linkedin-company runId:nb4HnH3ZAZswXgyfX][0m -> Status: RUNNING, Message: 
[36m[apify.linkedin-company runId:nb4HnH3ZAZswXgyfX][0m -> 2026-08-26T05:28:45.589Z [33mACTOR: [39mPulling container image of build UnDTdcMwC5bkIFKNv from registry.
[36m[apify.linkedin-company runId:nb4HnH3ZAZswXgyfX][0m -> 2026-08-26T05:28:45.591Z [33mACTOR: [39mCreating container.
[36m[apify.linkedin-company runId:nb4HnH3ZAZswXgyfX][0m -> 2026-08-26T05:28:45.685Z [33mACTOR: [39mStarting container.
[36m[apify.linkedin-company runId:nb4HnH3ZAZswXgyfX][0m -> 2026-08-26T05:28:45.686Z [33mACTOR: [39mRunning under "LIMITED_PERMISSIONS".
[36m[apify.linkedin-company runId:nb4HnH3ZAZswXgyfX][0m -> 2026-08-26T05:28:46.845Z [32mINFO[39m  System info[90m {"apifyVersion":"3.6.0","apifyClientVersion":"2.22.2","crawleeVersion":"3.16.0","osType":"Linux","nodeVersion":"v20.20.2"}[39m
[36m[apify.linkedin-company runId:nb4HnH3ZAZswXgyfX][0m -> 2026-08-26T05:28:47.016Z Starting worker pool with concurrency: 16
[36m[apify.linkedin-company runId:nb4HnH3ZAZswXgyfX][0m -> 2026-08-26T05:28:47.017Z Starting item#1 {"search":"https://www.linkedin.com/company/indeses-business-ventures-pvt-ltd","location":""}...
[36m[apify.linkedin-company runId:nb4HnH3ZAZswXgyfX][0m -> 2026-08-26T05:28:47.038Z Starting item#2 {"search":"https://www.linkedin.com/company/ecombooks","location":""}...
[36m[apify.linkedin-company runId:nb4HnH3ZAZswXgyfX][0m -> 2026-08-26T05:28:47.039Z Starting item#3 {"search":"https://www.linkedin.com/company/bebroot","location":""}...
[36m[apify.linkedin-company runId:nb4HnH3ZAZswXgyfX][0m -> 2026-08-26T05:28:47.040Z Starting item#4 {"search":"https://www.linkedin.com/company/bbprof","location":""}...
[36m[apify.linkedin-company runId:nb4HnH3ZAZswXgyfX][0m -> 2026-08-26T05:28:47.041Z Starting item#5 {"search":"https://www.linkedin.com/search/results/all/?keywords=alea+it+solutions","location":""}...
[36m[apify.linkedin-company runId:nb4HnH3ZAZswXgyfX][0m -> 2026-08-26T05:28:47.043Z Starting item#6 {"search":"https://www.linkedin.com/company/uws-inc-llc","location":""}...
[36m[apify.linkedin-company runId:nb4HnH3ZAZswXgyfX][0m -> 2026-08-26T05:28:47.044Z Starting item#7 {"search":"https://www.linkedin.com/company/mernplus","location":""}...
[36m[apify.linkedin-company runId:nb4HnH3ZAZswXgyfX][0m -> 2026-08-26T05:28:47.046Z Starting item#8 {"search":"https://www.linkedin.com/company/ad2ship","location":""}...
[36m[apify.linkedin-company runId:nb4HnH3ZAZswXgyfX][0m -> 2026-08-26T05:28:47.047Z Starting item#9 {"search":"https://www.linkedin.com/company/lease-packet","location":""}...
[36m[apify.linkedin-company runId:nb4HnH3ZAZswXgyfX][0m -> 2026-08-26T05:28:47.048Z Starting item#10 {"search":"https://www.linkedin.com/company/pinnasys","location":""}...
[36m[apify.linkedin-company runId:nb4HnH3ZAZswXgyfX][0m -> 2026-08-26T05:28:47.049Z Starting item#11 {"search":"https://www.linkedin.com/company/mtoag-technology","location":""}...
[36m[apify.linkedin-company runId:nb4HnH3ZAZswXgyfX][0m -> 2026-08-26T05:28:47.049Z Starting item#12 {"search":"https://www.linkedin.com/company/deskmoz","location":""}...
[36m[apify.linkedin-company runId:nb4HnH3ZAZswXgyfX][0m -> 2026-08-26T05:28:47.050Z Starting item#13 {"search":"https://www.linkedin.com/company/habilelabs","location":""}...
[36m[apify.linkedin-company runId:nb4HnH3ZAZswXgyfX][0m -> 2026-08-26T05:28:47.050Z Starting item#14 {"search":"https://www.linkedin.com/company/gekonova","location":""}...
[36m[apify.linkedin-company runId:nb4HnH3ZAZswXgyfX][0m -> 2026-08-26T05:28:47.052Z Starting item#15 {"search":"https://www.linkedin.com/company/sarv-com","location":""}...
[36m[apify.linkedin-company runId:nb4HnH3ZAZswXgyfX][0m -> 2026-08-26T05:28:49.128Z Scraped item#6 {"search":"https://www.linkedin.com/company/uws-inc-llc","location":""}. Elapsed: 2008ms. Progress: 1/15
[36m[apify.linkedin-company runId:nb4HnH3ZAZswXgyfX][0m -> Status: SUCCEEDED, Message: 
people scrape returned 15 items
people with an extractable company URL: 15/15 (100.0%)
unique company URLs: 15

company URLs: 15 | est. cost $0.04
run started: nb4HnH3ZAZswXgyfX
  status: SUCCEEDED
company scrape returned 15 items

DONE — both stages complete.
