[36m[apify.linkedin-profile-scraper runId:Ev0UpKIGBuzuS2ecW][0m -> Status: RUNNING, Message: 
[36m[apify.linkedin-profile-scraper runId:Ev0UpKIGBuzuS2ecW][0m -> 2026-08-26T05:39:16.048Z [33mACTOR: [39mPulling container image of build 6rtqSfTQu3vs5trhg from registry.
[36m[apify.linkedin-profile-scraper runId:Ev0UpKIGBuzuS2ecW][0m -> 2026-08-26T05:39:16.051Z [33mACTOR: [39mCreating container.
[36m[apify.linkedin-profile-scraper runId:Ev0UpKIGBuzuS2ecW][0m -> 2026-08-26T05:39:16.207Z [33mACTOR: [39mStarting container.
[36m[apify.linkedin-profile-scraper runId:Ev0UpKIGBuzuS2ecW][0m -> 2026-08-26T05:39:16.209Z [33mACTOR: [39mRunning under "LIMITED_PERMISSIONS".
[36m[apify.linkedin-profile-scraper runId:Ev0UpKIGBuzuS2ecW][0m -> 2026-08-26T05:39:17.655Z [32mINFO[39m  System info[90m {"apifyVersion":"3.7.2","apifyClientVersion":"2.22.2","crawleeVersion":"3.16.0","osType":"Linux","nodeVersion":"v20.20.2"}[39m
[36m[apify.linkedin-profile-scraper runId:Ev0UpKIGBuzuS2ecW][0m -> 2026-08-26T05:39:17.828Z Starting item#1 {"query":"https://www.linkedin.com/in/qashadabshaikh"}...
[36m[apify.linkedin-profile-scraper runId:Ev0UpKIGBuzuS2ecW][0m -> 2026-08-26T05:39:17.872Z Starting item#2 {"query":"https://www.linkedin.com/in/jasminder-singh-chhabra"}...
[36m[apify.linkedin-profile-scraper runId:Ev0UpKIGBuzuS2ecW][0m -> 2026-08-26T05:39:17.873Z Starting item#3 {"query":"https://www.linkedin.com/in/arvyverma"}...
[36m[apify.linkedin-profile-scraper runId:Ev0UpKIGBuzuS2ecW][0m -> 2026-08-26T05:39:17.874Z Starting item#4 {"query":"https://www.linkedin.com/in/koushalesh-acharya-0b26a459"}...
[36m[apify.linkedin-profile-scraper runId:Ev0UpKIGBuzuS2ecW][0m -> 2026-08-26T05:39:17.875Z Starting item#5 {"query":"https://www.linkedin.com/in/gopal-kirar-197121214"}...
[36m[apify.linkedin-profile-scraper runId:Ev0UpKIGBuzuS2ecW][0m -> 2026-08-26T05:39:17.876Z Starting item#6 {"query":"https://www.linkedin.com/in/sandy1987"}...
[36m[apify.linkedin-profile-scraper runId:Ev0UpKIGBuzuS2ecW][0m -> 2026-08-26T05:39:17.877Z Starting item#7 {"query":"https://www.linkedin.com/in/yogitaa-sharmaa"}...
[36m[apify.linkedin-profile-scraper runId:Ev0UpKIGBuzuS2ecW][0m -> 2026-08-26T05:39:17.878Z Starting item#8 {"query":"https://www.linkedin.com/in/yogesh-patel-5237402a"}...
[36m[apify.linkedin-profile-scraper runId:Ev0UpKIGBuzuS2ecW][0m -> 2026-08-26T05:39:17.880Z Starting item#9 {"query":"https://www.linkedin.com/in/mahajan-vinod"}...
[36m[apify.linkedin-profile-scraper runId:Ev0UpKIGBuzuS2ecW][0m -> 2026-08-26T05:39:17.882Z Starting item#10 {"query":"https://www.linkedin.com/in/nikhil-k-573280119"}...
[36m[apify.linkedin-profile-scraper runId:Ev0UpKIGBuzuS2ecW][0m -> 2026-08-26T05:39:17.884Z Starting item#11 {"query":"https://www.linkedin.com/in/akshay-pratap-singh-upcodo-digital"}...
[36m[apify.linkedin-profile-scraper runId:Ev0UpKIGBuzuS2ecW][0m -> 2026-08-26T05:39:17.885Z Starting item#12 {"query":"https://www.linkedin.com/in/anurag-malviya-performance-tester"}...
[36m[apify.linkedin-profile-scraper runId:Ev0UpKIGBuzuS2ecW][0m -> 2026-08-26T05:39:17.886Z Starting item#13 {"query":"https://www.linkedin.com/in/vijay-binjwa-itsolutions"}...
[36m[apify.linkedin-profile-scraper runId:Ev0UpKIGBuzuS2ecW][0m -> 2026-08-26T05:39:17.887Z Starting item#14 {"query":"https://www.linkedin.com/in/aryan19"}...
[36m[apify.linkedin-profile-scraper runId:Ev0UpKIGBuzuS2ecW][0m -> 2026-08-26T05:39:17.888Z Starting item#15 {"query":"https://www.linkedin.com/in/ajay-k-prajapati-50631b338"}...
[36m[apify.linkedin-profile-scraper runId:Ev0UpKIGBuzuS2ecW][0m -> 2026-08-26T05:39:20.956Z Scraped item#5 {"query":"https://www.linkedin.com/in/gopal-kirar-197121214"}. Progress: 1/450
people URLs: 450 | est. cost $1.80
run started: Ev0UpKIGBuzuS2ecW
  status: RUNNING
  status: RUNNING
  status: RUNNING
  status: RUNNING
  status: RUNNING
  status: RUNNING
  status: RUNNING
  status: RUNNING
  status: RUNNING
  status: RUNNING
  status: RUNNING
  status: RUNNING
  status: SUCCEEDED
[36m[apify.linkedin-company runId:diDhdlAKXxkiHoV3P][0m -> Status: RUNNING, Message: 
[36m[apify.linkedin-company runId:diDhdlAKXxkiHoV3P][0m -> 2026-08-26T05:42:43.090Z [33mACTOR: [39mPulling container image of build UnDTdcMwC5bkIFKNv from registry.
[36m[apify.linkedin-company runId:diDhdlAKXxkiHoV3P][0m -> 2026-08-26T05:42:43.094Z [33mACTOR: [39mCreating container.
[36m[apify.linkedin-company runId:diDhdlAKXxkiHoV3P][0m -> 2026-08-26T05:42:43.188Z [33mACTOR: [39mStarting container.
[36m[apify.linkedin-company runId:diDhdlAKXxkiHoV3P][0m -> 2026-08-26T05:42:43.191Z [33mACTOR: [39mRunning under "LIMITED_PERMISSIONS".
[36m[apify.linkedin-company runId:diDhdlAKXxkiHoV3P][0m -> 2026-08-26T05:42:44.034Z [32mINFO[39m  System info[90m {"apifyVersion":"3.6.0","apifyClientVersion":"2.22.2","crawleeVersion":"3.16.0","osType":"Linux","nodeVersion":"v20.20.2"}[39m
[36m[apify.linkedin-company runId:diDhdlAKXxkiHoV3P][0m -> 2026-08-26T05:42:44.173Z Starting worker pool with concurrency: 16
[36m[apify.linkedin-company runId:diDhdlAKXxkiHoV3P][0m -> 2026-08-26T05:42:44.175Z Starting item#1 {"search":"https://www.linkedin.com/company/cyber-impulse-software-solutions","location":""}...
[36m[apify.linkedin-company runId:diDhdlAKXxkiHoV3P][0m -> 2026-08-26T05:42:44.186Z Starting item#2 {"search":"https://www.linkedin.com/company/vkaps-it-solutions","location":""}...
[36m[apify.linkedin-company runId:diDhdlAKXxkiHoV3P][0m -> 2026-08-26T05:42:44.188Z Starting item#3 {"search":"https://www.linkedin.com/company/magicalswap-rental-solutions","location":""}...
[36m[apify.linkedin-company runId:diDhdlAKXxkiHoV3P][0m -> 2026-08-26T05:42:44.190Z Starting item#4 {"search":"https://www.linkedin.com/company/thedigitalflix","location":""}...
[36m[apify.linkedin-company runId:diDhdlAKXxkiHoV3P][0m -> 2026-08-26T05:42:44.191Z Starting item#5 {"search":"https://www.linkedin.com/company/maig-innovations","location":""}...
[36m[apify.linkedin-company runId:diDhdlAKXxkiHoV3P][0m -> 2026-08-26T05:42:44.193Z Starting item#6 {"search":"https://www.linkedin.com/company/binjwa-it-solutions","location":""}...
[36m[apify.linkedin-company runId:diDhdlAKXxkiHoV3P][0m -> 2026-08-26T05:42:44.194Z Starting item#7 {"search":"https://www.linkedin.com/company/technohands-solution","location":""}...
[36m[apify.linkedin-company runId:diDhdlAKXxkiHoV3P][0m -> 2026-08-26T05:42:44.196Z Starting item#8 {"search":"https://www.linkedin.com/company/applatus-technologies","location":""}...
[36m[apify.linkedin-company runId:diDhdlAKXxkiHoV3P][0m -> 2026-08-26T05:42:44.198Z Starting item#9 {"search":"https://www.linkedin.com/company/ingeniousolution","location":""}...
[36m[apify.linkedin-company runId:diDhdlAKXxkiHoV3P][0m -> 2026-08-26T05:42:44.200Z Starting item#10 {"search":"https://www.linkedin.com/company/scale-us-technologies","location":""}...
[36m[apify.linkedin-company runId:diDhdlAKXxkiHoV3P][0m -> 2026-08-26T05:42:44.201Z Starting item#11 {"search":"https://www.linkedin.com/company/integration-it-services-pvt-ltd","location":""}...
[36m[apify.linkedin-company runId:diDhdlAKXxkiHoV3P][0m -> 2026-08-26T05:42:44.203Z Starting item#12 {"search":"https://www.linkedin.com/company/mindprove","location":""}...
[36m[apify.linkedin-company runId:diDhdlAKXxkiHoV3P][0m -> 2026-08-26T05:42:44.204Z Starting item#13 {"search":"https://www.linkedin.com/company/perfelite-solutions","location":""}...
[36m[apify.linkedin-company runId:diDhdlAKXxkiHoV3P][0m -> 2026-08-26T05:42:44.206Z Starting item#14 {"search":"https://www.linkedin.com/company/badkul-technology","location":""}...
[36m[apify.linkedin-company runId:diDhdlAKXxkiHoV3P][0m -> 2026-08-26T05:42:44.208Z Starting item#15 {"search":"https://www.linkedin.com/company/eighteen-future","location":""}...
[36m[apify.linkedin-company runId:diDhdlAKXxkiHoV3P][0m -> 2026-08-26T05:42:44.209Z Starting item#16 {"search":"https://www.linkedin.com/company/infoenum-software-systems","location":""}...
people scrape returned 450 items
people with an extractable company URL: 448/450 (99.6%)
unique company URLs: 380

company URLs: 380 | est. cost $1.14
run started: diDhdlAKXxkiHoV3P
  status: RUNNING
  status: RUNNING
  status: RUNNING
  status: RUNNING
  status: RUNNING
  status: SUCCEEDED
company scrape returned 341 items

DONE — both stages complete.
