total rows: 365
  [1/365] Shadab Shaikh (AM Webtech Pvt Ltd) -> shadab@amwebtech.com / (no mobile) [signalhire]
  [2/365] Jasminder Singh (ScaleUs Technologies) -> Jasminder@scaleus.in / 9425799077 [signalhire]
  [3/365] koushalesh Acharya (Integration IT Services Pvt. L) -> koushalesh@integrationitservices.com / (no mobile) [signalhire]
  [4/365] Gopal Kirar (Cyber Impulse Software Solutio) -> gopal.kirar@cyberimpulses.com / (no mobile) [signalhire]
  [5/365] Yogita Sharma (Technohands Solution) -> (none) / (no mobile) []
  [6/365] Yogesh Patel (Applatus Technologies Pvt. Ltd) -> yogesh@applatus.com / (no mobile) [signalhire]
  [7/365] Vinod Mahajan (VKAPS IT Solutions Pvt. Ltd.) -> vinod@vkaps.com / (no mobile) [signalhire]
  [8/365] Akshay Pratap Singh (UpCodo Digital) -> akshay@digimonk.in / 9910409865 [signalhire]
  [9/365] Anurag M (PerfElite Solutions) -> malviyaanurag62@gmail.com / (no mobile) [signalhire]
  [10/365] Ajay K Prajapati (MAIG Innovations) -> (none) / (no mobile) []
  [11/365] Shrejash Chandel (InfoEnum Software Systems) -> shrejash.chandel@infoenum.com / +91 97525 86425 [signalhire]
  [12/365] Jasraj Sathe (Startappss System India Pvt. L) -> jasraj.sathe@startappss.com / 9131706067 [signalhire]
  [13/365] Ajay Jain (Eminence Infotech Pvt. Ltd.) -> ajay@eminenceinfotech.com / +91 78795 83635 [signalhire]
  [14/365] Paresh Goyal,PMP (Swap Infotech) -> sunitakishnani@yahoo.co.in / +1 302-750-3305 [signalhire]
  [15/365] Palak Sharma (Aurasoft) -> palak@aurasoftdigitech.com / (no mobile) [signalhire]
  [16/365] Kuldeep Patel (Green Web Software Development) -> (none) / 7489372155 [signalhire]
  [17/365] Decent Infotech (decent infotech) -> dcentinfotech@gmail.com / +919039855592 [signalhire]
  [18/365] Ashvin Sharma (Jmbliss IT Solutions) -> ashvin0731@gmail.com / +919827760809 [signalhire]
  [19/365] Sangeet Hemant  Kumar (Teknowxa Solutions Private Lim) -> shk@shkglobalventures.com / +91 99308 72560 [signalhire]
  [20/365] Abhishek Jain (ZecData Technology- A CMMI Lev) -> ajain@zecdata.com / 7093588792 [signalhire]
  [21/365] Kunal Agrawal (Zetawiz Technologies) -> kunal@zetawiz.com / +919479444551 [signalhire]
  [22/365] Hemant Sharma (Fealty Technologies pvt ltd) -> hemant@fealtytechnologies.com / +919755038393 [signalhire]
  [23/365] Sourabh Jain (Nuance Infotech) -> sourabh@nuanceinfotech.com / (no mobile) [signalhire]
  [24/365] Pankaj Kumar (Macky's Tech) -> kumarpankaj85894@gmail.com / 8235910315 [signalhire]
  [25/365] sandeep sappal (Numeric Infosystem Pvt. Ltd.) -> numeric.gwl@gmail.com / +91 93011 23085 [signalhire]
  [26/365] Vaibhav Gupta (SR Next) -> vaibhav.gupta@srnext.in / +91 81032 84939 [signalhire]
  [27/365] Piyush Kochale (Tronexa) -> piyush@wellaar.com / (no mobile) [signalhire]
  [28/365] Atul Jaiswal (InfoEnum Software Systems) -> atul.jaiswal@infoenum.com / (no mobile) [signalhire]
  [29/365] Apoorve Dubey (Kreyon Systems Pvt Ltd) -> apoorve@kreyonsystems.com / +91 76124 40066 [signalhire]
  [30/365] Reji M Varghese (Adonai Technowares) -> rejimv@adonai.co.in / +91 755 242 6305 [signalhire]
  [31/365] Santosh Kumar Mishra (Sansys Informatics Pvt Ltd) -> sanmishracse@gmail.com / 9811868230 [signalhire]
  [32/365] Manu Asati (ZecData Technology) -> manu@zecdata.com / (no mobile) [signalhire]
  [33/365] Mohsin Khan (Fifilo Designs) -> mohsin@engineersahab.com / (no mobile) [signalhire]
  [34/365] Neha Raghuwanshi (Codes For Tomorrow) -> neha@codesfortomorrow.com / +91 98270 41964 [signalhire]
  [35/365] Navkar Jain (Plus91Labs) -> navkar@plus91labs.com / 7583001846 [signalhire]
  [36/365] Piyush Shah (AlignTogether.live) -> piyush.shah@aligntogether.online / +91 97422 63925 [signalhire]
  [37/365] Ankita Mathur (Tecvolo Labs) -> ankita.mathur@tecvololabs.com / +919718356323 [signalhire]
  [38/365] Sachin Bhargava (KakushinEcosystem) -> sachin@cajutel.com / (no mobile) [signalhire]
  [39/365] Siddharth Mishra (Gigaflop TechLab) -> siddharth@discoverwebtech.com / 7007545790 [signalhire]
  [40/365] Rahul Jain (Infograins Software Solutions ) -> rahuljain@infograins.com / +91 70008 76161 [signalhire]
  [41/365] Kaushal Mohar (EWebWorld) -> kaushalmohar@gmail.com / (no mobile) [signalhire]
  [42/365] Kuldeep Panwar (Singaji Software Solutions) -> kuldeeppanwar7697@gmail.com / (no mobile) [signalhire]
  [43/365] Dhanesh Parwati Malviya (Sheryians Coding School) -> dhaneshmalviya@sheryians.com / (no mobile) [signalhire]
  [44/365] Pramod Jain (TechnoDuxx) -> pramod.dreams@gmail.com / +91 92297 32511 [signalhire]
  [45/365] Nihal Jaiswal (Startappss System India Pvt. L) -> nihal.jaiswal@startappss.com / 9179124446 [signalhire]
  [46/365] Manal M (Techsolvo) -> (none) / (no mobile) []
  [47/365] Murtaza J. (The IT Talent) -> murtaza.jawadwala@softude.com / +919179100280 [signalhire]
  [48/365] Neeraj Agarwal (Magnet Brains Software Technol) -> neeraj.agarwal@magnetbrains.com / +916303939347 [signalhire]
  [49/365] Chitransh Mandloi (IT SPARK TECHNOLOGY) -> chitransh.mandloi@yahoo.com / (no mobile) [signalhire]
  [50/365] Rekha D. (Rise Digitech ) -> rekhadhakad@risedigitech.com / +91 81034 05169 [signalhire]
  [51/365] Mohit Jain (Kimirica Hunter International) -> mk@kimirica.com / +91 88895 11119 [signalhire]
  [52/365] Krishna Baderia (Hvantage Technologies Inc. USA) -> krishna@hvantage.com / +18182649748 [signalhire]
  [53/365] Hemant Jhode (Advait Business Solution Hub) -> connect.hemant143@gmail.com / 08867004163 [signalhire]
  [54/365] Prachi Singh (iMentus) -> prachis@imentus.com / (no mobile) [signalhire]
  [55/365] Sumit Kumar Jha (LogicalSoftTech) -> sumit.kumar@logicalsofttech.com / (no mobile) [signalhire]
  [56/365] Monika Kumari (Infobyd Software Solutions) -> infobydteam@gmail.com / (no mobile) [signalhire]
  [57/365] Rajat Jain (Pataa) -> mk@kimirica.com / +91 88895 11119 [signalhire]
  [58/365] Nishant Sinha (Cognic Systems LLC) -> nishant@cognicsys.com / +919755944552 [signalhire]
  [59/365] Anjali Surana (Synsoft Global) -> anjali@synsoftglobal.com / +91 98268 33553 [signalhire]
  [60/365] Nittile Gupta (Ira Softwares) -> gnittile@irasoftwares.com / +91 98270 33385 [signalhire]
  [61/365] Shishir Tiwari (Abacus Consultancy Services (I) -> shishir@itsabacus.com / +919826642233 [signalhire]
  [62/365] Parrul Goyal (Jusmark Group) -> parul@jusmark.com / (no mobile) [signalhire]
  [63/365] Alexander Wolf (Cognic Systems) -> alexander@cognicsys.com / (no mobile) [apollo]
  [64/365] Snehal Chauhan (Vibe6 Digital) -> snehal@vnnovate.com / +1 313-622-2543 [signalhire]
  [65/365] Chitranshu Sharma (Statfinity Pvt. Ltd.) -> chitranshu@statfinity.in / (no mobile) [signalhire]
  [66/365] Aniket Singh (MaxCode IT Solutions Pvt. Ltd.) -> aniketsinghn10@gmail.com / 9893101074 [signalhire]
  [67/365] Kapil Pant (Tecvolo Labs) -> kpant1087@gmail.com / 9350509111 [signalhire]
  [68/365] Apurv Vyas (Xylity Technologies) -> (none) / (no mobile) []
  [69/365] Yogesh Kumar Khasturi (Webiators Technologies PVT. LT) -> yogesh@webiators.com / +91 99931 82625 [signalhire]
  [70/365] Hemant Mahalle (Cubixsys Technologies PVT LTD) -> hemant.mahalle@cubixsys.com / (no mobile) [apollo]
  [71/365] Devendra Gour (Technogaze Solutions Pvt. Ltd.) -> devendra@technogaze.com / +91 755 405 9651 [signalhire]
  [72/365] Adesh Jain (Sukkun Property) -> adesh.jain@brillsense.com / 7000546005 [signalhire]
  [73/365] Gaurav G. (Cloud1 Web Solutions) -> gaurav@cloud1.me / +91 90747 39352 [signalhire]
  [74/365] Neha Sharma (CraftandCode solutions private) -> neha@craftandcode.in / (no mobile) [signalhire]
  [75/365] Pawan Jain (Mobimint) -> (none) / +91 98272 75270 [signalhire]
  [76/365] Bhavesh Kshatriya (CodeNote IT Solutions Private ) -> shamur.158@gmail.com / +91 98268 69623 [signalhire]
  [77/365] Sanjeev Wadhwa (NI Pvt Ltd ) -> wadhwa.sanjeev@gmail.com / (no mobile) [signalhire]
  [78/365] Deepak U. (Vigility Technologies Private ) -> deepak.upadhyay.ex@hitachi-systems.com / 8368032850 [signalhire]
  [79/365] Gyanendra Singh (Cognic Systems) -> gyanendra@cognicsys.com / +91 92000 70515 [signalhire]
  [80/365] Manoj Trivedi (Tecpinion) -> manoj@tecpinion.com / +91 99265 04499 [signalhire]
  [81/365] Aniket Goyal (Msgclub.net - India) -> aniket.goyal@gmail.com / +91 99770 99303 [signalhire]
  [82/365] Aastha Jain (Bitvision Technologies - FZCO) -> aasthajain1213@gmail.com / (no mobile) [signalhire]
  [83/365] Sumit Saxena (Swifnix Technology) -> sumit.saxena@swifnix.com / +91 75030 78543 [signalhire]
  [84/365] Richa Dixit (Softinator Group of Industries) -> richa@softinator.com / (no mobile) [signalhire]
  [85/365] Arpit Soni (DSS Digital Success Solutions ) -> (none) / 6265713233 [signalhire]
  [86/365] Amit Jain (LMS Solutions (India) Pvt. Ltd) -> amit@lmsin.com / +91 93021 01319 [signalhire]
  [87/365] Harish Suthar (InfoSparkles IT Solution LLP) -> harish.suthar@therabodycorp.com / 9638641846 [signalhire]
  [88/365] Mirza Sameer (Mute Web Technologies Pvt Ltd) -> moiz@creativemirza.com / (no mobile) [signalhire]
  [89/365] Harshal Gadkari (DigiGyor Tech Pvt Ltd.) -> gadkari006@gmail.com / +91 89826 63699 [signalhire]
  [90/365] Ankit Jain Shastri (JUSTHEALTH - MAKE LIFE EASIER) -> ankit.jain.mit@gmail.com / +91 89824 79502 [signalhire]
  [91/365] Mahendra Patidar (Zehntech) -> mahendra.patidar@zehntech.com / +41 78 920 50 04 [signalhire]
  [92/365] Rishabhh Patle (Rayosys) -> rishabh.patle@rayosys.com / 9752791235 [signalhire]
  [93/365] Saloni Jain (Plus91Labs) -> saloni@plus91labs.com / (no mobile) [apollo]
  [94/365] Omprakash Tiwari (InfoKoders Technologies Privat) -> op.tiwari@infokoders.com / (no mobile) [signalhire]
  [95/365] Rahul Chandrawanshi (eWebWorld) -> rahulpnd350@gmail.com / (no mobile) [signalhire]
  [96/365] Pranay Gupta (i-SOFTZONE) -> pradeeprajwani@rediffmail.com / +91 98600 13868 [signalhire]
  [97/365] Manish Sawjiani (CDN Software Solutions) -> manishsawjiani@cdnsol.com / +91 731 718 9000 [signalhire]
  [98/365] Richa Asija (Camncloud) -> richa_chawla28@yahoo.com / (no mobile) [signalhire]
  [99/365] Arpit Jaiswal (Ixora Infotech Private Limited) -> arpit.jaiswal@ixorainfotech.com / (no mobile) [signalhire]
  [100/365] Prashant Khare (ABIR Networks Pvt. Ltd.) -> prashant@abirnetworks.com / +91 83789 90772 [signalhire]
  [101/365] Riya Sharma (Technohands Solution) -> sharmariya0507@gmail.com / (no mobile) [signalhire]
  [102/365] Kiran Acharya (VSN International Pvt. Ltd.) -> kacharya@indiabulls.com / +91 97170 49090 [signalhire]
  [103/365] Mollika Anand (TOSS Solutions [ Training | Ou) -> mollika.anand@tosssolution.com / +91 74157 10027 [signalhire]
  [104/365] Jyoti Singh (Plus91Labs) -> singh@plus91labs.com / +918120929318 [signalhire]
  [105/365] Avinash Kumar (LendingLogik) -> avinash@cloudchillies.com / +91 731 506 2296 [signalhire]
  [106/365] Deepak Solanki (Web Desire) -> deepaks.mongoosetech@gmail.com / 6265338614 [signalhire]
  [107/365] Yogesh Hirau (EWebWorld) -> yogeshhirau@gmail.com / +91 90398 41160 [signalhire]
  [108/365] Mayank Pande (The UpThrust) -> mayank.pande12@gmail.com / +91 83700 07111 [signalhire]
  [109/365] Arun S. (AT Technologies ) -> arunsahu103@gmail.com / (no mobile) [signalhire]
  [110/365] DC - Dharmendra Choudhary (Infominez) -> (none) / (no mobile) []
  [111/365] Chirag Gupta (Cuztomise) -> chirag@cuztomise.com / +91 94254 78321 [signalhire]
  [112/365] Sandeep Singh G. (SmtpMailers Pvt. Ltd) -> vicky58663@gmail.com / +91 90092 58663 [signalhire]
  [113/365] Tushar Goyal (Eminence Infotech Pvt. Ltd.) -> tushar.goyal@eminenceinfotech.com / +91 90095 70086 [signalhire]
  [114/365] Anand Kumar (BridgeFix Technology) -> anand@bridgefix.co / (no mobile) [signalhire]
  [115/365] Ajay Patidar (Techstuff Pvt Ltd.) -> ajay@techstuff.cloud / (no mobile) [apollo]
  [116/365] Rohit Chitnis (DigiGyor- Nothing Like OR) -> chitnisrohit32@gmail.com / (no mobile) [signalhire]
  [117/365] Sarthak Patel (Zetawiz Technologies) -> sarthak@zetawiz.com / 8871694001 [signalhire]
  [118/365] Sachin Kumawat (P&P Infotech) -> sk1641649@gmail.com / (no mobile) [signalhire]
  [119/365] Manali Sharma (Masalanet) -> manali@bitvividsolutions.com / +1 425-410-8541 [signalhire]
  [120/365] Kuldip Jain (FX Bytes Technologies  Private) -> kuldip@fxbytes.com / +91 9826022494 [signalhire]
  [121/365] Jyoti Gupta (Pitchgrow.AI | CRM) -> jyoti@nagarsoftwaresolution.com / +917485087999 [signalhire]
  [122/365] Sayyed Faizan Ali (SKILL INTELLIGENCE WORLD) -> faizaanali28@gmail.com / 9644877965 [signalhire]
  [123/365] Prashant Tiwari (TECHNOMANCERAI) -> prashant@technomancerai.com / +918251977673 [signalhire]
  [124/365] Shefali T. (Eagle in Cloud) -> (none) / (no mobile) []
  [125/365] Shweta Porwal (VKTechno Solutions Pvt Ltd) -> (none) / +917620331653 [signalhire]
  [126/365] Gulrez Khan (AM Webtech Pvt Ltd) -> gulrez@amwebtech.com / +919680712215 [signalhire]
  [127/365] RituRaj Pandey (Winlancer Technologies Pvt Ltd) -> rituraj.pandey@winlancers.com / +91 99263 73732 [signalhire]
  [128/365] Prof. Praveen Parmar (Cypher Analytica) -> parmarpraveen18@gmail.com / 919630923995 [signalhire]
  [129/365] Avinash Jain (PROCODE IT SERVICES) -> avinash.jain.cs@gmail.com / +91 94240 12940 [signalhire]
  [130/365] Mayank Sahu (Royal IT Service) -> (none) / 9301137188 [signalhire]
  [131/365] Deepak Nagar (CrickBro - Cricket Scoring App) -> (none) / +918800579203 [signalhire]
  [132/365] Suraj N. (Assist Buddi) -> suraj@tummoc.com / (no mobile) [signalhire]
  [133/365] Madhu Bairagi (I Prompt Solution) -> hr.iprompt724@gmail.com / 7879677753 [signalhire]
  [134/365] Sunil Vishwakarma (Webangel Technologies LLP) -> sunil@seagullventure.in / 9039005753 [signalhire]
  [135/365] Lokesh Sangtani (WebDroid Technologies) -> lokesh@webdroidtech.com / +65 9763 2531 [signalhire]
  [136/365] Vijay Chouhan (GemsEssence Infotech Pvt Ltd) -> vijay@gemsessence.com / +91 98274 38634 [signalhire]
  [137/365] Mahesh Soni (DNDC IT Institute) -> mahesh@dndc.in / 7879645092 [signalhire]
  [138/365] Deepanshu Suhane (Votive Technologies Pvt Ltd) -> suhane.deepanshu@gmail.com / +91-7049755555 [signalhire]
  [139/365] Ayush Sarvaiya (Plus91Labs) -> ayush@plus91labs.com / (no mobile) [signalhire]
  [140/365] Kaushal Dhakad (Nextday Software Solutions Pri) -> kaushaldhakad711@gmail.com / +919826188488 [signalhire]
  [141/365] Aditya Deshmukh (Network-IE Infosystems Pvt. Lt) -> aditya@network-ie.com / +91 755 490 3268 [signalhire]
  [142/365] Prabhakar Kumar (QR Staff - Free staff attendan) -> prabhakar@techhelper.in / +918871940864 [signalhire]
  [143/365] Sumona Gangopadhyay Rai (Datazen Consulting & Analytics) -> sumonag@iacs.res.in / +919650147799 [signalhire]
  [144/365] Sandeep Kumar Panigrahi (Kaivalya Agro) -> sonupanigrahi@gmail.com / +65 9019 3642 [signalhire]
  [145/365] Gaurav Kasliwal (Pataa®) -> gk@pataa.com / (no mobile) [signalhire]
  [146/365] Chandra Prakash Patidar  (Lemosys Infotech Pvt Ltd ™) -> chandra@lemosys.com / (no mobile) [signalhire]
  [147/365] Hariom  Saran ( Yaduvanshi ) (Satya Kabir E-Solutions Privat) -> hariomsaran@satyakabir.com / 8959977624 [signalhire]
  [148/365] Kamal Gupta (Dollop Infotech pvt. ltd) -> dollopinfotech@gmail.com / (no mobile) [signalhire]
  [149/365] AASHISH JOSHII (Crush IT Techno) -> (none) / 9713578101 [signalhire]
  [150/365] Abhishek Agrawal (Orphic Solution) -> abhishek@orphicsolution.com / (no mobile) [signalhire]
  [151/365] Ayush Acharya (Acharya Enterprises) -> shyom.wv@gmail.com / (no mobile) [signalhire]
  [152/365] Raja Ali (Global Crystal IT Solutions pv) -> (none) / 9717961421 [signalhire]
  [153/365] Monika Ahirwal (Diztal Services) -> monika.ahirwal@itsoftlab.com / (no mobile) [signalhire]
  [154/365] Taher Ali Badnawarwala  🤖 📈 (Saify Technologies) -> taher@saifytech.com / +96565928052 [signalhire]
  [155/365] Sam George Samuel (PriFab IT Solutions) -> varghese@prifabit.com / (no mobile) [signalhire]
  [156/365] Dr. Vidyut Singhai (Infoviaan Technologies | IT Tr) -> vidyut.singhai@softvyom.com / (no mobile) [signalhire]
  [157/365] Akash Namdev (N MEDIA LABS ) -> akashnamdev716@gmail.com / (no mobile) [signalhire]
  [158/365] Deepesh Gupta (Panda International) -> deepesh.1993.g@gmail.com / +919522289094 [signalhire]
  [159/365] Vinod Borkar (Torenia Technology) -> vinodborkarofficial@gmail.com / +91 74709-77230 [signalhire]
  [160/365] Himanshu Mudgal (Zara Inforise ) -> himanshu.mudgal.71094@gmail.com / 9685715027 [signalhire]
  [161/365] Rahul Rajput (Propertyequation.com) -> rahul@jusmark.com / +91 88716 35586 [signalhire]
  [162/365] Nikita Golchha (Amarya Business Consultancy) -> nikita.golchha@amaryaconsultancy.com / (no mobile) [apollo]
  [163/365] Bipsa Panigrahi (Kaivalya Resorts) -> (none) / (no mobile) []
  [164/365] Adarsh Gupta (Sheryians Coding School) -> adarshgupta@sheryians.com / +91-9559802224 [signalhire]
  [165/365] Saloni Rathore (Codiotic Technologies PVT LTD) -> saloni@codiotic.com / (no mobile) [signalhire]
  [166/365] Ramkrishan Patidar (Gems Essence Infotech Pvt Ltd) -> ram@gemsessence.com / 9753352226 [signalhire]
  [167/365] Bharat Sharma (Decent Infotech) -> (none) / 9406665146 [signalhire]
  [168/365] Harshwardhan Kajve (Escalates Tech India) -> harshkajve@escalatestechindia.com / +91 97132 89043 [signalhire]
  [169/365] Virendra Pratap Singh (Freelancer IT Services) -> (none) / (no mobile) []
  [170/365] Imran Khan (AnnCode Solutions) -> imran.khan350620@gmail.com / 8770952778 [signalhire]
  [171/365] Imran Khan (Eskills Web) -> imrankhan919.ik@gmail.com / (no mobile) [signalhire]
  [172/365] Upendra Rajput (Capital Stroke Financial Servi) -> sunnythedude3004@yahoo.co.in / (no mobile) [signalhire]
  [173/365] Devendra Rathore (TheRapidHire - CMMI Level 5 | ) -> devendra.rathore@therapidhire.com / 7048626829 [signalhire]
  [174/365] DR. PANKAJ RICHHARIYA (Cloud Pivot) -> (none) / 8770748236 [signalhire]
  [175/365] Vivek Sharma (NavTark Solutions Pvt. Ltd.) -> viveksharma1988@yahoo.co.in / (no mobile) [signalhire]
  [176/365] Akash Tiwari  ♚ (Next-innovation.in) -> atakashtiwari0604@gmail.com / 8287938099 [signalhire]
  [177/365] Arpit Soni (DSS Digital Success Solutions ) -> (none) / (no mobile) []
  [178/365] Meghna Sethi (Cakelicious - The most beautif) -> msethi@gmail.com / +91 99811 17537 [signalhire]
  [179/365] Kumar Vyas (iMentus) -> kvyas@imentus.com / (no mobile) [signalhire]
  [180/365] Umesh Rathore (TheRapidHire - CMMI Level 5 | ) -> umesh.rathore@therapidhire.com / (no mobile) [signalhire]
  [181/365] Mohammed (. (Aerozef Creations) -> (none) / 8871550451 [signalhire]
  [182/365] Prashant Katiyar (Retinodes ) -> (none) / (no mobile) []
  [183/365] Ashish Prajapati (DevsVilla) -> ashish@clecotech.com / +918085665606 [signalhire]
  [184/365] Saniya Khan (Deeksha Graphic and Marketing) -> (none) / (no mobile) []
  [185/365] Sarvajeet Singh (Delta Clue) -> sarvajeet@deltaclue.com / +91 72248 99301 [signalhire]
  [186/365] Vaishali Wankhede (Software Testing Edu - STE Tec) -> vaishali@infobyd.com / (no mobile) [signalhire]
  [187/365] Mahesh Saini (Bheema Infotech) -> (none) / (no mobile) []
  [188/365] Sachin Mandwariya (Workholics Infocorp) -> sachin@workholics.com / +91 98270 39102 [signalhire]
  [189/365] Chhavi Shah (AlignTogether.live) -> chhavi.shah@aligntogether.live / +91 81359 87357 [signalhire]
  [190/365] Casavo Soft (Casavo Soft) -> casavosoft@gmail.com / (no mobile) [signalhire]
  [191/365] HR Abacus Consultancy Services (Abacus Consultancy Services (I) -> shishir_tiwari@outlook.com / (no mobile) [signalhire]
  [192/365] Dr. Sumeet Maru (Logikview Analytics Pvt. Ltd.) -> sumeet.maru@chgroup.in / +91 731 496 8420 [signalhire]
  [193/365] Amay Pandey (Piquant Feed - A Viral News We) -> (none) / (no mobile) []
  [194/365] Gourav Yadav (quazma technologies) -> (none) / +917509440001 [signalhire]
  [195/365] Anoop Krishnan (SEOBeam Infotech Private Limit) -> (none) / +91 8878989888 [signalhire]
  [196/365] Ankur Chourasia (DigiQure E-Clinic) -> ankur@iotainformatics.com / (no mobile) [signalhire]
  [197/365] Abhishek G. (White Feather Consultancy) -> eshu.1505@gmail.com / +91 90491 02620 [signalhire]
  [198/365] Jayant Patidar (Snayvik Tech Labs PVT. LTD.) -> jayant@snayvik.com / (no mobile) [signalhire]
  [199/365] Anil Upmanyu (PREMA SOFTWARE SOLUTIONS) -> upmanyua@yahoo.com / (no mobile) [signalhire]
  [200/365] Touhid Rahman (The IT Talent) -> touhid@theittalent.com / (no mobile) [signalhire]
  [201/365] kriti jain (Star Web India) -> kritijain92@gmail.com / +91 94248 76088 [signalhire]
  [202/365] Falak Mehta (Soft Solution) -> (none) / (no mobile) []
  [203/365] Abhishek Jain (FUTURUM) -> (none) / 7440648611 [signalhire]
  [204/365] sandeep modi (Carina Technologies & Services) -> sandeepmodi.carina@gmail.com / (no mobile) [signalhire]
  [205/365] Neeraj Lodhi (DOES Solutions Infotech Pvt. L) -> does.neeraj@gmail.com / +91 731 405 7762 [signalhire]
  [206/365] Paritosh Pandey (webOdoctor - Aheading Innovati) -> (none) / +91 82691 03662 [signalhire]
  [207/365] Aditya Bangur (TechConsonance) -> aditya.bangur@techconsonance.com / (no mobile) [apollo]
  [208/365] Shradha Agrawal (FODUU - Web Design Company Ind) -> co-founder@foduu.com / (no mobile) [signalhire]
  [209/365] Amit Maheshwari (Smarg Technologies) -> amit@smargtech.com / (no mobile) [signalhire]
  [210/365] Rahul Sahni (Webangel Technologies LLP) -> (none) / (no mobile) []
  [211/365] Rahul Singh (Creato Web IT Solutions) -> rahul070766@yahoo.com / +91 99770 08850 [signalhire]
  [212/365] Pawan Srivastava (Pawan Associates) -> (none) / (no mobile) []
  [213/365] Peter Carrington (Digital Marketing Systems) -> (none) / (no mobile) []
  [214/365] Abhishek Joshi (Engineer Sahab Edu) -> abhishek@engineersahab.com / (no mobile) [signalhire]
  [215/365] Rashmi Garg (Maverick Console Services Pvt.) -> gargrashmi29@gmail.com / (no mobile) [signalhire]
  [216/365] Abhay Pandey (Swati Web Technologies Pvt. Lt) -> (none) / (no mobile) []
  [217/365] Gauhar Haque Sahara (Zara Inforise Pvt. Ltd.) -> gauhar@zarainforise.com / +91 85279 35978 [signalhire]
  [218/365] Mujib Qureshi (10XWeb Solutions Agency) -> (none) / (no mobile) []
  [219/365] vivek singhal (Transcription4you) -> viveks@mangoitsolutions.com / (no mobile) [signalhire]
  [220/365] Chhaya Bisen (Aimerse Technologies India Pri) -> cbisen@aimerse.com / +91 78983 82222 [signalhire]
  [221/365] Shrivastav Nupur Mehta (Sun Shine IT Solution) -> mehta.nupur30@gmail.com / (no mobile) [signalhire]
  [222/365] Rajni Gour (Tanish Analytics Pvt. Ltd.) -> rajni.gour@gmail.com / +919981256201 [signalhire]
  [223/365] MAMTA SHARMA (Fealty Technologies) -> mamta@fealtytechnologies.com / (no mobile) [apollo]
  [224/365] Arpita Lodha Jain (Brillsense) -> (none) / +91 97703 50630 [signalhire]
  [225/365] yaman dhuliye (Dezven Softwear) -> yaman.dhuliye@yahoo.com / (no mobile) [signalhire]
  [226/365] YASH DHAKAD (Ample eBusiness) -> yashwantdhakad@gmail.com / (no mobile) [signalhire]
  [227/365] Prabhat Sandheliya (CodeRevolts) -> prabhat@coderevolts.com / +91 96300 20920 [signalhire]
  [228/365] vivek shukla (Matex Technology) -> (none) / (no mobile) []
  [229/365] Monis Mohd. K. (BUZZART SOFTWARE PVT LTD) -> mk@buzzartsoftware.com / (no mobile) [signalhire]
  [230/365] Abhishek Thakur (Think Debug) -> abhikp31@gmail.com / (no mobile) [signalhire]
  [231/365] Neeraj Thakur (VKAPS IT Solutions Pvt. Ltd.) -> (none) / (no mobile) []
  [232/365] Abhishek Thakur (ThinkDebug) -> (none) / (no mobile) []
  [233/365] Priya Jain (PROCODE IT SERVICES) -> (none) / (no mobile) []
  [234/365] Mayur Indore (A I Technologies ) -> (none) / (no mobile) []
  [235/365] Fardeen Bukhari (Technocrates Communications Pr) -> (none) / (no mobile) []
  [236/365] Kumar G (Web Dunia) -> (none) / (no mobile) []
  [237/365] Webdroid Infotech (Webdroid Infotech) -> (none) / (no mobile) []
  [238/365] Amitabh Verma (Solwin Technologies) -> amitabhsolwin@gmail.com / +91 94251 64700 [signalhire]
  [239/365] Prateek Agrawal (Cubexo) -> prateek.agrawal@cubexo.io / (no mobile) [apollo]
  [240/365] Divya Jain (Shrimad Technologies) -> divya@shrimadtechnologies.com / (no mobile) [signalhire]
  [241/365] Avinash Reddy Challa (financial compamy) -> (none) / (no mobile) []
  [242/365] azone digital (Azone) -> (none) / (no mobile) []
  [243/365] PANKAJ SINGH (GEEKZILA DIGITAL SERVICES) -> (none) / (no mobile) []
  [244/365] Ajay J. (Softinator Group of Industries) -> ajay@softinator.com / (no mobile) [apollo]
  [245/365] Samuel Amuzu (ATOMS GROUP) -> (none) / (no mobile) []
  [246/365] Umesh Jhade (My Infoline) -> ujhade@gmail.com / (no mobile) [signalhire]
  [247/365] Aditi Vyas (iMentus) -> (none) / (no mobile) []
  [248/365] Christopher Hudson (ZecData Technology) -> christopher.h@zecdata.com / (no mobile) [apollo]
  [249/365] Shivani  Goyal  (Insignia Web and Marketing Pri) -> shivani.goyal@insigniawm.com / (no mobile) [signalhire]
  [250/365] Cheshta Infotech (Cheshta Infotech Pvt Ltd) -> (none) / (no mobile) []
  [251/365] Monika Kumari (Infobyd | Complete CRM Solutio) -> (none) / (no mobile) []
  [252/365] Kumar Vyas (iMentus) -> kvyas@imentus.com / (no mobile) [apollo]
  [253/365] Unique World (unique world) -> (none) / (no mobile) []
  [254/365] Palash Barania (Cyber Elite) -> (none) / (no mobile) []
  [255/365] Pushkar Dhakad ( Dhakad Technosoft Private Lim) -> (none) / (no mobile) []
  [256/365] karnveer S. (InfoKoders Technologies Privat) -> (none) / (no mobile) []
  [257/365] John crespo (Go High Level Expert) -> (none) / (no mobile) []
  [258/365] Shahrukh Baig (IT FRND) -> (none) / (no mobile) []
  [259/365] Pushkar Dhakad (Dhakad Technosoft Pvt. Limited) -> (none) / (no mobile) []
  [260/365] RAJEEV GANDHI COMPUT ER SAKSHARTA MISSION (RAJEEV GANDHI COMPUTER SAKSHAR) -> (none) / (no mobile) []
  [261/365] Shantanu D (MR Softwares) -> (none) / (no mobile) []
  [262/365] Winlancrer Technologies (Winlancer Technologies Pvt. Lt) -> (none) / (no mobile) []
  [263/365] Prashant Wagh (Seize) -> (none) / (no mobile) []
  [264/365] Aditi Vyas (iMentus) -> (none) / (no mobile) []
  [265/365] Prashant Yadav  (Dolphin ) -> (none) / (no mobile) []
  [266/365] ankit jain (sveltose technologies) -> (none) / (no mobile) []
  [267/365] Jairaj Singh Rana (Insta Dot Analytics) -> jairaj.rana@instadotanalytics.com / (no mobile) [apollo]
  [268/365] Ciita India (Cresol) -> (none) / (no mobile) []
  [269/365] Ray Technology (Ray Technology) -> (none) / (no mobile) []
  [270/365] amit agarwal (deepak enterprise) -> (none) / (no mobile) []
  [271/365] e BOT (eBOT) -> (none) / (no mobile) []
  [272/365] Upendra Singh Thakur (Abhiyantriki group of foundati) -> (none) / (no mobile) []
  [273/365] Zero Two (Arna Softech) -> (none) / (no mobile) []
  [274/365] cehtan kumaru (FCG Bhopal) -> (none) / (no mobile) []
  [275/365] cuztomi. se (cuztomise) -> (none) / (no mobile) []
  [276/365] Aditya Paigude (Aditya Computers) -> adityapaigude27@gmail.com / (no mobile) [signalhire]
  [277/365] Tontu Lones (Digiflex) -> (none) / (no mobile) []
  [278/365] Meenu Tiwari (TECHNOMANCERAI) -> meenu.t@technomancerai.com / (no mobile) [apollo]
  [279/365] Harpreet  Kaur (Tech Sparrow) -> (none) / (no mobile) []
  [280/365] Panila Kameswari (Java R&D Pvt. Ltd.) -> (none) / (no mobile) []
  [281/365] G-Infosoft Technologies (G-Infosoft Technologies) -> (none) / (no mobile) []
  [282/365] shree krishna traders (Shree Krishna Traders - India) -> shree@shreetradersjaipur.com / (no mobile) [apollo]
  [283/365] Mohammed Qamar (Fiverr and Upwork Freelancers ) -> md8qamar@gmail.com / (no mobile) [signalhire]
  [284/365] Jitendra Singh (Conative IT Solutions Pvt. Ltd) -> jitendrasingh.8685@gmail.com / +918103803196 [signalhire]
  [285/365] Madan Agrawal (Certainty Infotech) -> madan.agrawal@certaintyinfotech.com / +91 98934 23224 [signalhire]
  [286/365] Prachi Agrawal (TekIT Solution) -> prachi.a@tekitsolution.com / (no mobile) [signalhire]
  [287/365] Anannd Prakash Jain (Vigility Technologies Private ) -> anand@vigility.in / +91 77383 81980 [signalhire]
  [288/365] Kalika Prasad Mishra (Codes For Tomorrow) -> kalika@codesfortomorrow.com / (no mobile) [signalhire]
  [289/365] Aditya Kunhare (WebDroid Technologies) -> (none) / (no mobile) []
  [290/365] Anand  mangule (Technoviaan Software Solution ) -> (none) / 9098575033 [signalhire]
  [291/365] Arvind Patidar (MINDIII Systems Pvt. Ltd.) -> 18.arvind@gmail.com / 07411319886 [signalhire]
  [292/365] Akshay Jain (Vinfotech) -> akshay.jain@vinfotech.com / +91 96371 09684 [signalhire]
  [293/365] Arvind Mishra (TechLene Software Solutions Pv) -> arvind@techlene.com / +91 97550 34562 [signalhire]
  [294/365] Vignesh Vishwakarma (MAIG Innovations) -> sanjay.maiginfra@gmail.com / (no mobile) [signalhire]
  [295/365] Ruchi Gupta (Tech Radix) -> ruchig@tech-radix.com / +91 9873723832 [signalhire]
  [296/365] Chandan Sony (QR Staff) -> chandansony8294@gmail.com / 907429733 [signalhire]
  [297/365] Mradul Mishra (Vigisolvo) -> mradulmishra010@gmail.com / +91 79877 68061 [signalhire]
  [298/365] Yaval Laddha (DisplayFort) -> yaval@displayfort.com / +91 81090 66697 [signalhire]
  [299/365] Hari Thakur (Hashtag Infotech) -> hari@hashtaginfotech.com / +91 731 403 5554 [signalhire]
  [300/365] Naman Jain (Amenses Innovation Pvt Ltd) -> naman.jain@amenses.com / (no mobile) [signalhire]
  [301/365] Shilpa D. ( Dhakad Technosoft Private Lim) -> shilpadhakad@jio.com / 7879215295 [signalhire]
  [302/365] Nitesh Sharma (Cresol) -> nitesh@blockchain-council.org / (no mobile) [signalhire]
  [303/365] Aniket Goyal (Msgclub) -> aniketmarketing303@gmail.com / (no mobile) [signalhire]
  [304/365] Ravi Soni (ExpressTech Software Solutions) -> ravi.soni@ca.com / +91 88504 00836 [signalhire]
  [305/365] Aditya Vaishnav Co-Founder, CEO (Blueslag Technologies) -> aditya.co-founder@blueslag.com / (no mobile) [signalhire]
  [306/365] Alok Sapre (Innovestigia360 Consulting Pri) -> aloksapre@gmail.com / +919827676772 [signalhire]
  [307/365] Mukund Manish (MaMITs Pvt. Ltd.) -> manishkr@mamits.com / +91 79038 52016 [signalhire]
  [308/365] Viney Partap Singh (Zood Transport Inc) -> (none) / (no mobile) []
  [309/365] Jehan Kothary (VEVA ART) -> jehankothary@gmail.com / (no mobile) [signalhire]
  [310/365] Mustafa Neelwala (Digital Fox Solutions) -> (none) / (no mobile) []
  [311/365] Amit Shrivas (Crush IT Techno) -> (none) / (no mobile) []
  [312/365] Neha Saxena (Swifnix Technology) -> (none) / (no mobile) []
  [313/365] Tuan Bui (JC Global Ventures) -> (none) / (no mobile) []
  [314/365] Akshay kumar Chouhan (Engineer Master Solutions Pvt.) -> akshay.chouhan@engineermaster.in / +91 80853 05205 [signalhire]
  [315/365] Rohit  Degaonkar (DNDC IT Training Institute) -> (none) / (no mobile) []
  [316/365] Ajay Gadikar (LMS Solutions (India) Pvt. Ltd) -> ajay.gadikar@lmsin.com / (no mobile) [apollo]
  [317/365] Akanksh Tandon (DigiQure E-Clinic) -> akanksh@equal.health / +919986294949 [signalhire]
  [318/365] Mustapha Sheriff (Atraxium) -> (none) / (no mobile) []
  [319/365] Lavisha Choyal (Syscal Tech Private Limited) -> lavisha.choyal1995@gmail.com / (no mobile) [signalhire]
  [320/365] Prateek Gurjar (webOdoctor - Aheading Innovati) -> ajaysarkarcse@gmail.com / +91-9755574880 [signalhire]
  [321/365] Akriti Shrivastava (Talent Spiral) -> akriti@talentspiral.com / (no mobile) [signalhire]
  [322/365] Anurag Singh Kushwah (SYSSTRA by Futuristic Solution) -> anurag@techrefic.com / (no mobile) [signalhire]
  [323/365] Narayan amrvanshi (Quickly Platforms) -> namrvanshi577@gmail.com / (no mobile) [signalhire]
  [324/365] Anjul kaushik (Quazma) -> (none) / +919131644133 [signalhire]
  [325/365] Abhishek Gour (Daffodil Technologies (I) Pvt ) -> gour.abhishek@gmail.com / 9755042789 [signalhire]
  [326/365] Saket Asati (IOTA Informatics Private Limit) -> saket@iotainformatics.com / +1 315-708-2655 [signalhire]
  [327/365] Suyash Kumar (Codiotic Technologies PVT LTD) -> suyash@codiotic.com / (no mobile) [signalhire]
  [328/365] Shahrukh  Baig (IT FRNDLEADS ) -> shahrukh@theitfrnd.com / (no mobile) [signalhire]
  [329/365] Ritesh Choudhary (Precious Infosystem) -> ritesh@preciousinfosystem.com / (no mobile) [signalhire]
  [330/365] Sarthak Tiwari (MATRIX.JEC) -> (none) / 8827118257 [signalhire]
  [331/365] Alena Tsivinskaia (Nexora) -> (none) / (no mobile) []
  [332/365] Prashanna Gupta (JS TechAlliance Consulting Pri) -> prashanna.gupta@oncam.com / +91 9691230211 [signalhire]
  [333/365] Chetan Naik (Diet Dial) -> chetan@cdnsol.com / +919223476328 [signalhire]
  [334/365] VIMAL RAJA (Nexora Agency) -> (none) / (no mobile) []
  [335/365] Vivek Shukla (Matex Technology) -> (none) / (no mobile) []
  [336/365] Gourav Agrawal (Affimintus Technologies) -> director.programmerspoint@gmail.com / 7974250782 [signalhire]
  [337/365] ANUJ KUMAR (NovarsisTech Pvt. Ltd.) -> (none) / (no mobile) []
  [338/365] Narendra Singh (BridgeFix Technology) -> (none) / (no mobile) []
  [339/365] Bhupendra Chaurasia (iTRAC Technology) -> bindaasbc@gmail.com / (no mobile) [signalhire]
  [340/365] sanjay mahajan (Synoris Technologies Pvt. Ltd.) -> sanjaym@synoris.com / +91 98275 93060 [signalhire]
  [341/365] Nikhil Patidar (Shree Krishna Trader's) -> (none) / (no mobile) []
  [342/365] Prince Singh (Shubh Infotech pvt ltd) -> (none) / (no mobile) []
  [343/365] JOSEPH MTUMBUKA (FAITH COMPUTERS) -> (none) / (no mobile) []
  [344/365] Anand Dube (SynQues Consultancy Private Li) -> anand@synques.in / (no mobile) [signalhire]
  [345/365] anil upmanyu (Prema Software Solutions) -> upmanyua@premasoftware.com / (no mobile) [apollo]
  [346/365] Ganesh Prajapati (HLBS Tech Pvt. Ltd.) -> (none) / 09893297610 [signalhire]
  [347/365] Gaurav  nema (innobimb) -> (none) / (no mobile) []
  [348/365] shabbir ahmed (SAFA INFOTECH) -> shabbir_gsnw@yahoo.co.in / +919312601485 [signalhire]
  [349/365] Aryos Raza (Tech Jobs and Learnings - Foll) -> (none) / (no mobile) []
  [350/365] SureVin co (SureVin) -> (none) / (no mobile) []
  [351/365] Deepti Shrivastava (Clecotech) -> (none) / (no mobile) []
  [352/365] Krishna Kumar TRIVEDI (SureVin) -> (none) / (no mobile) []
  [353/365] Derek Pierce 3 (Simply Global Media) -> (none) / (no mobile) []
  [354/365] Nishant  Tyagi (Inforise industrial solutions) -> (none) / (no mobile) []
  [355/365] Nitin Saklecha (Helppo) -> nsaklecha@arnasoftech.com / +91 90098 59990 [signalhire]
  [356/365] Kapil T. (Business Consultant) -> kapilt@shriffle.com / (no mobile) [signalhire]
  [357/365] Ishkirat Pal Singh (Suvrin Technologies) -> ishkirat985@gmail.com / 9560455637 [signalhire]
  [358/365] Kirti Joshi (ExaTip Technologies) -> kirti@exatip.com / +91 88717 70779 [signalhire]
  [359/365] LORY - PATTANAIK (Rohit Ferrotech Ltd Odisha) -> lory@webodoctor.com / +91 98933 56967 [signalhire]
  [360/365] Iftekhar Qurashi (Tipstop) -> iftekharqurashi@google.com / (no mobile) [signalhire]
  [361/365] Rohit Mandawara (Cubix WebTech Solutions PVT LT) -> rohitmandawara@gmail.com / +91 98916 47386 [signalhire]
  [362/365] Shephali Shukla (Landmark) -> shephali@synques.in / (no mobile) [signalhire]
  [363/365] Raghvendra Parashar (Gems Essence Infotech Pvt Ltd) -> raghvendra@gemsessence.com / +91 99811 83726 [signalhire]
  [364/365] Mehtab shah (gpgcm) -> mehtab@synetalsolutions.com / (no mobile) [apollo]
  [365/365] Nabhovid Software Solutions (Hiringpride) -> nabhovid@nabhovid.com / (no mobile) [apollo]

wrote /Users/bhanu/Desktop/hubspot/temporary/MP_IT_qualified_enriched.csv
emails: 262/365 (158 official) | phones: 168/365 (158 valid +91 mobile) | apollo fallback used: 207 (0 hits)
