[36m[apify.linkedin-profile-scraper runId:AwaxwdVhr4lT6omOA][0m -> Status: RUNNING, Message: 
[36m[apify.linkedin-profile-scraper runId:AwaxwdVhr4lT6omOA][0m -> 2026-08-25T11:18:11.050Z [33mACTOR: [39mPulling container image of build 6rtqSfTQu3vs5trhg from registry.
[36m[apify.linkedin-profile-scraper runId:AwaxwdVhr4lT6omOA][0m -> 2026-08-25T11:18:11.053Z [33mACTOR: [39mCreating container.
[36m[apify.linkedin-profile-scraper runId:AwaxwdVhr4lT6omOA][0m -> 2026-08-25T11:18:11.162Z [33mACTOR: [39mStarting container.
[36m[apify.linkedin-profile-scraper runId:AwaxwdVhr4lT6omOA][0m -> 2026-08-25T11:18:11.163Z [33mACTOR: [39mRunning under "LIMITED_PERMISSIONS".
[36m[apify.linkedin-profile-scraper runId:AwaxwdVhr4lT6omOA][0m -> 2026-08-25T11:18:12.138Z [32mINFO[39m  System info[90m {"apifyVersion":"3.7.2","apifyClientVersion":"2.22.2","crawleeVersion":"3.16.0","osType":"Linux","nodeVersion":"v20.20.2"}[39m
[36m[apify.linkedin-profile-scraper runId:AwaxwdVhr4lT6omOA][0m -> 2026-08-25T11:18:12.266Z Starting item#1 {"query":"https://www.linkedin.com/in/prashant-bellad"}...
[36m[apify.linkedin-profile-scraper runId:AwaxwdVhr4lT6omOA][0m -> 2026-08-25T11:18:12.294Z Starting item#2 {"query":"https://www.linkedin.com/in/ashishamalnerkar"}...
[36m[apify.linkedin-profile-scraper runId:AwaxwdVhr4lT6omOA][0m -> 2026-08-25T11:18:12.295Z Starting item#3 {"query":"https://www.linkedin.com/in/lcsingh"}...
[36m[apify.linkedin-profile-scraper runId:AwaxwdVhr4lT6omOA][0m -> 2026-08-25T11:18:12.296Z Starting item#4 {"query":"https://www.linkedin.com/in/thomasjordy"}...
[36m[apify.linkedin-profile-scraper runId:AwaxwdVhr4lT6omOA][0m -> 2026-08-25T11:18:12.297Z Starting item#5 {"query":"https://www.linkedin.com/in/partha-mukherjee"}...
[36m[apify.linkedin-profile-scraper runId:AwaxwdVhr4lT6omOA][0m -> 2026-08-25T11:18:12.302Z Starting item#6 {"query":"https://www.linkedin.com/in/pradeepsinha"}...
[36m[apify.linkedin-profile-scraper runId:AwaxwdVhr4lT6omOA][0m -> 2026-08-25T11:18:12.302Z Starting item#7 {"query":"https://www.linkedin.com/in/arindam-mukherjee-806679"}...
[36m[apify.linkedin-profile-scraper runId:AwaxwdVhr4lT6omOA][0m -> 2026-08-25T11:18:12.303Z Starting item#8 {"query":"https://www.linkedin.com/in/sridharmuppidi"}...
[36m[apify.linkedin-profile-scraper runId:AwaxwdVhr4lT6omOA][0m -> 2026-08-25T11:18:12.305Z Starting item#9 {"query":"https://www.linkedin.com/in/jayant-dwarkanath-b721796"}...
[36m[apify.linkedin-profile-scraper runId:AwaxwdVhr4lT6omOA][0m -> 2026-08-25T11:18:12.305Z Starting item#10 {"query":"https://www.linkedin.com/in/shantibhusan-raj-75118b14"}...
[36m[apify.linkedin-profile-scraper runId:AwaxwdVhr4lT6omOA][0m -> 2026-08-25T11:18:12.306Z Starting item#11 {"query":"https://www.linkedin.com/in/suguna-gnana-76381213"}...
[36m[apify.linkedin-profile-scraper runId:AwaxwdVhr4lT6omOA][0m -> 2026-08-25T11:18:12.307Z Starting item#12 {"query":"https://www.linkedin.com/in/venkatesh-prasanna-0a04805a"}...
[36m[apify.linkedin-profile-scraper runId:AwaxwdVhr4lT6omOA][0m -> 2026-08-25T11:18:12.308Z Starting item#13 {"query":"https://www.linkedin.com/in/sagar-jain-b5047437"}...
[36m[apify.linkedin-profile-scraper runId:AwaxwdVhr4lT6omOA][0m -> 2026-08-25T11:18:12.309Z Starting item#14 {"query":"https://www.linkedin.com/in/sapan-bhatt-06b3606"}...
[36m[apify.linkedin-profile-scraper runId:AwaxwdVhr4lT6omOA][0m -> 2026-08-25T11:18:12.309Z Starting item#15 {"query":"https://www.linkedin.com/in/yash-makavana"}...
people URLs: 327 | est. cost $1.31
run started: AwaxwdVhr4lT6omOA
  status: RUNNING
  status: RUNNING
  status: RUNNING
  status: RUNNING
  status: RUNNING
  status: RUNNING
  status: RUNNING
  status: RUNNING
  status: RUNNING
  status: RUNNING
  status: RUNNING
  status: SUCCEEDED
[36m[apify.linkedin-company runId:mOwIrLiuVRELx2mQY][0m -> Status: RUNNING, Message: 
[36m[apify.linkedin-company runId:mOwIrLiuVRELx2mQY][0m -> 2026-08-25T11:21:18.634Z [33mACTOR: [39mPulling container image of build UnDTdcMwC5bkIFKNv from registry.
[36m[apify.linkedin-company runId:mOwIrLiuVRELx2mQY][0m -> 2026-08-25T11:21:18.636Z [33mACTOR: [39mCreating container.
[36m[apify.linkedin-company runId:mOwIrLiuVRELx2mQY][0m -> 2026-08-25T11:21:18.717Z [33mACTOR: [39mStarting container.
[36m[apify.linkedin-company runId:mOwIrLiuVRELx2mQY][0m -> 2026-08-25T11:21:18.719Z [33mACTOR: [39mRunning under "LIMITED_PERMISSIONS".
[36m[apify.linkedin-company runId:mOwIrLiuVRELx2mQY][0m -> 2026-08-25T11:21:19.379Z [32mINFO[39m  System info[90m {"apifyVersion":"3.6.0","apifyClientVersion":"2.22.2","crawleeVersion":"3.16.0","osType":"Linux","nodeVersion":"v20.20.2"}[39m
[36m[apify.linkedin-company runId:mOwIrLiuVRELx2mQY][0m -> 2026-08-25T11:21:19.545Z Starting worker pool with concurrency: 16
[36m[apify.linkedin-company runId:mOwIrLiuVRELx2mQY][0m -> 2026-08-25T11:21:19.546Z Starting item#1 {"search":"https://www.linkedin.com/company/nihilent","location":""}...
[36m[apify.linkedin-company runId:mOwIrLiuVRELx2mQY][0m -> 2026-08-25T11:21:19.565Z Starting item#2 {"search":"https://www.linkedin.com/company/notetech-software","location":""}...
[36m[apify.linkedin-company runId:mOwIrLiuVRELx2mQY][0m -> 2026-08-25T11:21:19.567Z Starting item#3 {"search":"https://www.linkedin.com/search/results/all/?keywords=embedsense+solutions+private+ltd","location":""}...
[36m[apify.linkedin-company runId:mOwIrLiuVRELx2mQY][0m -> 2026-08-25T11:21:19.568Z Starting item#4 {"search":"https://www.linkedin.com/company/webmyne","location":""}...
[36m[apify.linkedin-company runId:mOwIrLiuVRELx2mQY][0m -> 2026-08-25T11:21:19.569Z Starting item#5 {"search":"https://www.linkedin.com/company/contata-solutions","location":""}...
[36m[apify.linkedin-company runId:mOwIrLiuVRELx2mQY][0m -> 2026-08-25T11:21:19.571Z Starting item#6 {"search":"https://www.linkedin.com/search/results/all/?keywords=alumnus+software+limited+and+inxite+out+pvt%2e+ltd","location":""}...
[36m[apify.linkedin-company runId:mOwIrLiuVRELx2mQY][0m -> 2026-08-25T11:21:19.572Z Starting item#7 {"search":"https://www.linkedin.com/company/getello-ai","location":""}...
[36m[apify.linkedin-company runId:mOwIrLiuVRELx2mQY][0m -> 2026-08-25T11:21:19.574Z Starting item#8 {"search":"https://www.linkedin.com/company/rejoicehubllp","location":""}...
[36m[apify.linkedin-company runId:mOwIrLiuVRELx2mQY][0m -> 2026-08-25T11:21:19.575Z Starting item#9 {"search":"https://www.linkedin.com/company/zerocodehr","location":""}...
[36m[apify.linkedin-company runId:mOwIrLiuVRELx2mQY][0m -> 2026-08-25T11:21:19.576Z Starting item#10 {"search":"https://www.linkedin.com/company/intense-technologies-ltd-","location":""}...
[36m[apify.linkedin-company runId:mOwIrLiuVRELx2mQY][0m -> 2026-08-25T11:21:19.578Z Starting item#11 {"search":"https://www.linkedin.com/company/best-of-breed-software-solutions-india-private-limited-official","location":""}...
[36m[apify.linkedin-company runId:mOwIrLiuVRELx2mQY][0m -> 2026-08-25T11:21:19.579Z Starting item#12 {"search":"https://www.linkedin.com/company/secuodsoft-technologies-private-limited","location":""}...
[36m[apify.linkedin-company runId:mOwIrLiuVRELx2mQY][0m -> 2026-08-25T11:21:19.581Z Starting item#13 {"search":"https://www.linkedin.com/company/shantiinfosoft","location":""}...
[36m[apify.linkedin-company runId:mOwIrLiuVRELx2mQY][0m -> 2026-08-25T11:21:19.582Z Starting item#14 {"search":"https://www.linkedin.com/company/splendornet-technologies","location":""}...
[36m[apify.linkedin-company runId:mOwIrLiuVRELx2mQY][0m -> 2026-08-25T11:21:19.583Z Starting item#15 {"search":"https://www.linkedin.com/company/white-valley-technologies","location":""}...
[36m[apify.linkedin-company runId:mOwIrLiuVRELx2mQY][0m -> 2026-08-25T11:21:19.585Z Starting item#16 {"search":"https://www.linkedin.com/company/pristineprotech","location":""}...
people scrape returned 327 items
people with an extractable company URL: 326/327 (99.7%)
unique company URLs: 326

company URLs: 326 | est. cost $0.98
run started: mOwIrLiuVRELx2mQY
  status: RUNNING
  status: RUNNING
  status: RUNNING
  status: RUNNING
  status: RUNNING
  status: SUCCEEDED
company scrape returned 283 items

DONE — both stages complete.
