queue 450 | already enriched 68 | in state 297 | to process 85
  [1/85] Heureux Software Solutions (P)  no decision-maker
  [2/85] Logix Built Solutions Private   no decision-maker
  [3/85] Nenosystems Consulting Service  Richa Bhadoriya       Executive Assistan  skip - no +91 mobile
  [4/85] NSS Private Limited             Ravi Arumugam         Founder and CEO     skip - no +91 mobile
  [5/85] Solis Technology Private Limit  no decision-maker
  [6/85] Naapbooks Limited               Yaman Saluja          Co-Founder          PASS
  [7/85] Yugasa Software Labs Private L  no decision-maker
  [8/85] Taasha Tech                     no decision-maker
  [9/85] Xmplar Management Solutions     Rajumohan Ramasamy    CEO                 PASS
  [10/85] Csquaretech                     no decision-maker
  [11/85] Nivida                          Nilay A. Sheth        Founder             PASS
  [12/85] Ceredox Technologies Pvt Ltd    no decision-maker
  [13/85] Supersourcing                   Kartik Sharma         Co-Founder & Direc  PASS
  [14/85] SISGAIN                         VIJAY ARORA           Director            PASS
  [15/85] Netclues                        Ashish D Kalal        Chief Technology O  PASS
  [16/85] Inextrix Technologies Pvt Ltd   Arpit Modi            Co. Founder & CEO   PASS
  [17/85] eSparkBiz Technologies Pvt. Lt  no decision-maker
  [18/85] Logzero Technologies Pvt. Ltd   Shakti Kumar          Director            PASS
  [19/85] Peerbits                        Ubaid Pisuwala        Co-Founder & CTO    PASS
  [20/85] Tangle Solutions Pvt. Ltd.      Md Danish Jamal       CEO                 skip - no +91 mobile
  [21/85] Innotical Solutions Pvt. Ltd.   Amritansh Alok        Managing Director   PASS
  [22/85] Zoyo Technology                 zoyo technology       CEO                 skip - no +91 mobile
  [23/85] Stratonik                       no decision-maker
  [24/85] Beyond Root Technology          no decision-maker
  [25/85] Habilelabs Private Limited      no decision-maker
  [26/85] Simption Tech Pvt Ltd           no decision-maker
  [27/85] Techbit Solution Pvt ltd        no decision-maker
  [28/85] EitBiz - Software, Mobile & We  no decision-maker
  [29/85] Aryush Infotech India Private   no decision-maker
  [30/85] Cserve Technologies India       no decision-maker
  [31/85] Tru Agency                      no decision-maker
  [32/85] Mrmmbs Vision                   no decision-maker
  [33/85] Pcsoft ERP Solutions            sateesh jain          managing director   skip - no +91 mobile
  [34/85] Sky Productivity                Aakash Patel          Managing Director   PASS
  [35/85] Launchship Technology Solution  Jay` Shetty           CEO                 PASS
  [36/85] Cariva Technologies             no decision-maker
  [37/85] Apporio Infolabs Pvt Ltd        Keshav Goyal          Chief Executive Of  skip - no +91 mobile
  [38/85] Vistaura                        Rahul Taneja          Founder             PASS
  [39/85] Venkanna Software Services Pri  no decision-maker
  [40/85] Webcraft IT                     Arihant Jain          Founder             PASS
  [41/85] Xebia IT Architects India Priv  no decision-maker
  [42/85] Mahiruho Consulting Services P  no decision-maker
  [43/85] VBeyond Corp (Vision Beyond Re  no decision-maker
  [44/85] Abacus Consultancy Services (I  HR Abacus Consultanc  CEO & Founder       skip - no +91 mobile
  [45/85] srushty Global Inc              no decision-maker
  [46/85] Techcronus Business Solutions   no decision-maker
  [47/85] LinkedIn Technology Informatio  no decision-maker
  [48/85] Asenext (India) Private Limite  no decision-maker
  [49/85] Infinit Solutions - Custom Sof  no decision-maker
  [50/85] QR Solutions (India) Private L  no decision-maker
  [51/85] Adaps IT Private Limited        no decision-maker
  [52/85] Techpapa                        Alok Upadhyay         Co-Founder          PASS
  [53/85] Kasadara Technology Solutions   no decision-maker
  [54/85] Cloud Odyssey                   Chaitanya Bollamredd  Co-Founder          PASS
  [55/85] BestPeers Infosystem Private L  no decision-maker
  [56/85] Infomerica (INDIA) Private Lim  no decision-maker
  [57/85] PTS Systems & Solutions Pvt. L  Sacchin V Dhane       Chief Executive Of  PASS
  [58/85] Minivet System LLP              Minivet System LLP    Owner               skip - no +91 mobile
  [59/85] Rlogical Techsoft pvt ltd.      Rahul Panchal         Managing Director   PASS
  [60/85] SiamComputing                   no decision-maker
  [61/85] KMTEQ                           Manavalan Karunanith  Founder & CEO       PASS
  [62/85] Samyak Infotech Pvt.Ltd         no decision-maker
  [63/85] KTree Computer Solutions India  no decision-maker
  [64/85] Entiovi Technologies Private L  no decision-maker
  [65/85] ASM Technologies Ltd            Akhil Rabindra        Executive Director  skip - no +91 mobile
  [66/85] Lexplosion Solutions Pvt Ltd    no decision-maker
  [67/85] Tenup Software Services         Zuber Bhatuk          CTO and Co-Founder  PASS
  [68/85] Mobikasa Inc                    no decision-maker
  [69/85] Alphonic Network Solutions Pvt  Mohit Sharma          Founder & Chief Op  PASS
  [70/85] Cirkle Studio Pvt. Ltd.         Chirag Patel          Co-Founder          skip - no +91 mobile
  [71/85] Webvio Technologies Private Li  no decision-maker
  [72/85] VerveLogic                      no decision-maker
  [73/85] Web N Soft Solution             no decision-maker
  [74/85] iFour Technolab Pvt. Ltd.       Vinod Satapara        Co-Founder and CTO  PASS
  [75/85] Variance InfoTech Pvt Ltd       Rahul Patel           Chief Executive Of  PASS
  [76/85] SYNARION IT SOLUTIONS           Manoj Sharma          CTO                 skip - no +91 mobile
  [77/85] Itarium Technologies India Pri  no decision-maker
  [78/85] Adaan Digital Solutions Privat  no decision-maker
  [79/85] Mariox Software                 Tripta Mittal         Founder             PASS
  [80/85] Gsquare Web Technologies Pvt L  no decision-maker
  [81/85] FourKites India Private Limite  no decision-maker
  [82/85] eComStreet Inc.                 no decision-maker
  [83/85] Excellis IT Pvt.Ltd             no decision-maker
  [84/85] Sabre Travel Technologies Priv  no decision-maker
  [85/85] Encodedots Technolabs Pvt Ltd   no decision-maker

raw search log: 85 calls | 30 returned ZERO profiles (35%) -> searchq_raw_log.json

gates: {'no decision-maker found': 173, 'PASS': 132, 'skip - no +91 mobile': 77}
PASS ready to push: 24
   NEW [74] Naapbooks Limited             Yaman Saluja -> Lamiya
   NEW [75] Xmplar Management Solutions   Rajumohan Ramasamy -> Lamiya
   NEW [76] Nivida                        Nilay A. Sheth -> Lamiya
   NEW [77] Supersourcing                 Kartik Sharma -> Lamiya
   NEW [78] SISGAIN                       VIJAY ARORA -> Lamiya
   NEW [79] Netclues                      Ashish D Kalal -> Lamiya
   NEW [80] Inextrix Technologies Pvt Lt  Arpit Modi -> Lamiya
   NEW [81] Logzero Technologies Pvt. Lt  Shakti Kumar -> Yuktha
   NEW [82] Peerbits                      Ubaid Pisuwala -> Yuktha
   NEW [83] Innotical Solutions Pvt. Ltd  Amritansh Alok -> Yuktha
   NEW [84] Sky Productivity              Aakash Patel -> Yuktha
   NEW [85] Launchship Technology Soluti  Jay` Shetty -> Yuktha
   NEW [86] Vistaura                      Rahul Taneja -> Yuktha
   NEW [87] Webcraft IT                   Arihant Jain -> Yuktha
   NEW [88] Techpapa                      Alok Upadhyay -> Yuktha
   NEW [89] Cloud Odyssey                 Chaitanya Bollamre -> Yuktha
   NEW [90] PTS Systems & Solutions Pvt.  Sacchin V Dhane -> Yuktha
   NEW [91] Rlogical Techsoft pvt ltd.    Rahul Panchal -> Lamiya
   NEW [92] KMTEQ                         Manavalan Karunani -> Lamiya
   NEW [93] Tenup Software Services       Zuber Bhatuk -> Lamiya
   NEW [94] Alphonic Network Solutions P  Mohit Sharma -> Lamiya
   NEW [95] iFour Technolab Pvt. Ltd.     Vinod Satapara -> Lamiya
   NEW [96] Variance InfoTech Pvt Ltd     Rahul Patel -> Lamiya
   NEW [97] Mariox Software               Tripta Mittal -> Lamiya

new 24, updated 0, failed 0 | totals Yuktha 68, Lamiya 64
