[2026-08-27 11:56:36] sent to aimnprojects@gmail.com (AIMN PROJECTS PRIVATE LIMITED) via gmail_oauth | today: 1/18 | total: 1/41
[2026-08-27 15:34:22] sent to mahesh@eestaskprojects.com (Excel Engineering Services) via gmail_oauth | today: 2/18 | total: 2/41
[2026-08-27 15:42:44] sent to raju.shah@rishabhsoft.com (Rishabh Engineering Services) via gmail_oauth | today: 3/18 | total: 3/41
[2026-08-27 15:51:06] sent to jatin@vcareengineering.com (VCARE ENGINEERING PVT LTD) via gmail_oauth | today: 4/18 | total: 4/41
[2026-08-27 15:59:28] sent to rvsadept@hotmail.com (Adept Consultants & Engineers) via gmail_oauth | today: 5/18 | total: 5/41
[2026-08-27 16:48:14] sent to vadi_vishal@yahoo.com (VIE ENGINEERS) via gmail_oauth | today: 6/18 | total: 6/41
[2026-08-27 16:58:23] sent to desolcranes@gmail.com (Associated Engineers) via gmail_oauth | today: 7/18 | total: 7/41
[2026-08-27 17:06:46] sent to annuparihar@gmail.com (Aspire Designs) via gmail_oauth | today: 8/18 | total: 8/41
[2026-08-27 17:43:59] sent to mehtatatparya@gmail.com (Proficient Engineering) via gmail_oauth | today: 9/18 | total: 9/41
[2026-08-27 17:52:21] sent to pawarpankaj10102@gmail.com (M CAD Designers) via gmail_oauth | today: 10/18 | total: 10/41
[2026-08-27 18:00:41] outside business hours (18:00 IST) - skipping
[2026-08-27 18:09:02] outside business hours (18:00 IST) - skipping
[2026-08-27 18:32:44] outside business hours (18:00 IST) - skipping
[2026-08-27 19:04:35] outside business hours (19:00 IST) - skipping
[2026-08-27 20:58:34] outside business hours (20:00 IST) - skipping
[2026-08-27 21:06:54] outside business hours (21:00 IST) - skipping
[2026-08-27 21:15:14] outside business hours (21:00 IST) - skipping
[2026-08-27 21:23:35] outside business hours (21:00 IST) - skipping
[2026-08-27 21:31:55] outside business hours (21:00 IST) - skipping
[2026-08-27 21:40:15] outside business hours (21:00 IST) - skipping
[2026-08-27 21:48:35] outside business hours (21:00 IST) - skipping
